06-07 13:18:28.482   916  1618 I PowerManagerService: setBrightness mButtonLight 0.
06-07 13:18:28.482   916  1618 D PowerManagerService: updateDisplayPowerStateLocked: mDisplayReady=true, policy=3, mWakefulness=1, mWakeLockSummary=0x23, mUserActivitySummary=0x4, mBootCompleted=true, mScreenBrightnessBoostInProgress=false
06-07 13:18:28.841   916  1654 D CSLegacyTypeTracker: getNetworkForType type 0
06-07 13:18:28.841   916  1654 D CSLegacyTypeTracker: getNetworkForType type 1
06-07 13:18:28.841   916  1654 D CSLegacyTypeTracker: getNetworkForType type 2
06-07 13:18:28.841   916  1654 D CSLegacyTypeTracker: getNetworkForType type 3
06-07 13:18:28.841   916  1654 D CSLegacyTypeTracker: getNetworkForType type 4
06-07 13:18:28.841   916  1654 D CSLegacyTypeTracker: getNetworkForType type 5
06-07 13:18:28.841   916  1654 D CSLegacyTypeTracker: getNetworkForType type 7
06-07 13:18:28.841   916  1654 D CSLegacyTypeTracker: getNetworkForType type 10
06-07 13:18:28.841   916  1654 D CSLegacyTypeTracker: getNetworkForType type 11
06-07 13:18:28.841   916  1654 D CSLegacyTypeTracker: getNetworkForType type 12
06-07 13:18:28.841   916  1654 D CSLegacyTypeTracker: getNetworkForType type 14
06-07 13:18:28.841   916  1654 D CSLegacyTypeTracker: getNetworkForType type 15
06-07 13:18:28.841   916  1654 D CSLegacyTypeTracker: getNetworkForType type 17
06-07 13:18:28.842   916  1654 D CSLegacyTypeTracker: getNetworkForType type 34
06-07 13:18:28.842   916  1654 D CSLegacyTypeTracker: getNetworkForType type 35
06-07 13:18:28.842   916  1654 D CSLegacyTypeTracker: getNetworkForType type 36
06-07 13:18:28.842   916  1654 D CSLegacyTypeTracker: getNetworkForType type 37
06-07 13:18:28.842   916  1654 D CSLegacyTypeTracker: getNetworkForType type 38
06-07 13:18:28.842   916  1654 D CSLegacyTypeTracker: getNetworkForType type 40
06-07 13:18:28.842   916  1654 D CSLegacyTypeTracker: getNetworkForType type 41
06-07 13:18:28.842   916  1654 D CSLegacyTypeTracker: getNetworkForType type 42
06-07 13:18:28.842   916  1654 D CSLegacyTypeTracker: getNetworkForType type 49
06-07 13:18:28.843   916  1659 D CSLegacyTypeTracker: getNetworkForType type 0
06-07 13:18:28.843   916  1659 D CSLegacyTypeTracker: getNetworkForType type 1
06-07 13:18:28.843   916  1659 D CSLegacyTypeTracker: getNetworkForType type 2
06-07 13:18:28.843   916  1659 D CSLegacyTypeTracker: getNetworkForType type 3
06-07 13:18:28.843   916  1659 D CSLegacyTypeTracker: getNetworkForType type 4
06-07 13:18:28.843   916  1659 D CSLegacyTypeTracker: getNetworkForType type 5
06-07 13:18:28.843   916  1659 D CSLegacyTypeTracker: getNetworkForType type 7
06-07 13:18:28.843   916  1659 D CSLegacyTypeTracker: getNetworkForType type 10
06-07 13:18:28.843   916  1659 D CSLegacyTypeTracker: getNetworkForType type 11
06-07 13:18:28.843   916  1659 D CSLegacyTypeTracker: getNetworkForType type 12
06-07 13:18:28.843   916  1659 D CSLegacyTypeTracker: getNetworkForType type 14
06-07 13:18:28.843   916  1659 D CSLegacyTypeTracker: getNetworkForType type 15
06-07 13:18:28.843   916  1659 D CSLegacyTypeTracker: getNetworkForType type 17
06-07 13:18:28.844   916  1659 D CSLegacyTypeTracker: getNetworkForType type 34
06-07 13:18:28.844   916  1659 D CSLegacyTypeTracker: getNetworkForType type 35
06-07 13:18:28.844   916  1659 D CSLegacyTypeTracker: getNetworkForType type 36
06-07 13:18:28.844   916  1659 D CSLegacyTypeTracker: getNetworkForType type 37
06-07 13:18:28.844   916  1659 D CSLegacyTypeTracker: getNetworkForType type 38
06-07 13:18:28.844   916  1659 D CSLegacyTypeTracker: getNetworkForType type 40
06-07 13:18:28.844   916  1659 D CSLegacyTypeTracker: getNetworkForType type 41
06-07 13:18:28.844   916  1659 D CSLegacyTypeTracker: getNetworkForType type 42
06-07 13:18:28.844   916  1659 D CSLegacyTypeTracker: getNetworkForType type 49
06-07 13:18:29.727  1577  1577 W ContextImpl: Calling a method in the system process without a qualified user: android.app.ContextImpl.sendBroadcast:768 android.content.ContextWrapper.sendBroadcast:396 com.spt.carengine.manager.TemperatureManager.sendBroadcastReachCameraTemp:336 com.spt.carengine.manager.TemperatureManager.setNetWorkType:288 com.spt.carengine.manager.TemperatureManager.handleMTK6735PlatformTemperature:168 
06-07 13:18:29.727   916  1679 V ActivityManager: Broadcast: Intent { act=com.spt.carengine.REACH_CAMERA_TEMP flg=0x10 (has extras) } ordered=false userid=0 callerApp=ProcessRecord{fdb6dd6 1577:com.spt.carengine.tools/1000}
06-07 13:18:30.073   916  1679 D ConnectivityService: getActiveNetworkInfo networkInfo = [type: WIFI[], state: CONNECTED/CONNECTED, reason: (unspecified), extra: "AIspeech-Mobile", roaming: false, failover: false, isAvailable: true]
06-07 13:18:30.075   916  1619 D ConnectivityService: getActiveNetworkInfo networkInfo = [type: WIFI[], state: CONNECTED/CONNECTED, reason: (unspecified), extra: "AIspeech-Mobile", roaming: false, failover: false, isAvailable: true]
06-07 13:18:30.076   916  1618 D ConnectivityService: getActiveNetworkInfo networkInfo = [type: WIFI[], state: CONNECTED/CONNECTED, reason: (unspecified), extra: "AIspeech-Mobile", roaming: false, failover: false, isAvailable: true]
06-07 13:18:30.078   916  1707 D ConnectivityService: getActiveNetworkInfo networkInfo = [type: WIFI[], state: CONNECTED/CONNECTED, reason: (unspecified), extra: "AIspeech-Mobile", roaming: false, failover: false, isAvailable: true]
--------- beginning of main
06-07 13:18:30.138   336  3446 I iio/pathp2: [config] +,CamPathPass2:tdri(1),dupCqIdx(1),burstQueIdx(0)
06-07 13:18:30.138   336  3446 I iio/pathp2: [config] cq(9),drvScenario(6),hwScenario(6),sub_mode(0) p2_en(0x18000720),p2_dma(0x00400001),burstQueIdx(0)
06-07 13:18:30.138   336  3446 I iio/ifunc: [_config] [P2]en(0x18000720),EnDma(0x00400001),ctlSel(0x00001648),intEn(0x00000000),fmtSel(0x00000212),cqEn(0x00000002)
06-07 13:18:30.138   336  3446 I iio/ifunc: [_enable] path(32),start(2),isP2IspOnly(0),dupCqIdx(1),burstQueIdx(0),SCEN(6)
06-07 13:18:30.138   336  3446 I MdpMgr  : {MdpMgr} [startMdp] +,cqIndx(9),sceID(6),cqPA(0x1b07540),tpipVa(0xec265000),tpipPa(0x2000000),isWaitBuf(1),venc(0)
06-07 13:18:30.138   336  3446 I MdpMgr  : {MdpMgr} [_startMdp] QQ idx[0]_src_crop(1/1) : X(0),FloatX(0),Y(0),FloatY(0),W(1280),H(720)
06-07 13:18:30.138   336  3446 I MdpMgr  : {MdpMgr} [_startMdp] index(0),capbility(3),fmt(51644520),rot(0),flip(0),(w,h,s)=(1280,720,1280),C(w,h,s)=(640,360,640),V(w,h,s)=(640,360,640),dpStreamtype(1),mdpindx(0)
06-07 13:18:30.138   336  3446 I MdpMgr  : {MdpMgr} [_startMdp] dstSizeList=(0x   e1000,0x   38400,0x   38400),dstVirList=(0xe0407000,0xe04e8000,0xe0520400),dstPhyList=(0x 4f00000,0x 4fe1000,0x 5019400),plane num(2)
06-07 13:18:30.139   336  3447 D MDP     : DpEngine_TDSHP: onConfigFrame in ISP scenario: inParam.inISOSpeed = 0
06-07 13:18:30.139   336  3310 D aaa_hal_yuv/3Athread: [onThreadLoop] waitVSirq done.
06-07 13:18:30.139   336  3310 D SeninfDrvImp: [getInstance][getInstance] 
06-07 13:18:30.140   336  3310 D SeninfDrvImp: [getInstance][getInstance] 
06-07 13:18:30.140   336  3310 D SeninfDrvImp: [getInstance][getInstance] 
06-07 13:18:30.140   336  3310 I TuningMgr: [byPassSetting] +,scenario(15),MagicNum(202184)
06-07 13:18:30.140   336  3310 I IspDrv  : {IspDrv} [bypassTuningQue] +,softScenario(15),magicNum(0x315c8)
06-07 13:18:30.140   336  3310 I IspDrv  : {IspDrv} [bypassTuningQue] p2Cq(1),pre-curWriteIdx(44),next-curWriteIdx(45)
06-07 13:18:30.140   336  3446 I MdpMgr  : {MdpMgr} [_startMdp] -
06-07 13:18:30.140   336  3410 I Iop/P2PPWp.TD: [dequeueJudgement] +
06-07 13:18:30.140   336  3410 I MdpMgr  : {MdpMgr} [dequeueBuf] +,cqIndx(9),sceID(6),deqIndex(1),isWaitBuf(1)
06-07 13:18:30.144   336  3410 I iio/ppp : [dequeInBuf] dequeInBuf:tid(3410),dequeCq(9),PortID:(type, index, inout, timeout)=(0, 4, 0, -1)
06-07 13:18:30.144   336  3410 I MdpMgr  : {MdpMgr} [dequeueBuf] +,cqIndx(9),sceID(6),deqIndex(0),isWaitBuf(1)
06-07 13:18:30.144   336  3410 I Iop/P2PPWp.TD: [doDequeue] FmvOut(0x4f00000),dCq(9/1)
06-07 13:18:30.144   336  3410 D MtkCam/FeaturePipe: [performCallback] FeatureGraph callback FrameNo(202182)
06-07 13:18:30.144   336  3410 I iio/ifunc: [enqueueHwBuf] pass1d:dma(9),id(0),size(0x1c2000),VA(0xe12ff000),PA(0x3400000),S/C(0/0),bufidx(0),bImdMode(0)
06-07 13:18:30.144   336  3410 I Iop/P2PPWp.TD: [doDequeue] -,cb(307 us)
06-07 13:18:30.145   483  2623 E AKMD2   : CalcAngularRate:1121 Error.
06-07 13:18:30.145   483  2623 E AKMD2   : MeasureSNGLoop:646 Error.
06-07 13:18:30.147   336  3409 I iio/ifunc: [dequeueHwBuf] pass1:i(0),dma(4),id(0x0),size(0x3ba480),xsize(0xe9f),VA(0xe266c000),PA(0x2700000),crop(0x0,0x0,0xea0,0x414),count(1),cur sof(164),frm_cnt(163),mag(0x3a38b),rawType(0)
06-07 13:18:30.147   336  3409 D NormalPipe: [MyDeQ:0]PortId(13),va=0xe266c000,BufHeader=0xeb5c5dc0,PixelId=0, MNum=0x3a38b, rrzDstSz=0,0,rrzSrcSz=0,0
06-07 13:18:30.147   336  3409 D aaa_hal_yuv/3Athread: mCmdQ size(0) + cmd(10) magic(238477)
06-07 13:18:30.147   336  3409 D EisHal  : [DoEis]EisIn(1868,1040),P1T(1556,866)
06-07 13:18:30.147   336  3394 D aaa_hal_yuv/3Athread: CmdQ-size(1), todo(10, 238477)
06-07 13:18:30.148   336  3409 D EisHal  : [PrepareEisResult]cmvX(41411),cmvY(29014)
06-07 13:18:30.148   336  3409 D EisHal  : [PrepareEisResult]X(161,1635778560),Y(113,721420288)
06-07 13:18:30.148   336  3409 D EisHal  : [SaveEisResultForP2]too much unused data
06-07 13:18:30.148   336  3409 I iio/ifunc: [waitBufReady] waitBufReady[4]:[1,ffffffff] rtBufCtrl.ctrl(4)/id(4)/ptr(0x0)
06-07 13:18:30.148   336  3412 I Drv/IMem: Drv/IMem[mapPhyAddr] mID(0x2b),size(0xe1000),VA(xe3a9e000),PA(0x3000000),S/C(0/0)
06-07 13:18:30.148   336  3412 I Drv/IMem: Drv/IMem[mapPhyAddr] mID(0x2b),size(0x38400),VA(xe3b7f000),PA(0x3000000),S/C(0/0)
06-07 13:18:30.148   336  3412 I Drv/IMem: Drv/IMem[mapPhyAddr] mID(0x2b),size(0x38400),VA(xe3bb7400),PA(0x3000000),S/C(0/0)
06-07 13:18:30.148   336  3412 D MtkCam/FeaturePipe: [enqueFeatureGraph] FrameNo(238475)
06-07 13:18:30.148   336  3412 I Iop/P2PPWp: [enque] bufPackageNum(1),misV3(0),magic(1),tuningData(0)
06-07 13:18:30.148   336  3412 I Iop/P2PPWp: [enque] dmaEnPort(0x00008001),featureEntag (0x0),q(0)
06-07 13:18:30.148   336  3412 I iio/ppp : [configPipe] vInPorts:[0]:(0x14),w(1872),h(1044),stride(3744,0,0),type(0),idx(4),dir(0),Size(0x003ba480,0x00000000,0x00000000),VA(0xe266c000,0x00000000,0x00000000),PA(0x02700000,0x00000000,0x00000000),memID(0x101,0x0,0x0),magicNum(0x3a38b)
06-07 13:18:30.148   336  3412 I iio/ppp : [configPipe] [Imgi][crop_1](x,f_x,y,f_y)=(0,0,0,0),(w,h,tarW,tarH)=(1872,1044,1872,1044)-[crop_2](x,f_x,y,f_y)=(8,0,0,0),(w,h,tarW,tarH)=(1856,1044,1856,1044)-[crop_3](x,f_x,y,f_y)=(0,0,0,0),(w,h,tarW,tarH)=(1872,1044,1872,1044),pass2_CQ(8),dupCqIdx(1)
06-07 13:18:30.149   336  3412 I iio/ppp : [configPipe] vOutPorts:[0]:(0x32315659),w(1280),h(720),stride(1280,640,640),type(0),idx(31),dir(1),Size(0x000e1000,0x00038400,0x00038400),VA(0xe3a9e000,0xe3b7f000,0xe3bb7400),PA(0x03000000,0x030e1000,0x03119400),memID(0x2b,0x2b,0x2b)
06-07 13:18:30.149   336  3412 I iio/ppp : [configPipe] drvScenario(6),mdpCheck1(1),mdpCheck2(0),crop1TableIdx(1)
06-07 13:18:30.149   336  3412 I iio/ppp : [configPipe] Pass(0),imgi.fmt(0x14),meScenarioID(6),isCropG1En(0),m_CrzEn(0),mdpSrcFmt(0x14),mdp_src(1872,1044,3744,0),en_p2_dma(0x00400001),crop1TableIdx(1),mdpCheck1(1),mdpCheck2(0),drvScenario(6),tcm_en(0x0)
06-07 13:18:30.149   336  3412 I iio/pathp2: [config] +,CamPathPass2:tdri(1),dupCqIdx(1),burstQueIdx(0)
06-07 13:18:30.149   336  3412 I iio/pathp2: [config] cq(8),drvScenario(6),hwScenario(6),sub_mode(0) p2_en(0x18000720),p2_dma(0x00400001),burstQueIdx(0)
06-07 13:18:30.149   336  3412 I iio/ifunc: [_config] [P2]en(0x18000720),EnDma(0x00400001),ctlSel(0x00001648),intEn(0x00000000),fmtSel(0x00000212),cqEn(0x00000001)
06-07 13:18:30.149   336  3412 I iio/ifunc: [_enable] path(16),start(1),isP2IspOnly(0),dupCqIdx(1),burstQueIdx(0),SCEN(6)
06-07 13:18:30.149   336  3412 I MdpMgr  : {MdpMgr} [startMdp] +,cqIndx(8),sceID(6),cqPA(0x1b07110),tpipVa(0xec291000),tpipPa(0x1e00000),isWaitBuf(1),venc(0)
06-07 13:18:30.149   336  3412 I MdpMgr  : {MdpMgr} [_startMdp] QQ idx[0]_src_crop(1/1) : X(8),FloatX(0),Y(0),FloatY(0),W(1856),H(1044)
06-07 13:18:30.149   336  3412 I MdpMgr  : {MdpMgr} [_startMdp] index(0),capbility(3),fmt(51644520),rot(0),flip(0),(w,h,s)=(1280,720,1280),C(w,h,s)=(640,360,640),V(w,h,s)=(640,360,640),dpStreamtype(1),mdpindx(0)
06-07 13:18:30.149   336  3412 I MdpMgr  : {MdpMgr} [_startMdp] dstSizeList=(0x   e1000,0x   38400,0x   38400),dstVirList=(0xe3a9e000,0xe3b7f000,0xe3bb7400),dstPhyList=(0x 3000000,0x 30e1000,0x 3119400),plane num(2)
06-07 13:18:30.150   336  3394 D aaa_hal_yuv/3Athread: [onThreadLoop] waitVSirq done.
06-07 13:18:30.150   336  3394 D SeninfDrvImp: [getInstance][getInstance] 
06-07 13:18:30.280   916  1019 V ActivityManager: Broadcast sticky: Intent { act=android.net.wifi.RSSI_CHANGED flg=0x4000010 (has extras) } ordered=false userid=-1 callerApp=ProcessRecord{4075df3 916:system/1000}
06-07 13:18:30.318   336  3412 I iio/ppp : [configPipe] vOutPorts:[0]:(0x32315659),w(1280),h(720),stride(1280,640,640),type(0),idx(31),dir(1),Size(0x000e1000,0x00038400,0x00038400),VA(0xe32dd000,0xe33be000,0xe33f6400),PA(0x04100000,0x041e1000,0x04219400),memID(0x32,0x32,0x32)
06-07 13:18:30.318   336  3412 I iio/ppp : [configPipe] drvScenario(6),mdpCheck1(1),mdpCheck2(0),crop1TableIdx(1)
06-07 13:18:30.318   336  3412 I iio/ppp : [configPipe] Pass(0),imgi.fmt(0x14),meScenarioID(6),isCropG1En(0),m_CrzEn(0),mdpSrcFmt(0x14),mdp_src(1872,1044,3744,0),en_p2_dma(0x00400001),crop1TableIdx(1),mdpCheck1(1),mdpCheck2(0),drvScenario(6),tcm_en(0x0)
06-07 13:18:30.338   336  3446 I iio/ifunc: [_enable] path(32),start(2),isP2IspOnly(0),dupCqIdx(0),burstQueIdx(0),SCEN(6)
06-07 13:18:30.338   336  3446 I MdpMgr  : {MdpMgr} [startMdp] +,cqIndx(9),sceID(6),cqPA(0x1b068b0),tpipVa(0xec27b000),tpipPa(0x1f00000),isWaitBuf(1),venc(0)
06-07 13:18:30.339   336  3446 I MdpMgr  : {MdpMgr} [_startMdp] QQ idx[0]_src_crop(1/1) : X(0),FloatX(0),Y(0),FloatY(0),W(1280),H(720)
06-07 13:18:30.339   336  3446 I MdpMgr  : {MdpMgr} [_startMdp] index(0),capbility(3),fmt(51644520),rot(0),flip(0),(w,h,s)=(1280,720,1280),C(w,h,s)=(640,360,640),V(w,h,s)=(640,360,640),dpStreamtype(1),mdpindx(0)
06-07 13:18:30.339   336  3446 I MdpMgr  : {MdpMgr} [_startMdp] dstSizeList=(0x   e1000,0x   38400,0x   38400),dstVirList=(0xe06bb000,0xe079c000,0xe07d4400),dstPhyList=(0x 4b00000,0x 4be1000,0x 4c19400),plane num(2)
06-07 13:18:30.339   336  3447 D MDP     : DpEngine_TDSHP: onConfigFrame in ISP scenario: inParam.inISOSpeed = 0
06-07 13:18:30.340   336  3446 I MdpMgr  : {MdpMgr} [_startMdp] -
06-07 13:18:30.340   336  3410 I Iop/P2PPWp.TD: [dequeueJudgement] +
06-07 13:18:30.340   336  3410 I MdpMgr  : {MdpMgr} [dequeueBuf] +,cqIndx(9),sceID(6),deqIndex(1),isWaitBuf(1)
06-07 13:18:30.343   483  2623 E AKMD2   : CalcAngularRate:1121 Error.
06-07 13:18:30.343   483  2623 E AKMD2   : MeasureSNGLoop:646 Error.
06-07 13:18:30.344   336  3410 I iio/ppp : [dequeInBuf] dequeInBuf:tid(3410),dequeCq(9),PortID:(type, index, inout, timeout)=(0, 4, 0, -1)
06-07 13:18:30.344   336  3410 I MdpMgr  : {MdpMgr} [dequeueBuf] +,cqIndx(9),sceID(6),deqIndex(0),isWaitBuf(1)
06-07 13:18:30.344   336  3410 I Iop/P2PPWp.TD: [doDequeue] FmvOut(0x4b00000),dCq(9/0)
06-07 13:18:30.344   336  3410 D MtkCam/FeaturePipe: [performCallback] FeatureGraph callback FrameNo(202187)
06-07 13:18:30.344   336  3410 I iio/ifunc: [enqueueHwBuf] pass1d:dma(9),id(0),size(0x1c2000),VA(0xe0e21000),PA(0x3a00000),S/C(0/0),bufidx(2),bImdMode(0)
06-07 13:18:30.344   336  3410 I Iop/P2PPWp.TD: [doDequeue] -,cb(256 us)
06-07 13:18:30.349   336  3409 I iio/ifunc: [dequeueHwBuf] pass1:i(0),dma(4),id(0x0),size(0x3ba480),xsize(0xe9f),VA(0xe266c000),PA(0x2700000),crop(0x0,0x0,0xea0,0x414),count(1),cur sof(171),frm_cnt(169),mag(0x3a390),rawType(0)
06-07 13:18:30.349   336  3409 D NormalPipe: [MyDeQ:0]PortId(13),va=0xe266c000,BufHeader=0xeb5c5dc0,PixelId=0, MNum=0x3a390, rrzDstSz=0,0,rrzSrcSz=0,0
06-07 13:18:30.349   336  3409 D aaa_hal_yuv/3Athread: mCmdQ size(0) + cmd(10) magic(238482)
06-07 13:18:30.349   336  3409 D EisHal  : [DoEis]EisIn(1868,1040),P1T(1556,866)
06-07 13:18:30.349   336  3409 D EisHal  : [PrepareEisResult]cmvX(41411),cmvY(29014)
06-07 13:18:30.349   336  3409 D EisHal  : [PrepareEisResult]X(161,1635778560),Y(113,721420288)
06-07 13:18:30.349   336  3409 D EisHal  : [SaveEisResultForP2]too much unused data
06-07 13:18:30.350   336  3409 I iio/ifunc: [waitBufReady] waitBufReady[4]:[1,ffffffff] rtBufCtrl.ctrl(4)/id(4)/ptr(0x0)
06-07 13:18:30.350   336  3394 D aaa_hal_yuv/3Athread: CmdQ-size(1), todo(10, 238482)
06-07 13:18:30.350   336  3412 I Drv/IMem: Drv/IMem[mapPhyAddr] mID(0x115),size(0xe1000),VA(xe11a5000),PA(0x4300000),S/C(0/0)
06-07 13:18:30.350   336  3412 I Drv/IMem: Drv/IMem[mapPhyAddr] mID(0x115),size(0x38400),VA(xe1286000),PA(0x4300000),S/C(0/0)
06-07 13:18:30.350   336  3412 I Drv/IMem: Drv/IMem[mapPhyAddr] mID(0x115),size(0x38400),VA(xe12be400),PA(0x4300000),S/C(0/0)
06-07 13:18:30.351   336  3412 D MtkCam/FeaturePipe: [enqueFeatureGraph] FrameNo(238480)
06-07 13:18:30.351   336  3412 I Iop/P2PPWp: [enque] bufPackageNum(1),misV3(0),magic(1),tuningData(0)
06-07 13:18:30.351   336  3412 I Iop/P2PPWp: [enque] dmaEnPort(0x00008001),featureEntag (0x0),q(0)
06-07 13:18:30.351   336  3412 I iio/ppp : [configPipe] vInPorts:[0]:(0x14),w(1872),h(1044),stride(3744,0,0),type(0),idx(4),dir(0),Size(0x003ba480,0x00000000,0x00000000),VA(0xe266c000,0x00000000,0x00000000),PA(0x02700000,0x00000000,0x00000000),memID(0x101,0x0,0x0),magicNum(0x3a390)
06-07 13:18:30.351   336  3412 I iio/ppp : [configPipe] [Imgi][crop_1](x,f_x,y,f_y)=(0,0,0,0),(w,h,tarW,tarH)=(1872,1044,1872,1044)-[crop_2](x,f_x,y,f_y)=(8,0,0,0),(w,h,tarW,tarH)=(1856,1044,1856,1044)-[crop_3](x,f_x,y,f_y)=(0,0,0,0),(w,h,tarW,tarH)=(1872,1044,1872,1044),pass2_CQ(8),dupCqIdx(1)
06-07 13:18:30.351   336  3412 I iio/ppp : [configPipe] vOutPorts:[0]:(0x32315659),w(1280),h(720),stride(1280,640,640),type(0),idx(31),dir(1),Size(0x000e1000,0x00038400,0x00038400),VA(0xe11a5000,0xe1286000,0xe12be400),PA(0x04300000,0x043e1000,0x04419400),memID(0x115,0x115,0x115)
06-07 13:18:30.351   336  3412 I iio/ppp : [configPipe] drvScenario(6),mdpCheck1(1),mdpCheck2(0),crop1TableIdx(1)
06-07 13:18:30.351   336  3412 I iio/ppp : [configPipe] Pass(0),imgi.fmt(0x14),meScenarioID(6),isCropG1En(0),m_CrzEn(0),mdpSrcFmt(0x14),mdp_src(1872,1044,3744,0),en_p2_dma(0x00400001),crop1TableIdx(1),mdpCheck1(1),mdpCheck2(0),drvScenario(6),tcm_en(0x0)
06-07 13:18:30.351   336  3412 I iio/pathp2: [config] +,CamPathPass2:tdri(1),dupCqIdx(1),burstQueIdx(0)
06-07 13:18:30.351   336  3412 I iio/pathp2: [config] cq(8),drvScenario(6),hwScenario(6),sub_mode(0) p2_en(0x18000720),p2_dma(0x00400001),burstQueIdx(0)
06-07 13:18:30.352   336  3412 I iio/ifunc: [_config] [P2]en(0x18000720),EnDma(0x00400001),ctlSel(0x00001648),intEn(0x00000000),fmtSel(0x00000212),cqEn(0x00000001)
06-07 13:18:30.352   336  3412 I iio/ifunc: [_enable] path(16),start(1),isP2IspOnly(0),dupCqIdx(1),burstQueIdx(0),SCEN(6)
06-07 13:18:30.352   336  3412 I MdpMgr  : {MdpMgr} [startMdp] +,cqIndx(8),sceID(6),cqPA(0x1b07110),tpipVa(0xec291000),tpipPa(0x1e00000),isWaitBuf(1),venc(0)
06-07 13:18:30.352   336  3412 I MdpMgr  : {MdpMgr} [_startMdp] QQ idx[0]_src_crop(1/1) : X(8),FloatX(0),Y(0),FloatY(0),W(1856),H(1044)
06-07 13:18:30.352   336  3412 I MdpMgr  : {MdpMgr} [_startMdp] index(0),capbility(3),fmt(51644520),rot(0),flip(0),(w,h,s)=(1280,720,1280),C(w,h,s)=(640,360,640),V(w,h,s)=(640,360,640),dpStreamtype(1),mdpindx(0)
06-07 13:18:30.352   336  3412 I MdpMgr  : {MdpMgr} [_startMdp] dstSizeList=(0x   e1000,0x   38400,0x   38400),dstVirList=(0xe11a5000,0xe1286000,0xe12be400),dstPhyList=(0x 4300000,0x 43e1000,0x 4419400),plane num(2)
06-07 13:18:30.353   336  3447 D MDP     : DpEngine_TDSHP: onConfigFrame in ISP scenario: inParam.inISOSpeed = 0
06-07 13:18:30.354   336  3412 I MdpMgr  : {MdpMgr} [_startMdp] -
06-07 13:18:30.354   483  2623 D AKMD2   : GetMagneticVector: ST1, HXH&HXL, HYH&HYL, HZH&HZL, ST2, hdata[0].u.x, hdata[0].u.y, hdata[0].u.z, asax, asay, asaz = 1, 85, 111, 155, 0, 1002, 1300, 1767, 23, 22, 18
06-07 13:18:30.354   336  3410 I Iop/P2PPWp.TD: [dequeueJudgement] +
06-07 13:18:30.354   336  3410 I MdpMgr  : {MdpMgr} [dequeueBuf] +,cqIndx(8),sceID(6),deqIndex(1),isWaitBuf(1)
06-07 13:18:30.363   336  3410 I iio/ppp : [dequeInBuf] dequeInBuf:tid(3410),dequeCq(8),PortID:(type, index, inout, timeout)=(0, 4, 0, -1)
06-07 13:18:30.363   336  3410 I MdpMgr  : {MdpMgr} [dequeueBuf] +,cqIndx(8),sceID(6),deqIndex(0),isWaitBuf(1)
06-07 13:18:30.363   336  3410 I Iop/P2PPWp.TD: [doDequeue] FmvOut(0x4300000),dCq(8/1)
06-07 13:18:30.363   336  3410 D MtkCam/FeaturePipe: [performCallback] FeatureGraph callback FrameNo(238480)
06-07 13:18:30.363   336  3410 I iio/ifunc: [enqueueHwBuf] pass1:dma(4),id(0),size(0x3ba480),VA(0xe266c000),PA(0x2700000),S/C(0/0),bufidx(1),bImdMode(0)
06-07 13:18:30.363   336  3410 I Iop/P2PPWp.TD: [doDequeue] -,cb(259 us)
06-07 13:18:30.363  1532  3487 I BufferQueueProducer: [SurfaceTexture-666-1532-0](this:0xf187f400,id:0,api:4,p:336,c:1532) queueBuffer: slot 5 is dropped, handle=0xf4e7efc0
06-07 13:18:30.364   483  2623 E AKMD2   : CalcAngularRate:1121 Error.
06-07 13:18:30.364   483  2623 E AKMD2   : MeasureSNGLoop:646 Error.
06-07 13:18:30.374   483  2623 D AKMD2   : GetMagneticVector: ST1, HXH&HXL, HYH&HYL, HZH&HZL, ST2, hdata[0].u.x, hdata[0].u.y, hdata[0].u.z, asax, asay, asaz = 1, 86, 110, 155, 0, 1014, 1289, 1767, 23, 22, 18
06-07 13:18:30.376   336  3444 I iio/ifunc: [dequeueHwBuf] pass1d:i(0),dma(9),id(0x0),size(0x1c2000),xsize(0x9ff),VA(0xe12ff000),PA(0x3400000),crop(0x0,0x0,0xa00,0x2d0),count(1),cur sof(162),frm_cnt(161),mag(0x315cc),rawType(0)
06-07 13:18:30.377   336  3444 D aaa_hal_yuv/3Athread: mCmdQ size(0) + cmd(10) magic(202190)
06-07 13:18:30.377   336  3310 D aaa_hal_yuv/3Athread: CmdQ-size(1), todo(10, 202190)
06-07 13:18:30.377   336  3444 D EisHal  : [DoEis]mSensorIdx(1) not support EIS
06-07 13:18:30.377   336  3444 I iio/ifunc: [waitBufReady] waitBufReady[9]:[ffffffff,2] rtBufCtrl.ctrl(4)/id(9)/ptr(0x0)
06-07 13:18:30.377   336  3446 I Drv/IMem: Drv/IMem[mapPhyAddr] mID(0x124),size(0xe1000),VA(xe02ad000),PA(0x5100000),S/C(0/0)
06-07 13:18:30.377   336  3446 I Drv/IMem: Drv/IMem[mapPhyAddr] mID(0x124),size(0x38400),VA(xe038e000),PA(0x5100000),S/C(0/0)
06-07 13:18:30.377   336  3446 I Drv/IMem: Drv/IMem[mapPhyAddr] mID(0x124),size(0x38400),VA(xe03c6400),PA(0x5100000),S/C(0/0)
06-07 13:18:30.377   336  3446 D MtkCam/FeaturePipe: [enqueFeatureGraph] FrameNo(202188)
06-07 13:18:30.377   336  3446 I Iop/P2PPWp: [enque] bufPackageNum(1),misV3(0),magic(1),tuningData(0)
06-07 13:18:30.377   336  3446 I Iop/P2PPWp: [enque] dmaEnPort(0x00008001),featureEntag (0x0),q(0)
06-07 13:18:30.377   336  3446 I iio/ppp : [configPipe] vInPorts:[0]:(0x14),w(1280),h(720),stride(2560,0,0),type(0),idx(4),dir(0),Size(0x001c2000,0x00000000,0x00000000),VA(0xe12ff000,0x00000000,0x00000000),PA(0x03400000,0x00000000,0x00000000),memID(0x113,0x0,0x0),magicNum(0x315cc)
06-07 13:18:30.377   336  3446 I iio/ppp : [configPipe] [Imgi][crop_1](x,f_x,y,f_y)=(0,0,0,0),(w,h,tarW,tarH)=(1280,720,1280,720)-[crop_2](x,f_x,y,f_y)=(0,0,0,0),(w,h,tarW,tarH)=(1280,720,1280,720)-[crop_3](x,f_x,y,f_y)=(0,0,0,0),(w,h,tarW,tarH)=(1280,720,1280,720),pass2_CQ(9),dupCqIdx(1)
06-07 13:18:30.377   336  3446 I iio/ppp : [configPipe] vOutPorts:[0]:(0x32315659),w(1280),h(720),stride(1280,640,640),type(0),idx(31),dir(1),Size(0x000e1000,0x00038400,0x00038400),VA(0xe02ad000,0xe038e000,0xe03c6400),PA(0x05100000,0x051e1000,0x05219400),memID(0x124,0x124,0x124)
06-07 13:18:30.377   336  3446 I iio/ppp : [configPipe] drvScenario(6),mdpCheck1(1),mdpCheck2(0),crop1TableIdx(1)
06-07 13:18:30.378   336  3446 I iio/ppp : [configPipe] Pass(1),imgi.fmt(0x14),meScenarioID(6),isCropG1En(0),m_CrzEn(0),mdpSrcFmt(0x14),mdp_src(1280,720,2560,0),en_p2_dma(0x00400001),crop1TableIdx(1),mdpCheck1(1),mdpCheck2(0),drvScenario(6),tcm_en(0x0)
06-07 13:18:30.378   336  3446 I iio/pathp2: [config] +,CamPathPass2:tdri(1),dupCqIdx(1),burstQueIdx(0)
06-07 13:18:30.378   336  3446 I iio/pathp2: [config] cq(9),drvScenario(6),hwScenario(6),sub_mode(0) p2_en(0x18000720),p2_dma(0x00400001),burstQueIdx(0)
06-07 13:18:30.378   336  3446 I iio/ifunc: [_config] [P2]en(0x18000720),EnDma(0x00400001),ctlSel(0x00001648),intEn(0x00000000),fmtSel(0x00000212),cqEn(0x00000002)
06-07 13:18:30.378   336  3310 D aaa_hal_yuv/3Athread: [onThreadLoop] waitVSirq done.
06-07 13:18:30.378   336  3310 D SeninfDrvImp: [getInstance][getInstance] 
06-07 13:18:30.378   336  3310 D SeninfDrvImp: [getInstance][getInstance] 
06-07 13:18:30.378   336  3310 D SeninfDrvImp: [getInstance][getInstance] 
06-07 13:18:30.378   336  3310 I TuningMgr: [byPassSetting] +,scenario(15),MagicNum(202190)
06-07 13:18:30.378   336  3310 I IspDrv  : {IspDrv} [bypassTuningQue] +,softScenario(15),magicNum(0x315ce)
06-07 13:18:30.378   336  3310 I IspDrv  : {IspDrv} [bypassTuningQue] p2Cq(1),pre-curWriteIdx(50),next-curWriteIdx(51)
06-07 13:18:30.378   336  3446 I iio/ifunc: [_enable] path(32),start(2),isP2IspOnly(0),dupCqIdx(1),burstQueIdx(0),SCEN(6)
06-07 13:18:30.378   336  3446 I MdpMgr  : {MdpMgr} [startMdp] +,cqIndx(9),sceID(6),cqPA(0x1b07540),tpipVa(0xec265000),tpipPa(0x2000000),isWaitBuf(1),venc(0)
06-07 13:18:30.378   336  3446 I MdpMgr  : {MdpMgr} [_startMdp] QQ idx[0]_src_crop(1/1) : X(0),FloatX(0),Y(0),FloatY(0),W(1280),H(720)
06-07 13:18:30.378   336  3446 I MdpMgr  : {MdpMgr} [_startMdp] index(0),capbility(3),fmt(51644520),rot(0),flip(0),(w,h,s)=(1280,720,1280),C(w,h,s)=(640,360,640),V(w,h,s)=(640,360,640),dpStreamtype(1),mdpindx(0)
06-07 13:18:30.379   336  3446 I MdpMgr  : {MdpMgr} [_startMdp] dstSizeList=(0x   e1000,0x   38400,0x   38400),dstVirList=(0xe02ad000,0xe038e000,0xe03c6400),dstPhyList=(0x 5100000,0x 51e1000,0x 5219400),plane num(2)
06-07 13:18:30.379   336  3447 D MDP     : DpEngine_TDSHP: onConfigFrame in ISP scenario: inParam.inISOSpeed = 0
06-07 13:18:30.379   336  3446 I MdpMgr  : {MdpMgr} [_startMdp] -
06-07 13:18:30.379   336  3410 I Iop/P2PPWp.TD: [dequeueJudgement] +
06-07 13:18:30.380   336  3410 I MdpMgr  : {MdpMgr} [dequeueBuf] +,cqIndx(9),sceID(6),deqIndex(1),isWaitBuf(1)
06-07 13:18:30.380   336  3409 I iio/ifunc: [dequeueHwBuf] pass1:i(0),dma(4),id(0x0),size(0x3ba480),xsize(0xe9f),VA(0xe22b1000),PA(0x2b00000),crop(0x0,0x0,0xea0,0x414),count(1),cur sof(171),frm_cnt(170),mag(0x3a391),rawType(0)
06-07 13:18:30.380   336  3409 D NormalPipe: [MyDeQ:0]PortId(13),va=0xe22b1000,BufHeader=0xeb5c5dc0,PixelId=0, MNum=0x3a391, rrzDstSz=0,0,rrzSrcSz=0,0
06-07 13:18:30.380   336  3409 D EisHal  : [DoEis]EisIn(1868,1040),P1T(1556,866)
06-07 13:18:30.381   336  3409 D EisHal  : [PrepareEisResult]cmvX(41411),cmvY(29014)
06-07 13:18:30.381   336  3409 D EisHal  : [PrepareEisResult]X(161,1635778560),Y(113,721420288)
06-07 13:18:30.381   336  3409 D EisHal  : [SaveEisResultForP2]too much unused data
06-07 13:18:30.381   336  3409 I iio/ifunc: [waitBufReady] waitBufReady[4]:[1,ffffffff] rtBufCtrl.ctrl(4)/id(4)/ptr(0x0)
06-07 13:18:30.381   336  3412 I Drv/IMem: Drv/IMem[mapPhyAddr] mID(0x2b),size(0xe1000),VA(xe3a9e000),PA(0x3000000),S/C(0/0)
06-07 13:18:30.381   336  3412 I Drv/IMem: Drv/IMem[mapPhyAddr] mID(0x2b),size(0x38400),VA(xe3b7f000),PA(0x3000000),S/C(0/0)
06-07 13:18:30.381   336  3412 I Drv/IMem: Drv/IMem[mapPhyAddr] mID(0x2b),size(0x38400),VA(xe3bb7400),PA(0x3000000),S/C(0/0)
06-07 13:18:30.381   336  3412 D MtkCam/FeaturePipe: [enqueFeatureGraph] FrameNo(238481)
06-07 13:18:30.381   336  3412 I Iop/P2PPWp: [enque] bufPackageNum(1),misV3(0),magic(1),tuningData(0)
06-07 13:18:30.381   336  3412 I Iop/P2PPWp: [enque] dmaEnPort(0x00008001),featureEntag (0x0),q(0)
06-07 13:18:30.381   336  3412 I iio/ppp : [configPipe] vInPorts:[0]:(0x14),w(1872),h(1044),stride(3744,0,0),type(0),idx(4),dir(0),Size(0x003ba480,0x00000000,0x00000000),VA(0xe22b1000,0x00000000,0x00000000),PA(0x02b00000,0x00000000,0x00000000),memID(0x103,0x0,0x0),magicNum(0x3a391)
06-07 13:18:30.381   336  3412 I iio/ppp : [configPipe] [Imgi][crop_1](x,f_x,y,f_y)=(0,0,0,0),(w,h,tarW,tarH)=(1872,1044,1872,1044)-[crop_2](x,f_x,y,f_y)=(8,0,0,0),(w,h,tarW,tarH)=(1856,1044,1856,1044)-[crop_3](x,f_x,y,f_y)=(0,0,0,0),(w,h,tarW,tarH)=(1872,1044,1872,1044),pass2_CQ(8),dupCqIdx(0)
06-07 13:18:30.381   336  3412 I iio/ppp : [configPipe] vOutPorts:[0]:(0x32315659),w(1280),h(720),stride(1280,640,640),type(0),idx(31),dir(1),Size(0x000e1000,0x00038400,0x00038400),VA(0xe3a9e000,0xe3b7f000,0xe3bb7400),PA(0x03000000,0x030e1000,0x03119400),memID(0x2b,0x2b,0x2b)
06-07 13:18:30.381   336  3412 I iio/ppp : [configPipe] drvScenario(6),mdpCheck1(1),mdpCheck2(0),crop1TableIdx(1)
06-07 13:18:30.382   336  3412 I iio/ppp : [configPipe] Pass(0),imgi.fmt(0x14),meScenarioID(6),isCropG1En(0),m_CrzEn(0),mdpSrcFmt(0x14),mdp_src(1872,1044,3744,0),en_p2_dma(0x00400001),crop1TableIdx(1),mdpCheck1(1),mdpCheck2(0),drvScenario(6),tcm_en(0x0)
06-07 13:18:30.382   336  3412 I iio/pathp2: [config] +,CamPathPass2:tdri(1),dupCqIdx(0),burstQueIdx(0)
06-07 13:18:30.382   336  3412 I iio/pathp2: [config] cq(8),drvScenario(6),hwScenario(6),sub_mode(0) p2_en(0x18000720),p2_dma(0x00400001),burstQueIdx(0)
06-07 13:18:30.382   336  3412 I iio/ifunc: [_config] [P2]en(0x18000720),EnDma(0x00400001),ctlSel(0x00001648),intEn(0x00000000),fmtSel(0x00000212),cqEn(0x00000001)
06-07 13:18:30.382   336  3412 I iio/ifunc: [_enable] path(16),start(1),isP2IspOnly(0),dupCqIdx(0),burstQueIdx(0),SCEN(6)
06-07 13:18:30.382   336  3412 I MdpMgr  : {MdpMgr} [startMdp] +,cqIndx(8),sceID(6),cqPA(0x1b06480),tpipVa(0xec2a7000),tpipPa(0x1d00000),isWaitBuf(1),venc(0)
06-07 13:18:30.382   336  3394 D aaa_hal_yuv/3Athread: [onThreadLoop] waitVSirq done.
06-07 13:18:30.382   336  3394 D SeninfDrvImp: [getInstance][getInstance] 
06-07 13:18:30.382   336  3412 I MdpMgr  : {MdpMgr} [_startMdp] QQ idx[0]_src_crop(1/1) : X(8),FloatX(0),Y(0),FloatY(0),W(1856),H(1044)
06-07 13:18:30.382   336  3394 D SeninfDrvImp: [getInstance][getInstance] 
06-07 13:18:30.382   336  3412 I MdpMgr  : {MdpMgr} [_startMdp] index(0),capbility(3),fmt(51644520),rot(0),flip(0),(w,h,s)=(1280,720,1280),C(w,h,s)=(640,360,640),V(w,h,s)=(640,360,640),dpStreamtype(1),mdpindx(0)
06-07 13:18:30.382   336  3394 D SeninfDrvImp: [getInstance][getInstance] 
06-07 13:18:30.382   336  3394 I TuningMgr: [byPassSetting] +,scenario(0),MagicNum(238482)
06-07 13:18:30.382   336  3412 I MdpMgr  : {MdpMgr} [_startMdp] dstSizeList=(0x   e1000,0x   38400,0x   38400),dstVirList=(0xe3a9e000,0xe3b7f000,0xe3bb7400),dstPhyList=(0x 3000000,0x 30e1000,0x 3119400),plane num(2)
06-07 13:18:30.382   336  3394 I IspDrv  : {IspDrv} [bypassTuningQue] +,softScenario(0),magicNum(0x3a392)
06-07 13:18:30.382   336  3394 I IspDrv  : {IspDrv} [bypassTuningQue] p2Cq(0),pre-curWriteIdx(42),next-curWriteIdx(43)
06-07 13:18:30.383   336  3447 D MDP     : DpEngine_TDSHP: onConfigFrame in ISP scenario: inParam.inISOSpeed = 0
06-07 13:18:30.383   336  3412 I MdpMgr  : {MdpMgr} [_startMdp] -
06-07 13:18:30.384   336  3410 I iio/ppp : [dequeInBuf] dequeInBuf:tid(3410),dequeCq(9),PortID:(type, index, inout, timeout)=(0, 4, 0, -1)
06-07 13:18:30.384   336  3410 I MdpMgr  : {MdpMgr} [dequeueBuf] +,cqIndx(9),sceID(6),deqIndex(0),isWaitBuf(1)
06-07 13:18:30.384   336  3410 I Iop/P2PPWp.TD: [doDequeue] FmvOut(0x5100000),dCq(9/1)
06-07 13:18:30.384   336  3410 D MtkCam/FeaturePipe: [performCallback] FeatureGraph callback FrameNo(202188)
06-07 13:18:30.384   336  3410 I iio/ifunc: [enqueueHwBuf] pass1d:dma(9),id(0),size(0x1c2000),VA(0xe12ff000),PA(0x3400000),S/C(0/0),bufidx(0),bImdMode(0)
06-07 13:18:30.384   336  3410 I Iop/P2PPWp.TD: [doDequeue] -,cb(265 us)
06-07 13:18:30.384   336  3410 I Iop/P2PPWp.TD: [dequeueJudgement] +
06-07 13:18:30.384   336  3410 I MdpMgr  : {MdpMgr} [dequeueBuf] +,cqIndx(8),sceID(6),deqIndex(1),isWaitBuf(1)
06-07 13:18:30.386   483  2623 E AKMD2   : CalcAngularRate:1121 Error.
06-07 13:18:30.386   483  2623 E AKMD2   : MeasureSNGLoop:646 Error.
06-07 13:18:30.392   336  3410 I iio/ppp : [dequeInBuf] dequeInBuf:tid(3410),dequeCq(8),PortID:(type, index, inout, timeout)=(0, 4, 0, -1)
06-07 13:18:30.393   336  3410 I MdpMgr  : {MdpMgr} [dequeueBuf] +,cqIndx(8),sceID(6),deqIndex(0),isWaitBuf(1)
06-07 13:18:30.393   336  3410 I Iop/P2PPWp.TD: [doDequeue] FmvOut(0x3000000),dCq(8/0)
06-07 13:18:30.393   336  3410 D MtkCam/FeaturePipe: [performCallback] FeatureGraph callback FrameNo(238481)
06-07 13:18:30.393   336  3410 I iio/ifunc: [enqueueHwBuf] pass1:dma(4),id(0),size(0x3ba480),VA(0xe22b1000),PA(0x2b00000),S/C(0/0),bufidx(2),bImdMode(0)
06-07 13:18:30.393   336  3410 I Iop/P2PPWp.TD: [doDequeue] -,cb(254 us)
06-07 13:18:30.393  1532  3487 I BufferQueueProducer: [SurfaceTexture-666-1532-0](this:0xf187f400,id:0,api:4,p:336,c:1532) queueBuffer: slot 6 is dropped, handle=0xf4e7f100
06-07 13:18:30.394   483  2623 D AKMD2   : GetMagneticVector: ST1, HXH&HXL, HYH&HYL, HZH&HZL, ST2, hdata[0].u.x, hdata[0].u.y, hdata[0].u.z, asax, asay, asaz = 1, 85, 107, 155, 0, 1002, 1253, 1767, 23, 22, 18
06-07 13:18:30.403   483  2623 E AKMD2   : CalcAngularRate:1121 Error.
06-07 13:18:30.403   483  2623 E AKMD2   : MeasureSNGLoop:646 Error.
06-07 13:18:30.414   336  3409 I iio/ifunc: [dequeueHwBuf] pass1:i(0),dma(4),id(0x0),size(0x3ba480),xsize(0xe9f),VA(0xe2a27000),PA(0x2300000),crop(0x0,0x0,0xea0,0x414),count(1),cur sof(172),frm_cnt(171),mag(0x3a391),rawType(0)
06-07 13:18:30.414   336  3409 D NormalPipe: [MyDeQ:0]PortId(13),va=0xe2a27000,BufHeader=0xeb5c5dc0,PixelId=0, MNum=0x3a391, rrzDstSz=0,0,rrzSrcSz=0,0
06-07 13:18:30.414   336  3409 D aaa_hal_yuv/3Athread: mCmdQ size(0) + cmd(10) magic(238483)
06-07 13:18:30.414   336  3409 D EisHal  : [DoEis]EisIn(1868,1040),P1T(1556,866)
06-07 13:18:30.414   336  3409 D EisHal  : [PrepareEisResult]cmvX(41411),cmvY(29014)
06-07 13:18:30.414   336  3409 D EisHal  : [PrepareEisResult]X(161,1635778560),Y(113,721420288)
06-07 13:18:30.414   336  3409 D EisHal  : [SaveEisResultForP2]too much unused data
06-07 13:18:30.414   336  3394 D aaa_hal_yuv/3Athread: CmdQ-size(1), todo(10, 238483)
06-07 13:18:30.414   336  3409 I iio/ifunc: [waitBufReady] waitBufReady[4]:[1,ffffffff] rtBufCtrl.ctrl(4)/id(4)/ptr(0x0)
06-07 13:18:30.414   336  3412 I Drv/IMem: Drv/IMem[mapPhyAddr] mID(0x2c),size(0xe1000),VA(xe3845000),PA(0x3200000),S/C(0/0)
06-07 13:18:30.414   336  3412 I Drv/IMem: Drv/IMem[mapPhyAddr] mID(0x2c),size(0x38400),VA(xe3926000),PA(0x3200000),S/C(0/0)
06-07 13:18:30.414   336  3412 I Drv/IMem: Drv/IMem[mapPhyAddr] mID(0x2c),size(0x38400),VA(xe395e400),PA(0x3200000),S/C(0/0)
06-07 13:18:30.415   483  2623 D AKMD2   : GetMagneticVector: ST1, HXH&HXL, HYH&HYL, HZH&HZL, ST2, hdata[0].u.x, hdata[0].u.y, hdata[0].u.z, asax, asay, asaz = 1, 86, 110, 157, 0, 1014, 1289, 1790, 23, 22, 18
06-07 13:18:30.415   336  3412 D MtkCam/FeaturePipe: [enqueFeatureGraph] FrameNo(238481)
06-07 13:18:30.415   336  3412 I Iop/P2PPWp: [enque] bufPackageNum(1),misV3(0),magic(1),tuningData(0)
06-07 13:18:30.415   336  3412 I Iop/P2PPWp: [enque] dmaEnPort(0x00008001),featureEntag (0x0),q(0)
06-07 13:18:30.415   336  3412 I iio/ppp : [configPipe] vInPorts:[0]:(0x14),w(1872),h(1044),stride(3744,0,0),type(0),idx(4),dir(0),Size(0x003ba480,0x00000000,0x00000000),VA(0xe2a27000,0x00000000,0x00000000),PA(0x02300000,0x00000000,0x00000000),memID(0xff,0x0,0x0),magicNum(0x3a391)
06-07 13:18:30.415   336  3412 I iio/ppp : [configPipe] [Imgi][crop_1](x,f_x,y,f_y)=(0,0,0,0),(w,h,tarW,tarH)=(1872,1044,1872,1044)-[crop_2](x,f_x,y,f_y)=(8,0,0,0),(w,h,tarW,tarH)=(1856,1044,1856,1044)-[crop_3](x,f_x,y,f_y)=(0,0,0,0),(w,h,tarW,tarH)=(1872,1044,1872,1044),pass2_CQ(8),dupCqIdx(1)
06-07 13:18:30.415   336  3412 I iio/ppp : [configPipe] vOutPorts:[0]:(0x32315659),w(1280),h(720),stride(1280,640,640),type(0),idx(31),dir(1),Size(0x000e1000,0x00038400,0x00038400),VA(0xe3845000,0xe3926000,0xe395e400),PA(0x03200000,0x032e1000,0x03319400),memID(0x2c,0x2c,0x2c)
06-07 13:18:30.415   336  3412 I iio/ppp : [configPipe] drvScenario(6),mdpCheck1(1),mdpCheck2(0),crop1TableIdx(1)
06-07 13:18:30.415   336  3412 I iio/ppp : [configPipe] Pass(0),imgi.fmt(0x14),meScenarioID(6),isCropG1En(0),m_CrzEn(0),mdpSrcFmt(0x14),mdp_src(1872,1044,3744,0),en_p2_dma(0x00400001),crop1TableIdx(1),mdpCheck1(1),mdpCheck2(0),drvScenario(6),tcm_en(0x0)
06-07 13:18:30.415   336  3412 I iio/pathp2: [config] +,CamPathPass2:tdri(1),dupCqIdx(1),burstQueIdx(0)
06-07 13:18:30.415   336  3412 I iio/pathp2: [config] cq(8),drvScenario(6),hwScenario(6),sub_mode(0) p2_en(0x18000720),p2_dma(0x00400001),burstQueIdx(0)
06-07 13:18:30.416   336  3394 D aaa_hal_yuv/3Athread: [onThreadLoop] waitVSirq done.
06-07 13:18:30.416   336  3394 D SeninfDrvImp: [getInstance][getInstance] 
06-07 13:18:30.416   336  3394 D SeninfDrvImp: [getInstance][getInstance] 
06-07 13:18:30.416   336  3394 D SeninfDrvImp: [getInstance][getInstance] 
06-07 13:18:30.416   336  3394 I TuningMgr: [byPassSetting] +,scenario(0),MagicNum(238483)
06-07 13:18:30.416   336  3394 I IspDrv  : {IspDrv} [bypassTuningQue] +,softScenario(0),magicNum(0x3a393)
06-07 13:18:30.416   336  3394 I IspDrv  : {IspDrv} [bypassTuningQue] p2Cq(0),pre-curWriteIdx(43),next-curWriteIdx(44)
06-07 13:18:30.416   336  3412 I iio/ifunc: [_config] [P2]en(0x18000720),EnDma(0x00400001),ctlSel(0x00001648),intEn(0x00000000),fmtSel(0x00000212),cqEn(0x00000001)
06-07 13:18:30.416   336  3412 I iio/ifunc: [_enable] path(16),start(1),isP2IspOnly(0),dupCqIdx(1),burstQueIdx(0),SCEN(6)
06-07 13:18:30.416   336  3412 I MdpMgr  : {MdpMgr} [startMdp] +,cqIndx(8),sceID(6),cqPA(0x1b07110),tpipVa(0xec291000),tpipPa(0x1e00000),isWaitBuf(1),venc(0)
06-07 13:18:30.416   336  3412 I MdpMgr  : {MdpMgr} [_startMdp] QQ idx[0]_src_crop(1/1) : X(8),FloatX(0),Y(0),FloatY(0),W(1856),H(1044)
06-07 13:18:30.416   336  3444 I iio/ifunc: [dequeueHwBuf] pass1d:i(0),dma(9),id(0x0),size(0x1c2000),xsize(0x9ff),VA(0xe0fe3000),PA(0x3800000),crop(0x0,0x0,0xa00,0x2d0),count(1),cur sof(163),frm_cnt(162),mag(0x315cd),rawType(0)
06-07 13:18:30.416   336  3412 I MdpMgr  : {MdpMgr} [_startMdp] index(0),capbility(3),fmt(51644520),rot(0),flip(0),(w,h,s)=(1280,720,1280),C(w,h,s)=(640,360,640),V(w,h,s)=(640,360,640),dpStreamtype(1),mdpindx(0)
06-07 13:18:30.416   336  3444 D aaa_hal_yuv/3Athread: mCmdQ size(0) + cmd(10) magic(202191)
06-07 13:18:30.416   336  3412 I MdpMgr  : {MdpMgr} [_startMdp] dstSizeList=(0x   e1000,0x   38400,0x   38400),dstVirList=(0xe3845000,0xe3926000,0xe395e400),dstPhyList=(0x 3200000,0x 32e1000,0x 3319400),plane num(2)
06-07 13:18:30.417   336  3444 D EisHal  : [DoEis]mSensorIdx(1) not support EIS
06-07 13:18:30.417   336  3444 I iio/ifunc: [waitBufReady] waitBufReady[9]:[ffffffff,2] rtBufCtrl.ctrl(4)/id(9)/ptr(0x0)
06-07 13:18:30.417   336  3310 D aaa_hal_yuv/3Athread: CmdQ-size(1), todo(10, 202191)
06-07 13:18:30.417   336  3447 D MDP     : DpEngine_TDSHP: onConfigFrame in ISP scenario: inParam.inISOSpeed = 0
06-07 13:18:30.417   336  3446 I Drv/IMem: Drv/IMem[mapPhyAddr] mID(0x11e),size(0xe1000),VA(xe0ac9000),PA(0x4500000),S/C(0/0)
06-07 13:18:30.417   336  3446 I Drv/IMem: Drv/IMem[mapPhyAddr] mID(0x11e),size(0x38400),VA(xe0baa000),PA(0x4500000),S/C(0/0)
06-07 13:18:30.417   336  3446 I Drv/IMem: Drv/IMem[mapPhyAddr] mID(0x11e),size(0x38400),VA(xe0be2400),PA(0x4500000),S/C(0/0)
06-07 13:18:30.417   336  3446 D MtkCam/FeaturePipe: [enqueFeatureGraph] FrameNo(202189)
06-07 13:18:30.417   336  3412 I MdpMgr  : {MdpMgr} [_startMdp] -
06-07 13:18:30.417   336  3446 I Iop/P2PPWp: [enque] bufPackageNum(1),misV3(0),magic(1),tuningData(0)
06-07 13:18:30.417   336  3410 I Iop/P2PPWp.TD: [dequeueJudgement] +
06-07 13:18:30.417   336  3446 I Iop/P2PPWp: [enque] dmaEnPort(0x00008001),featureEntag (0x0),q(0)
06-07 13:18:30.417   336  3410 I MdpMgr  : {MdpMgr} [dequeueBuf] +,cqIndx(8),sceID(6),deqIndex(1),isWaitBuf(1)
06-07 13:18:30.418   336  3446 I iio/ppp : [configPipe] vInPorts:[0]:(0x14),w(1280),h(720),stride(2560,0,0),type(0),idx(4),dir(0),Size(0x001c2000,0x00000000,0x00000000),VA(0xe0fe3000,0x00000000,0x00000000),PA(0x03800000,0x00000000,0x00000000),memID(0x116,0x0,0x0),magicNum(0x315cd)
06-07 13:18:30.418   336  3446 I iio/ppp : [configPipe] [Imgi][crop_1](x,f_x,y,f_y)=(0,0,0,0),(w,h,tarW,tarH)=(1280,720,1280,720)-[crop_2](x,f_x,y,f_y)=(0,0,0,0),(w,h,tarW,tarH)=(1280,720,1280,720)-[crop_3](x,f_x,y,f_y)=(0,0,0,0),(w,h,tarW,tarH)=(1280,720,1280,720),pass2_CQ(9),dupCqIdx(0)
06-07 13:18:30.418   336  3446 I iio/ppp : [configPipe] vOutPorts:[0]:(0x32315659),w(1280),h(720),stride(1280,640,640),type(0),idx(31),dir(1),Size(0x000e1000,0x00038400,0x00038400),VA(0xe0ac9000,0xe0baa000,0xe0be2400),PA(0x04500000,0x045e1000,0x04619400),memID(0x11e,0x11e,0x11e)
06-07 13:18:30.418   336  3446 I iio/ppp : [configPipe] drvScenario(6),mdpCheck1(1),mdpCheck2(0),crop1TableIdx(1)
06-07 13:18:30.418   336  3310 D aaa_hal_yuv/3Athread: [onThreadLoop] waitVSirq done.
06-07 13:18:30.418   336  3310 D SeninfDrvImp: [getInstance][getInstance] 
06-07 13:18:30.418   336  3446 I iio/ppp : [configPipe] Pass(1),imgi.fmt(0x14),meScenarioID(6),isCropG1En(0),m_CrzEn(0),mdpSrcFmt(0x14),mdp_src(1280,720,2560,0),en_p2_dma(0x00400001),crop1TableIdx(1),mdpCheck1(1),mdpCheck2(0),drvScenario(6),tcm_en(0x0)
06-07 13:18:30.418   336  3310 D SeninfDrvImp: [getInstance][getInstance] 
06-07 13:18:30.418   336  3446 I iio/pathp2: [config] +,CamPathPass2:tdri(1),dupCqIdx(0),burstQueIdx(0)
06-07 13:18:30.418   336  3310 D SeninfDrvImp: [getInstance][getInstance] 
06-07 13:18:30.418   336  3446 I iio/pathp2: [config] cq(9),drvScenario(6),hwScenario(6),sub_mode(0) p2_en(0x18000720),p2_dma(0x00400001),burstQueIdx(0)
06-07 13:18:30.418   336  3310 I TuningMgr: [byPassSetting] +,scenario(15),MagicNum(202191)
06-07 13:18:30.418   336  3310 I IspDrv  : {IspDrv} [bypassTuningQue] +,softScenario(15),magicNum(0x315cf)
06-07 13:18:30.418   336  3446 I iio/ifunc: [_config] [P2]en(0x18000720),EnDma(0x00400001),ctlSel(0x00001648),intEn(0x00000000),fmtSel(0x00000212),cqEn(0x00000002)
06-07 13:18:30.418   336  3310 I IspDrv  : {IspDrv} [bypassTuningQue] p2Cq(1),pre-curWriteIdx(51),next-curWriteIdx(52)
06-07 13:18:30.418   336  3446 I iio/ifunc: [_enable] path(32),start(2),isP2IspOnly(0),dupCqIdx(0),burstQueIdx(0),SCEN(6)
06-07 13:18:30.418   336  3446 I MdpMgr  : {MdpMgr} [startMdp] +,cqIndx(9),sceID(6),cqPA(0x1b068b0),tpipVa(0xec27b000),tpipPa(0x1f00000),isWaitBuf(1),venc(0)
06-07 13:18:30.418   336  3446 I MdpMgr  : {MdpMgr} [_startMdp] QQ idx[0]_src_crop(1/1) : X(0),FloatX(0),Y(0),FloatY(0),W(1280),H(720)
06-07 13:18:30.419   336  3446 I MdpMgr  : {MdpMgr} [_startMdp] index(0),capbility(3),fmt(51644520),rot(0),flip(0),(w,h,s)=(1280,720,1280),C(w,h,s)=(640,360,640),V(w,h,s)=(640,360,640),dpStreamtype(1),mdpindx(0)
06-07 13:18:30.419   336  3446 I MdpMgr  : {MdpMgr} [_startMdp] dstSizeList=(0x   e1000,0x   38400,0x   38400),dstVirList=(0xe0ac9000,0xe0baa000,0xe0be2400),dstPhyList=(0x 4500000,0x 45e1000,0x 4619400),plane num(2)
06-07 13:18:30.419   336  3447 D MDP     : DpEngine_TDSHP: onConfigFrame in ISP scenario: inParam.inISOSpeed = 0
06-07 13:18:30.419   336  3446 I MdpMgr  : {MdpMgr} [_startMdp] -
06-07 13:18:30.423   483  2623 E AKMD2   : CalcAngularRate:1121 Error.
06-07 13:18:30.423   483  2623 E AKMD2   : MeasureSNGLoop:646 Error.
06-07 13:18:30.424   916   954 W ContextImpl: Calling a method in the system process without a qualified user: android.app.ContextImpl.sendBroadcast:768 com.android.server.policy.PhoneWindowManager$ScreenLockTimeout_Ext.run:6486 android.os.Handler.handleCallback:815 android.os.Handler.dispatchMessage:104 android.os.Looper.loop:207 
06-07 13:18:30.424   916   954 V ActivityManager: Broadcast: Intent { act=action.carrobot.screen_off flg=0x10 } ordered=false userid=0 callerApp=ProcessRecord{4075df3 916:system/1000}
06-07 13:18:30.425  1701  1701 D ScreenOffBroadcast: onReceive
06-07 13:18:30.426   336  3410 I iio/ppp : [dequeInBuf] dequeInBuf:tid(3410),dequeCq(8),PortID:(type, index, inout, timeout)=(0, 4, 0, -1)
06-07 13:18:30.426   336  3410 I MdpMgr  : {MdpMgr} [dequeueBuf] +,cqIndx(8),sceID(6),deqIndex(0),isWaitBuf(1)
06-07 13:18:30.426   336  3410 I Iop/P2PPWp.TD: [doDequeue] FmvOut(0x3200000),dCq(8/1)
06-07 13:18:30.426   336  3410 D MtkCam/FeaturePipe: [performCallback] FeatureGraph callback FrameNo(238481)
06-07 13:18:30.426   336  3410 I iio/ifunc: [enqueueHwBuf] pass1:dma(4),id(0),size(0x3ba480),VA(0xe2a27000),PA(0x2300000),S/C(0/0),bufidx(0),bImdMode(0)
06-07 13:18:30.427   336  3410 I Iop/P2PPWp.TD: [doDequeue] -,cb(375 us)
06-07 13:18:30.427   336  3410 I Iop/P2PPWp.TD: [dequeueJudgement] +
06-07 13:18:30.427   336  3410 I MdpMgr  : {MdpMgr} [dequeueBuf] +,cqIndx(9),sceID(6),deqIndex(1),isWaitBuf(1)
06-07 13:18:30.427  1532  1658 I BufferQueueProducer: [SurfaceTexture-666-1532-0](this:0xf187f400,id:0,api:4,p:336,c:1532) queueBuffer: slot 0 is dropped, handle=0xf4e7e980
06-07 13:18:30.430   336  3410 I iio/ppp : [dequeInBuf] dequeInBuf:tid(3410),dequeCq(9),PortID:(type, index, inout, timeout)=(0, 4, 0, -1)
06-07 13:18:30.430   336  3410 I MdpMgr  : {MdpMgr} [dequeueBuf] +,cqIndx(9),sceID(6),deqIndex(0),isWaitBuf(1)
06-07 13:18:30.430   336  3410 I Iop/P2PPWp.TD: [doDequeue] FmvOut(0x4500000),dCq(9/0)
06-07 13:18:30.430   336  3410 D MtkCam/FeaturePipe: [performCallback] FeatureGraph callback FrameNo(202189)
06-07 13:18:30.431   336  3410 I iio/ifunc: [enqueueHwBuf] pass1d:dma(9),id(0),size(0x1c2000),VA(0xe0fe3000),PA(0x3800000),S/C(0/0),bufidx(1),bImdMode(0)
06-07 13:18:30.431   336  3410 I Iop/P2PPWp.TD: [doDequeue] -,cb(260 us)
06-07 13:18:30.435   483  2623 D AKMD2   : GetMagneticVector: ST1, HXH&HXL, HYH&HYL, HZH&HZL, ST2, hdata[0].u.x, hdata[0].u.y, hdata[0].u.z, asax, asay, asaz = 1, 86, 110, 155, 0, 1014, 1289, 1767, 23, 22, 18
06-07 13:18:30.443   483  2623 E AKMD2   : CalcAngularRate:1121 Error.
06-07 13:18:30.444   483  2623 E AKMD2   : MeasureSNGLoop:646 Error.
06-07 13:18:30.447   336  3409 I iio/ifunc: [dequeueHwBuf] pass1:i(0),dma(4),id(0x0),size(0x3ba480),xsize(0xe9f),VA(0xe266c000),PA(0x2700000),crop(0x0,0x0,0xea0,0x414),count(1),cur sof(173),frm_cnt(172),mag(0x3a392),rawType(0)
06-07 13:18:30.447   336  3409 D NormalPipe: [MyDeQ:0]PortId(13),va=0xe266c000,BufHeader=0xeb5c5dc0,PixelId=0, MNum=0x3a392, rrzDstSz=0,0,rrzSrcSz=0,0
06-07 13:18:30.447   336  3409 D aaa_hal_yuv/3Athread: mCmdQ size(0) + cmd(10) magic(238484)
06-07 13:18:30.447   336  3409 D EisHal  : [DoEis]EisIn(1868,1040),P1T(1556,866)
06-07 13:18:30.447   336  3409 D EisHal  : [PrepareEisResult]cmvX(41411),cmvY(29014)
06-07 13:18:30.447   336  3409 D EisHal  : [PrepareEisResult]X(161,1635778560),Y(113,721420288)
06-07 13:18:30.447   336  3409 D EisHal  : [SaveEisResultForP2]too much unused data
06-07 13:18:30.448   336  3409 I iio/ifunc: [waitBufReady] waitBufReady[4]:[1,ffffffff] rtBufCtrl.ctrl(4)/id(4)/ptr(0x0)
06-07 13:18:30.448   336  3394 D aaa_hal_yuv/3Athread: CmdQ-size(1), todo(10, 238484)
06-07 13:18:30.448   336  3412 I Drv/IMem: Drv/IMem[mapPhyAddr] mID(0x2d),size(0xe1000),VA(xe36eb000),PA(0x3600000),S/C(0/0)
06-07 13:18:30.448   336  3412 I Drv/IMem: Drv/IMem[mapPhyAddr] mID(0x2d),size(0x38400),VA(xe37cc000),PA(0x3600000),S/C(0/0)
06-07 13:18:30.448   336  3412 I Drv/IMem: Drv/IMem[mapPhyAddr] mID(0x2d),size(0x38400),VA(xe3804400),PA(0x3600000),S/C(0/0)
06-07 13:18:30.449   336  3412 D MtkCam/FeaturePipe: [enqueFeatureGraph] FrameNo(238482)
06-07 13:18:30.449   336  3394 D aaa_hal_yuv/3Athread: [onThreadLoop] waitVSirq done.
06-07 13:18:30.449   336  3394 D SeninfDrvImp: [getInstance][getInstance] 
06-07 13:18:30.449   336  3394 D SeninfDrvImp: [getInstance][getInstance] 
06-07 13:18:30.449   336  3394 D SeninfDrvImp: [getInstance][getInstance] 
06-07 13:18:30.449   336  3394 I TuningMgr: [byPassSetting] +,scenario(0),MagicNum(238484)
06-07 13:18:30.449   336  3394 I IspDrv  : {IspDrv} [bypassTuningQue] +,softScenario(0),magicNum(0x3a394)
06-07 13:18:30.449   336  3394 I IspDrv  : {IspDrv} [bypassTuningQue] p2Cq(0),pre-curWriteIdx(44),next-curWriteIdx(45)
06-07 13:18:30.449   336  3412 I Iop/P2PPWp: [enque] bufPackageNum(1),misV3(0),magic(1),tuningData(0)
06-07 13:18:30.449   336  3412 I Iop/P2PPWp: [enque] dmaEnPort(0x00008001),featureEntag (0x0),q(0)
06-07 13:18:30.450   336  3412 I iio/ppp : [configPipe] vInPorts:[0]:(0x14),w(1872),h(1044),stride(3744,0,0),type(0),idx(4),dir(0),Size(0x003ba480,0x00000000,0x00000000),VA(0xe266c000,0x00000000,0x00000000),PA(0x02700000,0x00000000,0x00000000),memID(0x101,0x0,0x0),magicNum(0x3a392)
06-07 13:18:30.450   336  3412 I iio/ppp : [configPipe] [Imgi][crop_1](x,f_x,y,f_y)=(0,0,0,0),(w,h,tarW,tarH)=(1872,1044,1872,1044)-[crop_2](x,f_x,y,f_y)=(8,0,0,0),(w,h,tarW,tarH)=(1856,1044,1856,1044)-[crop_3](x,f_x,y,f_y)=(0,0,0,0),(w,h,tarW,tarH)=(1872,1044,1872,1044),pass2_CQ(8),dupCqIdx(0)
06-07 13:18:30.450   336  3412 I iio/ppp : [configPipe] vOutPorts:[0]:(0x32315659),w(1280),h(720),stride(1280,640,640),type(0),idx(31),dir(1),Size(0x000e1000,0x00038400,0x00038400),VA(0xe36eb000,0xe37cc000,0xe3804400),PA(0x03600000,0x036e1000,0x03719400),memID(0x2d,0x2d,0x2d)
06-07 13:18:30.450   336  3412 I iio/ppp : [configPipe] drvScenario(6),mdpCheck1(1),mdpCheck2(0),crop1TableIdx(1)
06-07 13:18:30.450   336  3412 I iio/ppp : [configPipe] Pass(0),imgi.fmt(0x14),meScenarioID(6),isCropG1En(0),m_CrzEn(0),mdpSrcFmt(0x14),mdp_src(1872,1044,3744,0),en_p2_dma(0x00400001),crop1TableIdx(1),mdpCheck1(1),mdpCheck2(0),drvScenario(6),tcm_en(0x0)
06-07 13:18:30.450   336  3412 I iio/pathp2: [config] +,CamPathPass2:tdri(1),dupCqIdx(0),burstQueIdx(0)
06-07 13:18:30.450   336  3412 I iio/pathp2: [config] cq(8),drvScenario(6),hwScenario(6),sub_mode(0) p2_en(0x18000720),p2_dma(0x00400001),burstQueIdx(0)
