06-07 13:18:30.450   336  3412 I iio/ifunc: [_config] [P2]en(0x18000720),EnDma(0x00400001),ctlSel(0x00001648),intEn(0x00000000),fmtSel(0x00000212),cqEn(0x00000001)
06-07 13:18:30.451   336  3412 I iio/ifunc: [_enable] path(16),start(1),isP2IspOnly(0),dupCqIdx(0),burstQueIdx(0),SCEN(6)
06-07 13:18:30.451   336  3412 I MdpMgr  : {MdpMgr} [startMdp] +,cqIndx(8),sceID(6),cqPA(0x1b06480),tpipVa(0xec2a7000),tpipPa(0x1d00000),isWaitBuf(1),venc(0)
06-07 13:18:30.451   336  3412 I MdpMgr  : {MdpMgr} [_startMdp] QQ idx[0]_src_crop(1/1) : X(8),FloatX(0),Y(0),FloatY(0),W(1856),H(1044)
06-07 13:18:30.451   336  3412 I MdpMgr  : {MdpMgr} [_startMdp] index(0),capbility(3),fmt(51644520),rot(0),flip(0),(w,h,s)=(1280,720,1280),C(w,h,s)=(640,360,640),V(w,h,s)=(640,360,640),dpStreamtype(1),mdpindx(0)
06-07 13:18:30.451   336  3412 I MdpMgr  : {MdpMgr} [_startMdp] dstSizeList=(0x   e1000,0x   38400,0x   38400),dstVirList=(0xe36eb000,0xe37cc000,0xe3804400),dstPhyList=(0x 3600000,0x 36e1000,0x 3719400),plane num(2)
06-07 13:18:30.451   336  3447 D MDP     : DpEngine_TDSHP: onConfigFrame in ISP scenario: inParam.inISOSpeed = 0
06-07 13:18:30.452   336  3412 I MdpMgr  : {MdpMgr} [_startMdp] -
06-07 13:18:30.452   336  3410 I Iop/P2PPWp.TD: [dequeueJudgement] +
06-07 13:18:30.452   336  3410 I MdpMgr  : {MdpMgr} [dequeueBuf] +,cqIndx(8),sceID(6),deqIndex(1),isWaitBuf(1)
06-07 13:18:30.454   483  2623 D AKMD2   : GetMagneticVector: ST1, HXH&HXL, HYH&HYL, HZH&HZL, ST2, hdata[0].u.x, hdata[0].u.y, hdata[0].u.z, asax, asay, asaz = 1, 85, 109, 154, 0, 1002, 1277, 1756, 23, 22, 18
06-07 13:18:30.456   336  3444 I iio/ifunc: [dequeueHwBuf] pass1d:i(0),dma(9),id(0x0),size(0x1c2000),xsize(0x9ff),VA(0xe0e21000),PA(0x3a00000),crop(0x0,0x0,0xa00,0x2d0),count(1),cur sof(164),frm_cnt(163),mag(0x315ce),rawType(0)
06-07 13:18:30.457   336  3444 D aaa_hal_yuv/3Athread: mCmdQ size(0) + cmd(10) magic(202192)
06-07 13:18:30.457   336  3310 D aaa_hal_yuv/3Athread: CmdQ-size(1), todo(10, 202192)
06-07 13:18:30.457   336  3444 D EisHal  : [DoEis]mSensorIdx(1) not support EIS
06-07 13:18:30.457   336  3444 I iio/ifunc: [waitBufReady] waitBufReady[9]:[ffffffff,2] rtBufCtrl.ctrl(4)/id(9)/ptr(0x0)
06-07 13:18:30.457   336  3446 I Drv/IMem: Drv/IMem[mapPhyAddr] mID(0x123),size(0xe1000),VA(xe0407000),PA(0x4f00000),S/C(0/0)
06-07 13:18:30.457   336  3446 I Drv/IMem: Drv/IMem[mapPhyAddr] mID(0x123),size(0x38400),VA(xe04e8000),PA(0x4f00000),S/C(0/0)
06-07 13:18:30.457   336  3446 I Drv/IMem: Drv/IMem[mapPhyAddr] mID(0x123),size(0x38400),VA(xe0520400),PA(0x4f00000),S/C(0/0)
06-07 13:18:30.457   336  3446 D MtkCam/FeaturePipe: [enqueFeatureGraph] FrameNo(202190)
06-07 13:18:30.457   336  3446 I Iop/P2PPWp: [enque] bufPackageNum(1),misV3(0),magic(1),tuningData(0)
06-07 13:18:30.457   336  3446 I Iop/P2PPWp: [enque] dmaEnPort(0x00008001),featureEntag (0x0),q(0)
06-07 13:18:30.457   336  3446 I iio/ppp : [configPipe] vInPorts:[0]:(0x14),w(1280),h(720),stride(2560,0,0),type(0),idx(4),dir(0),Size(0x001c2000,0x00000000,0x00000000),VA(0xe0e21000,0x00000000,0x00000000),PA(0x03a00000,0x00000000,0x00000000),memID(0x118,0x0,0x0),magicNum(0x315ce)
06-07 13:18:30.457   336  3446 I iio/ppp : [configPipe] [Imgi][crop_1](x,f_x,y,f_y)=(0,0,0,0),(w,h,tarW,tarH)=(1280,720,1280,720)-[crop_2](x,f_x,y,f_y)=(0,0,0,0),(w,h,tarW,tarH)=(1280,720,1280,720)-[crop_3](x,f_x,y,f_y)=(0,0,0,0),(w,h,tarW,tarH)=(1280,720,1280,720),pass2_CQ(9),dupCqIdx(1)
06-07 13:18:30.457   336  3446 I iio/ppp : [configPipe] vOutPorts:[0]:(0x32315659),w(1280),h(720),stride(1280,640,640),type(0),idx(31),dir(1),Size(0x000e1000,0x00038400,0x00038400),VA(0xe0407000,0xe04e8000,0xe0520400),PA(0x04f00000,0x04fe1000,0x05019400),memID(0x123,0x123,0x123)
06-07 13:18:30.457   336  3446 I iio/ppp : [configPipe] drvScenario(6),mdpCheck1(1),mdpCheck2(0),crop1TableIdx(1)
06-07 13:18:30.458   336  3446 I iio/ppp : [configPipe] Pass(1),imgi.fmt(0x14),meScenarioID(6),isCropG1En(0),m_CrzEn(0),mdpSrcFmt(0x14),mdp_src(1280,720,2560,0),en_p2_dma(0x00400001),crop1TableIdx(1),mdpCheck1(1),mdpCheck2(0),drvScenario(6),tcm_en(0x0)
06-07 13:18:30.458   336  3446 I iio/pathp2: [config] +,CamPathPass2:tdri(1),dupCqIdx(1),burstQueIdx(0)
06-07 13:18:30.458   336  3446 I iio/pathp2: [config] cq(9),drvScenario(6),hwScenario(6),sub_mode(0) p2_en(0x18000720),p2_dma(0x00400001),burstQueIdx(0)
06-07 13:18:30.458   336  3446 I iio/ifunc: [_config] [P2]en(0x18000720),EnDma(0x00400001),ctlSel(0x00001648),intEn(0x00000000),fmtSel(0x00000212),cqEn(0x00000002)
06-07 13:18:30.458   336  3310 D aaa_hal_yuv/3Athread: [onThreadLoop] waitVSirq done.
06-07 13:18:30.458   336  3310 D SeninfDrvImp: [getInstance][getInstance] 
06-07 13:18:30.458   336  3310 D SeninfDrvImp: [getInstance][getInstance] 
06-07 13:18:30.458   336  3310 D SeninfDrvImp: [getInstance][getInstance] 
06-07 13:18:30.458   336  3310 I TuningMgr: [byPassSetting] +,scenario(15),MagicNum(202192)
06-07 13:18:30.458   336  3310 I IspDrv  : {IspDrv} [bypassTuningQue] +,softScenario(15),magicNum(0x315d0)
06-07 13:18:30.458   336  3310 I IspDrv  : {IspDrv} [bypassTuningQue] p2Cq(1),pre-curWriteIdx(52),next-curWriteIdx(53)
06-07 13:18:30.458   336  3446 I iio/ifunc: [_enable] path(32),start(2),isP2IspOnly(0),dupCqIdx(1),burstQueIdx(0),SCEN(6)
06-07 13:18:30.458   336  3446 I MdpMgr  : {MdpMgr} [startMdp] +,cqIndx(9),sceID(6),cqPA(0x1b07540),tpipVa(0xec265000),tpipPa(0x2000000),isWaitBuf(1),venc(0)
06-07 13:18:30.458   336  3446 I MdpMgr  : {MdpMgr} [_startMdp] QQ idx[0]_src_crop(1/1) : X(0),FloatX(0),Y(0),FloatY(0),W(1280),H(720)
06-07 13:18:30.458   336  3446 I MdpMgr  : {MdpMgr} [_startMdp] index(0),capbility(3),fmt(51644520),rot(0),flip(0),(w,h,s)=(1280,720,1280),C(w,h,s)=(640,360,640),V(w,h,s)=(640,360,640),dpStreamtype(1),mdpindx(0)
06-07 13:18:30.458   336  3446 I MdpMgr  : {MdpMgr} [_startMdp] dstSizeList=(0x   e1000,0x   38400,0x   38400),dstVirList=(0xe0407000,0xe04e8000,0xe0520400),dstPhyList=(0x 4f00000,0x 4fe1000,0x 5019400),plane num(2)
06-07 13:18:30.459   336  3447 D MDP     : DpEngine_TDSHP: onConfigFrame in ISP scenario: inParam.inISOSpeed = 0
06-07 13:18:30.459   336  3446 I MdpMgr  : {MdpMgr} [_startMdp] -
06-07 13:18:30.461   336  3410 I iio/ppp : [dequeInBuf] dequeInBuf:tid(3410),dequeCq(8),PortID:(type, index, inout, timeout)=(0, 4, 0, -1)
06-07 13:18:30.461   336  3410 I MdpMgr  : {MdpMgr} [dequeueBuf] +,cqIndx(8),sceID(6),deqIndex(0),isWaitBuf(1)
06-07 13:18:30.461   336  3410 I Iop/P2PPWp.TD: [doDequeue] FmvOut(0x3600000),dCq(8/0)
06-07 13:18:30.461   336  3410 D MtkCam/FeaturePipe: [performCallback] FeatureGraph callback FrameNo(238482)
06-07 13:18:30.461   336  3410 I iio/ifunc: [enqueueHwBuf] pass1:dma(4),id(0),size(0x3ba480),VA(0xe266c000),PA(0x2700000),S/C(0/0),bufidx(1),bImdMode(0)
06-07 13:18:30.461   336  3410 I Iop/P2PPWp.TD: [doDequeue] -,cb(249 us)
06-07 13:18:30.461   336  3410 I Iop/P2PPWp.TD: [dequeueJudgement] +
06-07 13:18:30.461   336  3410 I MdpMgr  : {MdpMgr} [dequeueBuf] +,cqIndx(9),sceID(6),deqIndex(1),isWaitBuf(1)
06-07 13:18:30.461  1532  3487 I BufferQueueProducer: [SurfaceTexture-666-1532-0](this:0xf187f400,id:0,api:4,p:336,c:1532) queueBuffer: slot 1 is dropped, handle=0xf4e7eac0
06-07 13:18:30.464   483  2623 E AKMD2   : CalcAngularRate:1121 Error.
06-07 13:18:30.464   483  2623 E AKMD2   : MeasureSNGLoop:646 Error.
06-07 13:18:30.465   336  3410 I iio/ppp : [dequeInBuf] dequeInBuf:tid(3410),dequeCq(9),PortID:(type, index, inout, timeout)=(0, 4, 0, -1)
06-07 13:18:30.465   336  3410 I MdpMgr  : {MdpMgr} [dequeueBuf] +,cqIndx(9),sceID(6),deqIndex(0),isWaitBuf(1)
06-07 13:18:30.465   336  3410 I Iop/P2PPWp.TD: [doDequeue] FmvOut(0x4f00000),dCq(9/1)
06-07 13:18:30.465   336  3410 D MtkCam/FeaturePipe: [performCallback] FeatureGraph callback FrameNo(202190)
06-07 13:18:30.465   336  3410 I iio/ifunc: [enqueueHwBuf] pass1d:dma(9),id(0),size(0x1c2000),VA(0xe0e21000),PA(0x3a00000),S/C(0/0),bufidx(2),bImdMode(0)
06-07 13:18:30.466   336  3410 I Iop/P2PPWp.TD: [doDequeue] -,cb(1088 us)
06-07 13:18:30.474   483  2623 D AKMD2   : GetMagneticVector: ST1, HXH&HXL, HYH&HYL, HZH&HZL, ST2, hdata[0].u.x, hdata[0].u.y, hdata[0].u.z, asax, asay, asaz = 1, 83, 110, 154, 0, 979, 1289, 1756, 23, 22, 18
06-07 13:18:30.477   916   916 E WifiTrafficPoller: TRAFFIC_STATS_POLL true Token 29 num clients 22
06-07 13:18:30.478   916   916 E WifiTrafficPoller:  packet count Tx=13076 Rx=12637
06-07 13:18:30.478   916   916 E WifiTrafficPoller: notifying of data activity 0
06-07 13:18:30.479  1275  1275 D NetworkController.WifiSignalController: Change in state from: connected=true,enabled=true,level=4,inetCondition=1,iconGroup=IconGroup(Wi-Fi Icons),activityIn=false,activityOut=true,rssi=-34,showDataActivityIcon=false,lastModified=06-07 01:18:29,ssid="AIspeech-Mobile"
06-07 13:18:30.479  1275  1275 D NetworkController.WifiSignalController: 	to: connected=true,enabled=true,level=4,inetCondition=1,iconGroup=IconGroup(Wi-Fi Icons),activityIn=false,activityOut=false,rssi=-34,showDataActivityIcon=false,lastModified=06-07 01:18:29,ssid="AIspeech-Mobile"
06-07 13:18:30.479  1275  1275 D SignalClusterView: vpn: GONE
06-07 13:18:30.479  1275  1275 D SignalClusterView: ethernet: GONE
06-07 13:18:30.479  1275  1275 D SignalClusterView: wifi: VISIBLE sig=2130837951
06-07 13:18:30.480  1275  1275 D SignalClusterView: mobile: VISIBLE sig=2130837919 typ=0
06-07 13:18:30.480  1275  1275 D SignalClusterView: vpn: GONE
06-07 13:18:30.480  1275  1275 D SignalClusterView: ethernet: GONE
06-07 13:18:30.480  1275  1275 D SignalClusterView: wifi: VISIBLE sig=2130837951
06-07 13:18:30.480  1275  1275 D SignalClusterView: mobile: VISIBLE sig=2130837919 typ=0
06-07 13:18:30.480  1275  1275 D SignalClusterView: vpn: GONE
06-07 13:18:30.480  1275  1275 D SignalClusterView: ethernet: GONE
06-07 13:18:30.480  1275  1275 D SignalClusterView: wifi: VISIBLE sig=2130837951
06-07 13:18:30.480  1275  1275 D SignalClusterView: mobile: VISIBLE sig=2130837919 typ=0
06-07 13:18:30.481   336  3409 I iio/ifunc: [dequeueHwBuf] pass1:i(0),dma(4),id(0x0),size(0x3ba480),xsize(0xe9f),VA(0xe22b1000),PA(0x2b00000),crop(0x0,0x0,0xea0,0x414),count(1),cur sof(174),frm_cnt(173),mag(0x3a393),rawType(0)
06-07 13:18:30.481   336  3409 D NormalPipe: [MyDeQ:0]PortId(13),va=0xe22b1000,BufHeader=0xeb5c5dc0,PixelId=0, MNum=0x3a393, rrzDstSz=0,0,rrzSrcSz=0,0
06-07 13:18:30.481   336  3409 D aaa_hal_yuv/3Athread: mCmdQ size(0) + cmd(10) magic(238485)
06-07 13:18:30.481   336  3394 D aaa_hal_yuv/3Athread: CmdQ-size(1), todo(10, 238485)
06-07 13:18:30.481   336  3409 D EisHal  : [DoEis]EisIn(1868,1040),P1T(1556,866)
06-07 13:18:30.481   336  3409 D EisHal  : [PrepareEisResult]cmvX(41411),cmvY(29014)
06-07 13:18:30.481   336  3409 D EisHal  : [PrepareEisResult]X(161,1635778560),Y(113,721420288)
06-07 13:18:30.481   336  3409 D EisHal  : [SaveEisResultForP2]too much unused data
06-07 13:18:30.481   336  3409 I iio/ifunc: [waitBufReady] waitBufReady[4]:[1,ffffffff] rtBufCtrl.ctrl(4)/id(4)/ptr(0x0)
06-07 13:18:30.482   336  3412 I Drv/IMem: Drv/IMem[mapPhyAddr] mID(0x2e),size(0xe1000),VA(xe3591000),PA(0x3c00000),S/C(0/0)
06-07 13:18:30.482   336  3412 I Drv/IMem: Drv/IMem[mapPhyAddr] mID(0x2e),size(0x38400),VA(xe3672000),PA(0x3c00000),S/C(0/0)
06-07 13:18:30.482   336  3412 I Drv/IMem: Drv/IMem[mapPhyAddr] mID(0x2e),size(0x38400),VA(xe36aa400),PA(0x3c00000),S/C(0/0)
06-07 13:18:30.482   336  3394 D aaa_hal_yuv/3Athread: [onThreadLoop] waitVSirq done.
06-07 13:18:30.482   336  3412 D MtkCam/FeaturePipe: [enqueFeatureGraph] FrameNo(238483)
06-07 13:18:30.482   336  3394 D SeninfDrvImp: [getInstance][getInstance] 
06-07 13:18:30.482   336  3412 I Iop/P2PPWp: [enque] bufPackageNum(1),misV3(0),magic(1),tuningData(0)
06-07 13:18:30.482   336  3412 I Iop/P2PPWp: [enque] dmaEnPort(0x00008001),featureEntag (0x0),q(0)
06-07 13:18:30.482   336  3394 D SeninfDrvImp: [getInstance][getInstance] 
06-07 13:18:30.482   336  3394 D SeninfDrvImp: [getInstance][getInstance] 
06-07 13:18:30.482   336  3412 I iio/ppp : [configPipe] vInPorts:[0]:(0x14),w(1872),h(1044),stride(3744,0,0),type(0),idx(4),dir(0),Size(0x003ba480,0x00000000,0x00000000),VA(0xe22b1000,0x00000000,0x00000000),PA(0x02b00000,0x00000000,0x00000000),memID(0x103,0x0,0x0),magicNum(0x3a393)
06-07 13:18:30.482   336  3394 I TuningMgr: [byPassSetting] +,scenario(0),MagicNum(238485)
06-07 13:18:30.482   336  3394 I IspDrv  : {IspDrv} [bypassTuningQue] +,softScenario(0),magicNum(0x3a395)
06-07 13:18:30.482   336  3394 I IspDrv  : {IspDrv} [bypassTuningQue] p2Cq(0),pre-curWriteIdx(45),next-curWriteIdx(46)
06-07 13:18:30.482   336  3412 I iio/ppp : [configPipe] [Imgi][crop_1](x,f_x,y,f_y)=(0,0,0,0),(w,h,tarW,tarH)=(1872,1044,1872,1044)-[crop_2](x,f_x,y,f_y)=(8,0,0,0),(w,h,tarW,tarH)=(1856,1044,1856,1044)-[crop_3](x,f_x,y,f_y)=(0,0,0,0),(w,h,tarW,tarH)=(1872,1044,1872,1044),pass2_CQ(8),dupCqIdx(1)
06-07 13:18:30.482   336  3412 I iio/ppp : [configPipe] vOutPorts:[0]:(0x32315659),w(1280),h(720),stride(1280,640,640),type(0),idx(31),dir(1),Size(0x000e1000,0x00038400,0x00038400),VA(0xe3591000,0xe3672000,0xe36aa400),PA(0x03c00000,0x03ce1000,0x03d19400),memID(0x2e,0x2e,0x2e)
06-07 13:18:30.483   336  3412 I iio/ppp : [configPipe] drvScenario(6),mdpCheck1(1),mdpCheck2(0),crop1TableIdx(1)
06-07 13:18:30.483   336  3412 I iio/ppp : [configPipe] Pass(0),imgi.fmt(0x14),meScenarioID(6),isCropG1En(0),m_CrzEn(0),mdpSrcFmt(0x14),mdp_src(1872,1044,3744,0),en_p2_dma(0x00400001),crop1TableIdx(1),mdpCheck1(1),mdpCheck2(0),drvScenario(6),tcm_en(0x0)
06-07 13:18:30.483   336  3412 I iio/pathp2: [config] +,CamPathPass2:tdri(1),dupCqIdx(1),burstQueIdx(0)
06-07 13:18:30.483   336  3412 I iio/pathp2: [config] cq(8),drvScenario(6),hwScenario(6),sub_mode(0) p2_en(0x18000720),p2_dma(0x00400001),burstQueIdx(0)
06-07 13:18:30.483   336  3412 I iio/ifunc: [_config] [P2]en(0x18000720),EnDma(0x00400001),ctlSel(0x00001648),intEn(0x00000000),fmtSel(0x00000212),cqEn(0x00000001)
06-07 13:18:30.483   336  3412 I iio/ifunc: [_enable] path(16),start(1),isP2IspOnly(0),dupCqIdx(1),burstQueIdx(0),SCEN(6)
06-07 13:18:30.483   336  3412 I MdpMgr  : {MdpMgr} [startMdp] +,cqIndx(8),sceID(6),cqPA(0x1b07110),tpipVa(0xec291000),tpipPa(0x1e00000),isWaitBuf(1),venc(0)
06-07 13:18:30.483   336  3412 I MdpMgr  : {MdpMgr} [_startMdp] QQ idx[0]_src_crop(1/1) : X(8),FloatX(0),Y(0),FloatY(0),W(1856),H(1044)
06-07 13:18:30.483   336  3412 I MdpMgr  : {MdpMgr} [_startMdp] index(0),capbility(3),fmt(51644520),rot(0),flip(0),(w,h,s)=(1280,720,1280),C(w,h,s)=(640,360,640),V(w,h,s)=(640,360,640),dpStreamtype(1),mdpindx(0)
06-07 13:18:30.483   336  3412 I MdpMgr  : {MdpMgr} [_startMdp] dstSizeList=(0x   e1000,0x   38400,0x   38400),dstVirList=(0xe3591000,0xe3672000,0xe36aa400),dstPhyList=(0x 3c00000,0x 3ce1000,0x 3d19400),plane num(2)
06-07 13:18:30.484   336  3447 D MDP     : DpEngine_TDSHP: onConfigFrame in ISP scenario: inParam.inISOSpeed = 0
06-07 13:18:30.484   483  2623 E AKMD2   : CalcAngularRate:1121 Error.
06-07 13:18:30.484   483  2623 E AKMD2   : MeasureSNGLoop:646 Error.
06-07 13:18:30.484   336  3412 I MdpMgr  : {MdpMgr} [_startMdp] -
06-07 13:18:30.484   336  3410 I Iop/P2PPWp.TD: [dequeueJudgement] +
06-07 13:18:30.484   336  3410 I MdpMgr  : {MdpMgr} [dequeueBuf] +,cqIndx(8),sceID(6),deqIndex(1),isWaitBuf(1)
06-07 13:18:30.493   336  3410 I iio/ppp : [dequeInBuf] dequeInBuf:tid(3410),dequeCq(8),PortID:(type, index, inout, timeout)=(0, 4, 0, -1)
06-07 13:18:30.493   336  3410 I MdpMgr  : {MdpMgr} [dequeueBuf] +,cqIndx(8),sceID(6),deqIndex(0),isWaitBuf(1)
06-07 13:18:30.493   336  3410 I Iop/P2PPWp.TD: [doDequeue] FmvOut(0x3c00000),dCq(8/1)
06-07 13:18:30.494   336  3410 D MtkCam/FeaturePipe: [performCallback] FeatureGraph callback FrameNo(238483)
06-07 13:18:30.494   336  3410 I iio/ifunc: [enqueueHwBuf] pass1:dma(4),id(0),size(0x3ba480),VA(0xe22b1000),PA(0x2b00000),S/C(0/0),bufidx(2),bImdMode(0)
06-07 13:18:30.494  1532  7163 I BufferQueueProducer: [SurfaceTexture-666-1532-0](this:0xf187f400,id:0,api:4,p:336,c:1532) queueBuffer: slot 2 is dropped, handle=0xf4e7ec00
06-07 13:18:30.494   336  3410 I Iop/P2PPWp.TD: [doDequeue] -,cb(275 us)
06-07 13:18:30.495   483  2623 D AKMD2   : GetMagneticVector: ST1, HXH&HXL, HYH&HYL, HZH&HZL, ST2, hdata[0].u.x, hdata[0].u.y, hdata[0].u.z, asax, asay, asaz = 1, 85, 106, 152, 0, 1002, 1242, 1733, 23, 22, 18
06-07 13:18:30.496   336  3444 I iio/ifunc: [dequeueHwBuf] pass1d:i(0),dma(9),id(0x0),size(0x1c2000),xsize(0x9ff),VA(0xe12ff000),PA(0x3400000),crop(0x0,0x0,0xa00,0x2d0),count(1),cur sof(165),frm_cnt(164),mag(0x315cf),rawType(0)
06-07 13:18:30.496   336  3444 D aaa_hal_yuv/3Athread: mCmdQ size(0) + cmd(10) magic(202193)
06-07 13:18:30.497   336  3444 D EisHal  : [DoEis]mSensorIdx(1) not support EIS
06-07 13:18:30.497   336  3444 I iio/ifunc: [waitBufReady] waitBufReady[9]:[ffffffff,2] rtBufCtrl.ctrl(4)/id(9)/ptr(0x0)
06-07 13:18:30.497   336  3310 D aaa_hal_yuv/3Athread: CmdQ-size(1), todo(10, 202193)
06-07 13:18:30.497   336  3446 I Drv/IMem: Drv/IMem[mapPhyAddr] mID(0x126),size(0xe1000),VA(xe0153000),PA(0x5300000),S/C(0/0)
06-07 13:18:30.497   336  3446 I Drv/IMem: Drv/IMem[mapPhyAddr] mID(0x126),size(0x38400),VA(xe0234000),PA(0x5300000),S/C(0/0)
06-07 13:18:30.497   336  3446 I Drv/IMem: Drv/IMem[mapPhyAddr] mID(0x126),size(0x38400),VA(xe026c400),PA(0x5300000),S/C(0/0)
06-07 13:18:30.497   336  3446 D MtkCam/FeaturePipe: [enqueFeatureGraph] FrameNo(202191)
06-07 13:18:30.497   336  3446 I Iop/P2PPWp: [enque] bufPackageNum(1),misV3(0),magic(1),tuningData(0)
06-07 13:18:30.497   336  3446 I Iop/P2PPWp: [enque] dmaEnPort(0x00008001),featureEntag (0x0),q(0)
06-07 13:18:30.497   336  3446 I iio/ppp : [configPipe] vInPorts:[0]:(0x14),w(1280),h(720),stride(2560,0,0),type(0),idx(4),dir(0),Size(0x001c2000,0x00000000,0x00000000),VA(0xe12ff000,0x00000000,0x00000000),PA(0x03400000,0x00000000,0x00000000),memID(0x113,0x0,0x0),magicNum(0x315cf)
06-07 13:18:30.497   336  3446 I iio/ppp : [configPipe] [Imgi][crop_1](x,f_x,y,f_y)=(0,0,0,0),(w,h,tarW,tarH)=(1280,720,1280,720)-[crop_2](x,f_x,y,f_y)=(0,0,0,0),(w,h,tarW,tarH)=(1280,720,1280,720)-[crop_3](x,f_x,y,f_y)=(0,0,0,0),(w,h,tarW,tarH)=(1280,720,1280,720),pass2_CQ(9),dupCqIdx(0)
06-07 13:18:30.497   336  3446 I iio/ppp : [configPipe] vOutPorts:[0]:(0x32315659),w(1280),h(720),stride(1280,640,640),type(0),idx(31),dir(1),Size(0x000e1000,0x00038400,0x00038400),VA(0xe0153000,0xe0234000,0xe026c400),PA(0x05300000,0x053e1000,0x05419400),memID(0x126,0x126,0x126)
06-07 13:18:30.497   336  3446 I iio/ppp : [configPipe] drvScenario(6),mdpCheck1(1),mdpCheck2(0),crop1TableIdx(1)
06-07 13:18:30.497   336  3446 I iio/ppp : [configPipe] Pass(1),imgi.fmt(0x14),meScenarioID(6),isCropG1En(0),m_CrzEn(0),mdpSrcFmt(0x14),mdp_src(1280,720,2560,0),en_p2_dma(0x00400001),crop1TableIdx(1),mdpCheck1(1),mdpCheck2(0),drvScenario(6),tcm_en(0x0)
06-07 13:18:30.498   336  3446 I iio/pathp2: [config] +,CamPathPass2:tdri(1),dupCqIdx(0),burstQueIdx(0)
06-07 13:18:30.498   336  3446 I iio/pathp2: [config] cq(9),drvScenario(6),hwScenario(6),sub_mode(0) p2_en(0x18000720),p2_dma(0x00400001),burstQueIdx(0)
06-07 13:18:30.498   336  3446 I iio/ifunc: [_config] [P2]en(0x18000720),EnDma(0x00400001),ctlSel(0x00001648),intEn(0x00000000),fmtSel(0x00000212),cqEn(0x00000002)
06-07 13:18:30.498   336  3446 I iio/ifunc: [_enable] path(32),start(2),isP2IspOnly(0),dupCqIdx(0),burstQueIdx(0),SCEN(6)
06-07 13:18:30.498   336  3446 I MdpMgr  : {MdpMgr} [startMdp] +,cqIndx(9),sceID(6),cqPA(0x1b068b0),tpipVa(0xec27b000),tpipPa(0x1f00000),isWaitBuf(1),venc(0)
06-07 13:18:30.498   336  3310 D aaa_hal_yuv/3Athread: [onThreadLoop] waitVSirq done.
06-07 13:18:30.498   336  3310 D SeninfDrvImp: [getInstance][getInstance] 
06-07 13:18:30.498   336  3310 D SeninfDrvImp: [getInstance][getInstance] 
06-07 13:18:30.498   336  3446 I MdpMgr  : {MdpMgr} [_startMdp] QQ idx[0]_src_crop(1/1) : X(0),FloatX(0),Y(0),FloatY(0),W(1280),H(720)
06-07 13:18:30.498   336  3310 D SeninfDrvImp: [getInstance][getInstance] 
06-07 13:18:30.498   336  3446 I MdpMgr  : {MdpMgr} [_startMdp] index(0),capbility(3),fmt(51644520),rot(0),flip(0),(w,h,s)=(1280,720,1280),C(w,h,s)=(640,360,640),V(w,h,s)=(640,360,640),dpStreamtype(1),mdpindx(0)
06-07 13:18:30.498   336  3310 I TuningMgr: [byPassSetting] +,scenario(15),MagicNum(202193)
06-07 13:18:30.498   336  3310 I IspDrv  : {IspDrv} [bypassTuningQue] +,softScenario(15),magicNum(0x315d1)
06-07 13:18:30.498   336  3446 I MdpMgr  : {MdpMgr} [_startMdp] dstSizeList=(0x   e1000,0x   38400,0x   38400),dstVirList=(0xe0153000,0xe0234000,0xe026c400),dstPhyList=(0x 5300000,0x 53e1000,0x 5419400),plane num(2)
06-07 13:18:30.498   336  3310 I IspDrv  : {IspDrv} [bypassTuningQue] p2Cq(1),pre-curWriteIdx(53),next-curWriteIdx(54)
06-07 13:18:30.498   336  3447 D MDP     : DpEngine_TDSHP: onConfigFrame in ISP scenario: inParam.inISOSpeed = 0
06-07 13:18:30.499   336  3446 I MdpMgr  : {MdpMgr} [_startMdp] -
06-07 13:18:30.499   336  3410 I Iop/P2PPWp.TD: [dequeueJudgement] +
06-07 13:18:30.499   336  3410 I MdpMgr  : {MdpMgr} [dequeueBuf] +,cqIndx(9),sceID(6),deqIndex(1),isWaitBuf(1)
06-07 13:18:30.503   336  3410 I iio/ppp : [dequeInBuf] dequeInBuf:tid(3410),dequeCq(9),PortID:(type, index, inout, timeout)=(0, 4, 0, -1)
06-07 13:18:30.503   336  3410 I MdpMgr  : {MdpMgr} [dequeueBuf] +,cqIndx(9),sceID(6),deqIndex(0),isWaitBuf(1)
06-07 13:18:30.504   336  3410 I Iop/P2PPWp.TD: [doDequeue] FmvOut(0x5300000),dCq(9/0)
06-07 13:18:30.504   336  3410 D MtkCam/FeaturePipe: [performCallback] FeatureGraph callback FrameNo(202191)
06-07 13:18:30.504   336  3410 I iio/ifunc: [enqueueHwBuf] pass1d:dma(9),id(0),size(0x1c2000),VA(0xe12ff000),PA(0x3400000),S/C(0/0),bufidx(0),bImdMode(0)
06-07 13:18:30.504   336  3410 I Iop/P2PPWp.TD: [doDequeue] -,cb(288 us)
06-07 13:18:30.504  1511  1511 I SurfaceView: updateWindow -- OnPreDrawListener, mHaveFrame = true, this = com.autonavi.minimap.map.MapSurfaceView{6559f78 V.E...... ........ 0,0-622,400 #7f0d0854 app:id/amap_map_view}
06-07 13:18:30.507   483  2623 E AKMD2   : CalcAngularRate:1121 Error.
06-07 13:18:30.507   483  2623 E AKMD2   : MeasureSNGLoop:646 Error.
06-07 13:18:30.514   336  3409 I iio/ifunc: [dequeueHwBuf] pass1:i(0),dma(4),id(0x0),size(0x3ba480),xsize(0xe9f),VA(0xe2a27000),PA(0x2300000),crop(0x0,0x0,0xea0,0x414),count(1),cur sof(175),frm_cnt(174),mag(0x3a394),rawType(0)
06-07 13:18:30.514   336  3409 D NormalPipe: [MyDeQ:0]PortId(13),va=0xe2a27000,BufHeader=0xeb5c5dc0,PixelId=0, MNum=0x3a394, rrzDstSz=0,0,rrzSrcSz=0,0
06-07 13:18:30.514   336  3409 D aaa_hal_yuv/3Athread: mCmdQ size(0) + cmd(10) magic(238486)
06-07 13:18:30.514   336  3394 D aaa_hal_yuv/3Athread: CmdQ-size(1), todo(10, 238486)
06-07 13:18:30.514   336  3409 D EisHal  : [DoEis]EisIn(1868,1040),P1T(1556,866)
06-07 13:18:30.514   336  3409 D EisHal  : [PrepareEisResult]cmvX(41411),cmvY(29014)
06-07 13:18:30.514   336  3409 D EisHal  : [PrepareEisResult]X(161,1635778560),Y(113,721420288)
06-07 13:18:30.514   336  3409 D EisHal  : [SaveEisResultForP2]too much unused data
06-07 13:18:30.514   336  3409 I iio/ifunc: [waitBufReady] waitBufReady[4]:[1,ffffffff] rtBufCtrl.ctrl(4)/id(4)/ptr(0x0)
06-07 13:18:30.514   336  3412 I Drv/IMem: Drv/IMem[mapPhyAddr] mID(0x2f),size(0xe1000),VA(xe3437000),PA(0x3e00000),S/C(0/0)
06-07 13:18:30.514   483  2623 D AKMD2   : GetMagneticVector: ST1, HXH&HXL, HYH&HYL, HZH&HZL, ST2, hdata[0].u.x, hdata[0].u.y, hdata[0].u.z, asax, asay, asaz = 1, 85, 108, 155, 0, 1002, 1265, 1767, 23, 22, 18
06-07 13:18:30.514   336  3412 I Drv/IMem: Drv/IMem[mapPhyAddr] mID(0x2f),size(0x38400),VA(xe3518000),PA(0x3e00000),S/C(0/0)
06-07 13:18:30.514   336  3412 I Drv/IMem: Drv/IMem[mapPhyAddr] mID(0x2f),size(0x38400),VA(xe3550400),PA(0x3e00000),S/C(0/0)
06-07 13:18:30.514   336  3412 D MtkCam/FeaturePipe: [enqueFeatureGraph] FrameNo(238484)
06-07 13:18:30.514   336  3412 I Iop/P2PPWp: [enque] bufPackageNum(1),misV3(0),magic(1),tuningData(0)
06-07 13:18:30.514   336  3412 I Iop/P2PPWp: [enque] dmaEnPort(0x00008001),featureEntag (0x0),q(0)
06-07 13:18:30.515   336  3412 I iio/ppp : [configPipe] vInPorts:[0]:(0x14),w(1872),h(1044),stride(3744,0,0),type(0),idx(4),dir(0),Size(0x003ba480,0x00000000,0x00000000),VA(0xe2a27000,0x00000000,0x00000000),PA(0x02300000,0x00000000,0x00000000),memID(0xff,0x0,0x0),magicNum(0x3a394)
06-07 13:18:30.515   336  3412 I iio/ppp : [configPipe] [Imgi][crop_1](x,f_x,y,f_y)=(0,0,0,0),(w,h,tarW,tarH)=(1872,1044,1872,1044)-[crop_2](x,f_x,y,f_y)=(8,0,0,0),(w,h,tarW,tarH)=(1856,1044,1856,1044)-[crop_3](x,f_x,y,f_y)=(0,0,0,0),(w,h,tarW,tarH)=(1872,1044,1872,1044),pass2_CQ(8),dupCqIdx(0)
06-07 13:18:30.515   336  3412 I iio/ppp : [configPipe] vOutPorts:[0]:(0x32315659),w(1280),h(720),stride(1280,640,640),type(0),idx(31),dir(1),Size(0x000e1000,0x00038400,0x00038400),VA(0xe3437000,0xe3518000,0xe3550400),PA(0x03e00000,0x03ee1000,0x03f19400),memID(0x2f,0x2f,0x2f)
06-07 13:18:30.515   336  3412 I iio/ppp : [configPipe] drvScenario(6),mdpCheck1(1),mdpCheck2(0),crop1TableIdx(1)
06-07 13:18:30.515   336  3412 I iio/ppp : [configPipe] Pass(0),imgi.fmt(0x14),meScenarioID(6),isCropG1En(0),m_CrzEn(0),mdpSrcFmt(0x14),mdp_src(1872,1044,3744,0),en_p2_dma(0x00400001),crop1TableIdx(1),mdpCheck1(1),mdpCheck2(0),drvScenario(6),tcm_en(0x0)
06-07 13:18:30.515   336  3412 I iio/pathp2: [config] +,CamPathPass2:tdri(1),dupCqIdx(0),burstQueIdx(0)
06-07 13:18:30.515   336  3412 I iio/pathp2: [config] cq(8),drvScenario(6),hwScenario(6),sub_mode(0) p2_en(0x18000720),p2_dma(0x00400001),burstQueIdx(0)
06-07 13:18:30.515   336  3412 I iio/ifunc: [_config] [P2]en(0x18000720),EnDma(0x00400001),ctlSel(0x00001648),intEn(0x00000000),fmtSel(0x00000212),cqEn(0x00000001)
06-07 13:18:30.515   336  3394 D aaa_hal_yuv/3Athread: [onThreadLoop] waitVSirq done.
06-07 13:18:30.515   336  3394 D SeninfDrvImp: [getInstance][getInstance] 
06-07 13:18:30.515   336  3394 D SeninfDrvImp: [getInstance][getInstance] 
06-07 13:18:30.515   336  3412 I iio/ifunc: [_enable] path(16),start(1),isP2IspOnly(0),dupCqIdx(0),burstQueIdx(0),SCEN(6)
06-07 13:18:30.515   336  3394 D SeninfDrvImp: [getInstance][getInstance] 
06-07 13:18:30.515   336  3394 I TuningMgr: [byPassSetting] +,scenario(0),MagicNum(238486)
06-07 13:18:30.515   336  3412 I MdpMgr  : {MdpMgr} [startMdp] +,cqIndx(8),sceID(6),cqPA(0x1b06480),tpipVa(0xec2a7000),tpipPa(0x1d00000),isWaitBuf(1),venc(0)
06-07 13:18:30.516   336  3394 I IspDrv  : {IspDrv} [bypassTuningQue] +,softScenario(0),magicNum(0x3a396)
06-07 13:18:30.516   336  3394 I IspDrv  : {IspDrv} [bypassTuningQue] p2Cq(0),pre-curWriteIdx(46),next-curWriteIdx(47)
06-07 13:18:30.516   336  3412 I MdpMgr  : {MdpMgr} [_startMdp] QQ idx[0]_src_crop(1/1) : X(8),FloatX(0),Y(0),FloatY(0),W(1856),H(1044)
06-07 13:18:30.516   336  3412 I MdpMgr  : {MdpMgr} [_startMdp] index(0),capbility(3),fmt(51644520),rot(0),flip(0),(w,h,s)=(1280,720,1280),C(w,h,s)=(640,360,640),V(w,h,s)=(640,360,640),dpStreamtype(1),mdpindx(0)
06-07 13:18:30.516   336  3412 I MdpMgr  : {MdpMgr} [_startMdp] dstSizeList=(0x   e1000,0x   38400,0x   38400),dstVirList=(0xe3437000,0xe3518000,0xe3550400),dstPhyList=(0x 3e00000,0x 3ee1000,0x 3f19400),plane num(2)
06-07 13:18:30.516   336  3447 D MDP     : DpEngine_TDSHP: onConfigFrame in ISP scenario: inParam.inISOSpeed = 0
06-07 13:18:30.516   336  3412 I MdpMgr  : {MdpMgr} [_startMdp] -
06-07 13:18:30.517   336  3410 I Iop/P2PPWp.TD: [dequeueJudgement] +
06-07 13:18:30.517   336  3410 I MdpMgr  : {MdpMgr} [dequeueBuf] +,cqIndx(8),sceID(6),deqIndex(1),isWaitBuf(1)
06-07 13:18:30.524   483  2623 E AKMD2   : CalcAngularRate:1121 Error.
06-07 13:18:30.524   483  2623 E AKMD2   : MeasureSNGLoop:646 Error.
06-07 13:18:30.525   336  3410 I iio/ppp : [dequeInBuf] dequeInBuf:tid(3410),dequeCq(8),PortID:(type, index, inout, timeout)=(0, 4, 0, -1)
06-07 13:18:30.526   336  3410 I MdpMgr  : {MdpMgr} [dequeueBuf] +,cqIndx(8),sceID(6),deqIndex(0),isWaitBuf(1)
06-07 13:18:30.526   336  3410 I Iop/P2PPWp.TD: [doDequeue] FmvOut(0x3e00000),dCq(8/0)
06-07 13:18:30.526   336  3410 D MtkCam/FeaturePipe: [performCallback] FeatureGraph callback FrameNo(238484)
06-07 13:18:30.526   336  3410 I iio/ifunc: [enqueueHwBuf] pass1:dma(4),id(0),size(0x3ba480),VA(0xe2a27000),PA(0x2300000),S/C(0/0),bufidx(0),bImdMode(0)
06-07 13:18:30.526   336  3410 I Iop/P2PPWp.TD: [doDequeue] -,cb(359 us)
06-07 13:18:30.526  1532  1655 I BufferQueueProducer: [SurfaceTexture-666-1532-0](this:0xf187f400,id:0,api:4,p:336,c:1532) queueBuffer: slot 3 is dropped, handle=0xf4e7ed40
06-07 13:18:30.536   483  2623 D AKMD2   : GetMagneticVector: ST1, HXH&HXL, HYH&HYL, HZH&HZL, ST2, hdata[0].u.x, hdata[0].u.y, hdata[0].u.z, asax, asay, asaz = 1, 87, 109, 154, 0, 1026, 1277, 1756, 23, 22, 18
06-07 13:18:30.536   336  3444 I iio/ifunc: [dequeueHwBuf] pass1d:i(0),dma(9),id(0x0),size(0x1c2000),xsize(0x9ff),VA(0xe0fe3000),PA(0x3800000),crop(0x0,0x0,0xa00,0x2d0),count(1),cur sof(166),frm_cnt(165),mag(0x315d0),rawType(0)
06-07 13:18:30.537   336  3444 D aaa_hal_yuv/3Athread: mCmdQ size(0) + cmd(10) magic(202194)
06-07 13:18:30.537   336  3444 D EisHal  : [DoEis]mSensorIdx(1) not support EIS
06-07 13:18:30.537   336  3444 I iio/ifunc: [waitBufReady] waitBufReady[9]:[ffffffff,2] rtBufCtrl.ctrl(4)/id(9)/ptr(0x0)
06-07 13:18:30.537   336  3310 D aaa_hal_yuv/3Athread: CmdQ-size(1), todo(10, 202194)
06-07 13:18:30.537   336  3446 I Drv/IMem: Drv/IMem[mapPhyAddr] mID(0x120),size(0xe1000),VA(xe0815000),PA(0x4900000),S/C(0/0)
06-07 13:18:30.537   336  3446 I Drv/IMem: Drv/IMem[mapPhyAddr] mID(0x120),size(0x38400),VA(xe08f6000),PA(0x4900000),S/C(0/0)
06-07 13:18:30.537   336  3446 I Drv/IMem: Drv/IMem[mapPhyAddr] mID(0x120),size(0x38400),VA(xe092e400),PA(0x4900000),S/C(0/0)
06-07 13:18:30.537   336  3446 D MtkCam/FeaturePipe: [enqueFeatureGraph] FrameNo(202192)
06-07 13:18:30.537   336  3446 I Iop/P2PPWp: [enque] bufPackageNum(1),misV3(0),magic(1),tuningData(0)
06-07 13:18:30.537   336  3446 I Iop/P2PPWp: [enque] dmaEnPort(0x00008001),featureEntag (0x0),q(0)
06-07 13:18:30.537   336  3446 I iio/ppp : [configPipe] vInPorts:[0]:(0x14),w(1280),h(720),stride(2560,0,0),type(0),idx(4),dir(0),Size(0x001c2000,0x00000000,0x00000000),VA(0xe0fe3000,0x00000000,0x00000000),PA(0x03800000,0x00000000,0x00000000),memID(0x116,0x0,0x0),magicNum(0x315d0)
06-07 13:18:30.537   336  3446 I iio/ppp : [configPipe] [Imgi][crop_1](x,f_x,y,f_y)=(0,0,0,0),(w,h,tarW,tarH)=(1280,720,1280,720)-[crop_2](x,f_x,y,f_y)=(0,0,0,0),(w,h,tarW,tarH)=(1280,720,1280,720)-[crop_3](x,f_x,y,f_y)=(0,0,0,0),(w,h,tarW,tarH)=(1280,720,1280,720),pass2_CQ(9),dupCqIdx(1)
06-07 13:18:30.537   336  3446 I iio/ppp : [configPipe] vOutPorts:[0]:(0x32315659),w(1280),h(720),stride(1280,640,640),type(0),idx(31),dir(1),Size(0x000e1000,0x00038400,0x00038400),VA(0xe0815000,0xe08f6000,0xe092e400),PA(0x04900000,0x049e1000,0x04a19400),memID(0x120,0x120,0x120)
06-07 13:18:30.538   336  3446 I iio/ppp : [configPipe] drvScenario(6),mdpCheck1(1),mdpCheck2(0),crop1TableIdx(1)
06-07 13:18:30.538   336  3446 I iio/ppp : [configPipe] Pass(1),imgi.fmt(0x14),meScenarioID(6),isCropG1En(0),m_CrzEn(0),mdpSrcFmt(0x14),mdp_src(1280,720,2560,0),en_p2_dma(0x00400001),crop1TableIdx(1),mdpCheck1(1),mdpCheck2(0),drvScenario(6),tcm_en(0x0)
06-07 13:18:30.538   336  3446 I iio/pathp2: [config] +,CamPathPass2:tdri(1),dupCqIdx(1),burstQueIdx(0)
06-07 13:18:30.538   336  3446 I iio/pathp2: [config] cq(9),drvScenario(6),hwScenario(6),sub_mode(0) p2_en(0x18000720),p2_dma(0x00400001),burstQueIdx(0)
06-07 13:18:30.538   336  3446 I iio/ifunc: [_config] [P2]en(0x18000720),EnDma(0x00400001),ctlSel(0x00001648),intEn(0x00000000),fmtSel(0x00000212),cqEn(0x00000002)
06-07 13:18:30.538   336  3310 D aaa_hal_yuv/3Athread: [onThreadLoop] waitVSirq done.
06-07 13:18:30.538   336  3310 D SeninfDrvImp: [getInstance][getInstance] 
06-07 13:18:30.538   336  3310 D SeninfDrvImp: [getInstance][getInstance] 
06-07 13:18:30.538   336  3310 D SeninfDrvImp: [getInstance][getInstance] 
06-07 13:18:30.538   336  3446 I iio/ifunc: [_enable] path(32),start(2),isP2IspOnly(0),dupCqIdx(1),burstQueIdx(0),SCEN(6)
06-07 13:18:30.538   336  3310 I TuningMgr: [byPassSetting] +,scenario(15),MagicNum(202194)
06-07 13:18:30.538   336  3446 I MdpMgr  : {MdpMgr} [startMdp] +,cqIndx(9),sceID(6),cqPA(0x1b07540),tpipVa(0xec265000),tpipPa(0x2000000),isWaitBuf(1),venc(0)
06-07 13:18:30.538   336  3310 I IspDrv  : {IspDrv} [bypassTuningQue] +,softScenario(15),magicNum(0x315d2)
06-07 13:18:30.538   336  3310 I IspDrv  : {IspDrv} [bypassTuningQue] p2Cq(1),pre-curWriteIdx(54),next-curWriteIdx(55)
06-07 13:18:30.538   336  3446 I MdpMgr  : {MdpMgr} [_startMdp] QQ idx[0]_src_crop(1/1) : X(0),FloatX(0),Y(0),FloatY(0),W(1280),H(720)
06-07 13:18:30.538   336  3446 I MdpMgr  : {MdpMgr} [_startMdp] index(0),capbility(3),fmt(51644520),rot(0),flip(0),(w,h,s)=(1280,720,1280),C(w,h,s)=(640,360,640),V(w,h,s)=(640,360,640),dpStreamtype(1),mdpindx(0)
06-07 13:18:30.538   336  3446 I MdpMgr  : {MdpMgr} [_startMdp] dstSizeList=(0x   e1000,0x   38400,0x   38400),dstVirList=(0xe0815000,0xe08f6000,0xe092e400),dstPhyList=(0x 4900000,0x 49e1000,0x 4a19400),plane num(2)
06-07 13:18:30.539   336  3447 D MDP     : DpEngine_TDSHP: onConfigFrame in ISP scenario: inParam.inISOSpeed = 0
06-07 13:18:30.539   336  3446 I MdpMgr  : {MdpMgr} [_startMdp] -
06-07 13:18:30.539   336  3410 I Iop/P2PPWp.TD: [dequeueJudgement] +
06-07 13:18:30.539   336  3410 I MdpMgr  : {MdpMgr} [dequeueBuf] +,cqIndx(9),sceID(6),deqIndex(1),isWaitBuf(1)
06-07 13:18:30.543   336  3410 I iio/ppp : [dequeInBuf] dequeInBuf:tid(3410),dequeCq(9),PortID:(type, index, inout, timeout)=(0, 4, 0, -1)
06-07 13:18:30.543   336  3410 I MdpMgr  : {MdpMgr} [dequeueBuf] +,cqIndx(9),sceID(6),deqIndex(0),isWaitBuf(1)
06-07 13:18:30.544   336  3410 I Iop/P2PPWp.TD: [doDequeue] FmvOut(0x4900000),dCq(9/1)
06-07 13:18:30.544   336  3410 D MtkCam/FeaturePipe: [performCallback] FeatureGraph callback FrameNo(202192)
06-07 13:18:30.544   336  3410 I iio/ifunc: [enqueueHwBuf] pass1d:dma(9),id(0),size(0x1c2000),VA(0xe0fe3000),PA(0x3800000),S/C(0/0),bufidx(1),bImdMode(0)
06-07 13:18:30.544   336  3410 I Iop/P2PPWp.TD: [doDequeue] -,cb(257 us)
06-07 13:18:30.546   483  2623 E AKMD2   : CalcAngularRate:1121 Error.
06-07 13:18:30.546   483  2623 E AKMD2   : MeasureSNGLoop:646 Error.
06-07 13:18:30.547   336  3409 I iio/ifunc: [dequeueHwBuf] pass1:i(0),dma(4),id(0x0),size(0x3ba480),xsize(0xe9f),VA(0xe266c000),PA(0x2700000),crop(0x0,0x0,0xea0,0x414),count(1),cur sof(176),frm_cnt(175),mag(0x3a395),rawType(0)
06-07 13:18:30.547   336  3409 D NormalPipe: [MyDeQ:0]PortId(13),va=0xe266c000,BufHeader=0xeb5c5dc0,PixelId=0, MNum=0x3a395, rrzDstSz=0,0,rrzSrcSz=0,0
06-07 13:18:30.547   336  3409 D aaa_hal_yuv/3Athread: mCmdQ size(0) + cmd(10) magic(238487)
06-07 13:18:30.547   336  3409 D EisHal  : [DoEis]EisIn(1868,1040),P1T(1556,866)
06-07 13:18:30.547   336  3394 D aaa_hal_yuv/3Athread: CmdQ-size(1), todo(10, 238487)
06-07 13:18:30.548   336  3409 D EisHal  : [PrepareEisResult]cmvX(41411),cmvY(29014)
06-07 13:18:30.548   336  3409 D EisHal  : [PrepareEisResult]X(161,1635778560),Y(113,721420288)
06-07 13:18:30.548   336  3409 D EisHal  : [SaveEisResultForP2]too much unused data
06-07 13:18:30.548   336  3409 I iio/ifunc: [waitBufReady] waitBufReady[4]:[1,ffffffff] rtBufCtrl.ctrl(4)/id(4)/ptr(0x0)
06-07 13:18:30.548   336  3412 I Drv/IMem: Drv/IMem[mapPhyAddr] mID(0x32),size(0xe1000),VA(xe32dd000),PA(0x4100000),S/C(0/0)
06-07 13:18:30.548   336  3412 I Drv/IMem: Drv/IMem[mapPhyAddr] mID(0x32),size(0x38400),VA(xe33be000),PA(0x4100000),S/C(0/0)
06-07 13:18:30.548   336  3412 I Drv/IMem: Drv/IMem[mapPhyAddr] mID(0x32),size(0x38400),VA(xe33f6400),PA(0x4100000),S/C(0/0)
06-07 13:18:30.548   336  3412 D MtkCam/FeaturePipe: [enqueFeatureGraph] FrameNo(238485)
06-07 13:18:30.548   336  3412 I Iop/P2PPWp: [enque] bufPackageNum(1),misV3(0),magic(1),tuningData(0)
06-07 13:18:30.548   336  3412 I Iop/P2PPWp: [enque] dmaEnPort(0x00008001),featureEntag (0x0),q(0)
06-07 13:18:30.548   336  3412 I iio/ppp : [configPipe] vInPorts:[0]:(0x14),w(1872),h(1044),stride(3744,0,0),type(0),idx(4),dir(0),Size(0x003ba480,0x00000000,0x00000000),VA(0xe266c000,0x00000000,0x00000000),PA(0x02700000,0x00000000,0x00000000),memID(0x101,0x0,0x0),magicNum(0x3a395)
06-07 13:18:30.548   336  3412 I iio/ppp : [configPipe] [Imgi][crop_1](x,f_x,y,f_y)=(0,0,0,0),(w,h,tarW,tarH)=(1872,1044,1872,1044)-[crop_2](x,f_x,y,f_y)=(8,0,0,0),(w,h,tarW,tarH)=(1856,1044,1856,1044)-[crop_3](x,f_x,y,f_y)=(0,0,0,0),(w,h,tarW,tarH)=(1872,1044,1872,1044),pass2_CQ(8),dupCqIdx(1)
06-07 13:18:30.548   336  3412 I iio/ppp : [configPipe] vOutPorts:[0]:(0x32315659),w(1280),h(720),stride(1280,640,640),type(0),idx(31),dir(1),Size(0x000e1000,0x00038400,0x00038400),VA(0xe32dd000,0xe33be000,0xe33f6400),PA(0x04100000,0x041e1000,0x04219400),memID(0x32,0x32,0x32)
06-07 13:18:30.548   336  3412 I iio/ppp : [configPipe] drvScenario(6),mdpCheck1(1),mdpCheck2(0),crop1TableIdx(1)
06-07 13:18:30.549   336  3394 D aaa_hal_yuv/3Athread: [onThreadLoop] waitVSirq done.
06-07 13:18:30.549   336  3394 D SeninfDrvImp: [getInstance][getInstance] 
06-07 13:18:30.549   336  3394 D SeninfDrvImp: [getInstance][getInstance] 
06-07 13:18:30.549   336  3394 D SeninfDrvImp: [getInstance][getInstance] 
06-07 13:18:30.549   336  3394 I TuningMgr: [byPassSetting] +,scenario(0),MagicNum(238487)
06-07 13:18:30.549   336  3394 I IspDrv  : {IspDrv} [bypassTuningQue] +,softScenario(0),magicNum(0x3a397)
06-07 13:18:30.549   336  3394 I IspDrv  : {IspDrv} [bypassTuningQue] p2Cq(0),pre-curWriteIdx(47),next-curWriteIdx(48)
06-07 13:18:30.549   336  3412 I iio/ppp : [configPipe] Pass(0),imgi.fmt(0x14),meScenarioID(6),isCropG1En(0),m_CrzEn(0),mdpSrcFmt(0x14),mdp_src(1872,1044,3744,0),en_p2_dma(0x00400001),crop1TableIdx(1),mdpCheck1(1),mdpCheck2(0),drvScenario(6),tcm_en(0x0)
06-07 13:18:30.549   336  3412 I iio/pathp2: [config] +,CamPathPass2:tdri(1),dupCqIdx(1),burstQueIdx(0)
06-07 13:18:30.549   336  3412 I iio/pathp2: [config] cq(8),drvScenario(6),hwScenario(6),sub_mode(0) p2_en(0x18000720),p2_dma(0x00400001),burstQueIdx(0)
06-07 13:18:30.549   336  3412 I iio/ifunc: [_config] [P2]en(0x18000720),EnDma(0x00400001),ctlSel(0x00001648),intEn(0x00000000),fmtSel(0x00000212),cqEn(0x00000001)
06-07 13:18:30.549   336  3412 I iio/ifunc: [_enable] path(16),start(1),isP2IspOnly(0),dupCqIdx(1),burstQueIdx(0),SCEN(6)
06-07 13:18:30.549   336  3412 I MdpMgr  : {MdpMgr} [startMdp] +,cqIndx(8),sceID(6),cqPA(0x1b07110),tpipVa(0xec291000),tpipPa(0x1e00000),isWaitBuf(1),venc(0)
06-07 13:18:30.549   336  3412 I MdpMgr  : {MdpMgr} [_startMdp] QQ idx[0]_src_crop(1/1) : X(8),FloatX(0),Y(0),FloatY(0),W(1856),H(1044)
06-07 13:18:30.549   336  3412 I MdpMgr  : {MdpMgr} [_startMdp] index(0),capbility(3),fmt(51644520),rot(0),flip(0),(w,h,s)=(1280,720,1280),C(w,h,s)=(640,360,640),V(w,h,s)=(640,360,640),dpStreamtype(1),mdpindx(0)
06-07 13:18:30.550   336  3412 I MdpMgr  : {MdpMgr} [_startMdp] dstSizeList=(0x   e1000,0x   38400,0x   38400),dstVirList=(0xe32dd000,0xe33be000,0xe33f6400),dstPhyList=(0x 4100000,0x 41e1000,0x 4219400),plane num(2)
06-07 13:18:30.550   336  3447 D MDP     : DpEngine_TDSHP: onConfigFrame in ISP scenario: inParam.inISOSpeed = 0
06-07 13:18:30.550   336  3412 I MdpMgr  : {MdpMgr} [_startMdp] -
06-07 13:18:30.551   336  3410 I Iop/P2PPWp.TD: [dequeueJudgement] +
06-07 13:18:30.551   336  3410 I MdpMgr  : {MdpMgr} [dequeueBuf] +,cqIndx(8),sceID(6),deqIndex(1),isWaitBuf(1)
06-07 13:18:30.554   483  2623 D AKMD2   : GetMagneticVector: ST1, HXH&HXL, HYH&HYL, HZH&HZL, ST2, hdata[0].u.x, hdata[0].u.y, hdata[0].u.z, asax, asay, asaz = 1, 83, 107, 153, 0, 979, 1253, 1745, 23, 22, 18
06-07 13:18:30.559   336  3410 I iio/ppp : [dequeInBuf] dequeInBuf:tid(3410),dequeCq(8),PortID:(type, index, inout, timeout)=(0, 4, 0, -1)
06-07 13:18:30.559   336  3410 I MdpMgr  : {MdpMgr} [dequeueBuf] +,cqIndx(8),sceID(6),deqIndex(0),isWaitBuf(1)
06-07 13:18:30.559   336  3410 I Iop/P2PPWp.TD: [doDequeue] FmvOut(0x4100000),dCq(8/1)
06-07 13:18:30.559   336  3410 D MtkCam/FeaturePipe: [performCallback] FeatureGraph callback FrameNo(238485)
06-07 13:18:30.559   336  3410 I iio/ifunc: [enqueueHwBuf] pass1:dma(4),id(0),size(0x3ba480),VA(0xe266c000),PA(0x2700000),S/C(0/0),bufidx(1),bImdMode(0)
06-07 13:18:30.560  1532  1655 I BufferQueueProducer: [SurfaceTexture-666-1532-0](this:0xf187f400,id:0,api:4,p:336,c:1532) queueBuffer: slot 4 is dropped, handle=0xf4e7ee80
06-07 13:18:30.560   336  3410 I Iop/P2PPWp.TD: [doDequeue] -,cb(326 us)
06-07 13:18:30.564   483  2623 E AKMD2   : CalcAngularRate:1121 Error.
06-07 13:18:30.564   483  2623 E AKMD2   : MeasureSNGLoop:646 Error.
06-07 13:18:30.575   483  2623 D AKMD2   : GetMagneticVector: ST1, HXH&HXL, HYH&HYL, HZH&HZL, ST2, hdata[0].u.x, hdata[0].u.y, hdata[0].u.z, asax, asay, asaz = 1, 83, 112, 155, 0, 979, 1312, 1767, 23, 22, 18
06-07 13:18:30.576   336  3444 I iio/ifunc: [dequeueHwBuf] pass1d:i(0),dma(9),id(0x0),size(0x1c2000),xsize(0x9ff),VA(0xe0e21000),PA(0x3a00000),crop(0x0,0x0,0xa00,0x2d0),count(1),cur sof(167),frm_cnt(166),mag(0x315d1),rawType(0)
06-07 13:18:30.577   336  3444 D aaa_hal_yuv/3Athread: mCmdQ size(0) + cmd(10) magic(202195)
06-07 13:18:30.577   336  3310 D aaa_hal_yuv/3Athread: CmdQ-size(1), todo(10, 202195)
06-07 13:18:30.577   336  3444 D EisHal  : [DoEis]mSensorIdx(1) not support EIS
06-07 13:18:30.577   336  3444 I iio/ifunc: [waitBufReady] waitBufReady[9]:[ffffffff,2] rtBufCtrl.ctrl(4)/id(9)/ptr(0x0)
06-07 13:18:30.577   336  3446 I Drv/IMem: Drv/IMem[mapPhyAddr] mID(0x11f),size(0xe1000),VA(xe096f000),PA(0x4700000),S/C(0/0)
06-07 13:18:30.577   336  3446 I Drv/IMem: Drv/IMem[mapPhyAddr] mID(0x11f),size(0x38400),VA(xe0a50000),PA(0x4700000),S/C(0/0)
06-07 13:18:30.577   336  3446 I Drv/IMem: Drv/IMem[mapPhyAddr] mID(0x11f),size(0x38400),VA(xe0a88400),PA(0x4700000),S/C(0/0)
06-07 13:18:30.577   336  3446 D MtkCam/FeaturePipe: [enqueFeatureGraph] FrameNo(202193)
06-07 13:18:30.577   336  3446 I Iop/P2PPWp: [enque] bufPackageNum(1),misV3(0),magic(1),tuningData(0)
06-07 13:18:30.577   336  3446 I Iop/P2PPWp: [enque] dmaEnPort(0x00008001),featureEntag (0x0),q(0)
06-07 13:18:30.577   336  3446 I iio/ppp : [configPipe] vInPorts:[0]:(0x14),w(1280),h(720),stride(2560,0,0),type(0),idx(4),dir(0),Size(0x001c2000,0x00000000,0x00000000),VA(0xe0e21000,0x00000000,0x00000000),PA(0x03a00000,0x00000000,0x00000000),memID(0x118,0x0,0x0),magicNum(0x315d1)
06-07 13:18:30.577   336  3446 I iio/ppp : [configPipe] [Imgi][crop_1](x,f_x,y,f_y)=(0,0,0,0),(w,h,tarW,tarH)=(1280,720,1280,720)-[crop_2](x,f_x,y,f_y)=(0,0,0,0),(w,h,tarW,tarH)=(1280,720,1280,720)-[crop_3](x,f_x,y,f_y)=(0,0,0,0),(w,h,tarW,tarH)=(1280,720,1280,720),pass2_CQ(9),dupCqIdx(0)
06-07 13:18:30.578   336  3446 I iio/ppp : [configPipe] vOutPorts:[0]:(0x32315659),w(1280),h(720),stride(1280,640,640),type(0),idx(31),dir(1),Size(0x000e1000,0x00038400,0x00038400),VA(0xe096f000,0xe0a50000,0xe0a88400),PA(0x04700000,0x047e1000,0x04819400),memID(0x11f,0x11f,0x11f)
06-07 13:18:30.578   336  3446 I iio/ppp : [configPipe] drvScenario(6),mdpCheck1(1),mdpCheck2(0),crop1TableIdx(1)
06-07 13:18:30.578   336  3446 I iio/ppp : [configPipe] Pass(1),imgi.fmt(0x14),meScenarioID(6),isCropG1En(0),m_CrzEn(0),mdpSrcFmt(0x14),mdp_src(1280,720,2560,0),en_p2_dma(0x00400001),crop1TableIdx(1),mdpCheck1(1),mdpCheck2(0),drvScenario(6),tcm_en(0x0)
06-07 13:18:30.578   336  3310 D aaa_hal_yuv/3Athread: [onThreadLoop] waitVSirq done.
06-07 13:18:30.578   336  3310 D SeninfDrvImp: [getInstance][getInstance] 
06-07 13:18:30.578   336  3310 D SeninfDrvImp: [getInstance][getInstance] 
06-07 13:18:30.578   336  3310 D SeninfDrvImp: [getInstance][getInstance] 
06-07 13:18:30.578   336  3310 I TuningMgr: [byPassSetting] +,scenario(15),MagicNum(202195)
06-07 13:18:30.578   336  3310 I IspDrv  : {IspDrv} [bypassTuningQue] +,softScenario(15),magicNum(0x315d3)
06-07 13:18:30.578   336  3310 I IspDrv  : {IspDrv} [bypassTuningQue] p2Cq(1),pre-curWriteIdx(55),next-curWriteIdx(56)
06-07 13:18:30.578   336  3446 I iio/pathp2: [config] +,CamPathPass2:tdri(1),dupCqIdx(0),burstQueIdx(0)
06-07 13:18:30.578   336  3446 I iio/pathp2: [config] cq(9),drvScenario(6),hwScenario(6),sub_mode(0) p2_en(0x18000720),p2_dma(0x00400001),burstQueIdx(0)
06-07 13:18:30.579   336  3446 I iio/ifunc: [_config] [P2]en(0x18000720),EnDma(0x00400001),ctlSel(0x00001648),intEn(0x00000000),fmtSel(0x00000212),cqEn(0x00000002)
06-07 13:18:30.579   336  3446 I iio/ifunc: [_enable] path(32),start(2),isP2IspOnly(0),dupCqIdx(0),burstQueIdx(0),SCEN(6)
06-07 13:18:30.579   336  3446 I MdpMgr  : {MdpMgr} [startMdp] +,cqIndx(9),sceID(6),cqPA(0x1b068b0),tpipVa(0xec27b000),tpipPa(0x1f00000),isWaitBuf(1),venc(0)
06-07 13:18:30.579   336  3446 I MdpMgr  : {MdpMgr} [_startMdp] QQ idx[0]_src_crop(1/1) : X(0),FloatX(0),Y(0),FloatY(0),W(1280),H(720)
06-07 13:18:30.579   336  3446 I MdpMgr  : {MdpMgr} [_startMdp] index(0),capbility(3),fmt(51644520),rot(0),flip(0),(w,h,s)=(1280,720,1280),C(w,h,s)=(640,360,640),V(w,h,s)=(640,360,640),dpStreamtype(1),mdpindx(0)
06-07 13:18:30.579   336  3446 I MdpMgr  : {MdpMgr} [_startMdp] dstSizeList=(0x   e1000,0x   38400,0x   38400),dstVirList=(0xe096f000,0xe0a50000,0xe0a88400),dstPhyList=(0x 4700000,0x 47e1000,0x 4819400),plane num(2)
06-07 13:18:30.579   336  3447 D MDP     : DpEngine_TDSHP: onConfigFrame in ISP scenario: inParam.inISOSpeed = 0
06-07 13:18:30.580   336  3446 I MdpMgr  : {MdpMgr} [_startMdp] -
06-07 13:18:30.580   336  3409 I iio/ifunc: [dequeueHwBuf] pass1:i(0),dma(4),id(0x0),size(0x3ba480),xsize(0xe9f),VA(0xe22b1000),PA(0x2b00000),crop(0x0,0x0,0xea0,0x414),count(1),cur sof(177),frm_cnt(176),mag(0x3a396),rawType(0)
06-07 13:18:30.580   336  3409 D NormalPipe: [MyDeQ:0]PortId(13),va=0xe22b1000,BufHeader=0xeb5c5dc0,PixelId=0, MNum=0x3a396, rrzDstSz=0,0,rrzSrcSz=0,0
06-07 13:18:30.580   336  3410 I Iop/P2PPWp.TD: [dequeueJudgement] +
06-07 13:18:30.580   336  3409 D aaa_hal_yuv/3Athread: mCmdQ size(0) + cmd(10) magic(238488)
06-07 13:18:30.580   336  3410 I MdpMgr  : {MdpMgr} [dequeueBuf] +,cqIndx(9),sceID(6),deqIndex(1),isWaitBuf(1)
06-07 13:18:30.580   336  3394 D aaa_hal_yuv/3Athread: CmdQ-size(1), todo(10, 238488)
06-07 13:18:30.580   336  3409 D EisHal  : [DoEis]EisIn(1868,1040),P1T(1556,866)
06-07 13:18:30.581   336  3409 D EisHal  : [PrepareEisResult]cmvX(41411),cmvY(29014)
06-07 13:18:30.581   336  3409 D EisHal  : [PrepareEisResult]X(161,1635778560),Y(113,721420288)
06-07 13:18:30.581   336  3409 D EisHal  : [SaveEisResultForP2]too much unused data
06-07 13:18:30.581   336  3409 I iio/ifunc: [waitBufReady] waitBufReady[4]:[1,ffffffff] rtBufCtrl.ctrl(4)/id(4)/ptr(0x0)
06-07 13:18:30.581   336  3412 I Drv/IMem: Drv/IMem[mapPhyAddr] mID(0x115),size(0xe1000),VA(xe11a5000),PA(0x4300000),S/C(0/0)
06-07 13:18:30.581   336  3412 I Drv/IMem: Drv/IMem[mapPhyAddr] mID(0x115),size(0x38400),VA(xe1286000),PA(0x4300000),S/C(0/0)
06-07 13:18:30.581   336  3412 I Drv/IMem: Drv/IMem[mapPhyAddr] mID(0x115),size(0x38400),VA(xe12be400),PA(0x4300000),S/C(0/0)
06-07 13:18:30.581   336  3412 D MtkCam/FeaturePipe: [enqueFeatureGraph] FrameNo(238486)
06-07 13:18:30.581   336  3412 I Iop/P2PPWp: [enque] bufPackageNum(1),misV3(0),magic(1),tuningData(0)
06-07 13:18:30.582   336  3412 I Iop/P2PPWp: [enque] dmaEnPort(0x00008001),featureEntag (0x0),q(0)
06-07 13:18:30.582   336  3412 I iio/ppp : [configPipe] vInPorts:[0]:(0x14),w(1872),h(1044),stride(3744,0,0),type(0),idx(4),dir(0),Size(0x003ba480,0x00000000,0x00000000),VA(0xe22b1000,0x00000000,0x00000000),PA(0x02b00000,0x00000000,0x00000000),memID(0x103,0x0,0x0),magicNum(0x3a396)
06-07 13:18:30.582   336  3412 I iio/ppp : [configPipe] [Imgi][crop_1](x,f_x,y,f_y)=(0,0,0,0),(w,h,tarW,tarH)=(1872,1044,1872,1044)-[crop_2](x,f_x,y,f_y)=(8,0,0,0),(w,h,tarW,tarH)=(1856,1044,1856,1044)-[crop_3](x,f_x,y,f_y)=(0,0,0,0),(w,h,tarW,tarH)=(1872,1044,1872,1044),pass2_CQ(8),dupCqIdx(0)
06-07 13:18:30.582   336  3412 I iio/ppp : [configPipe] vOutPorts:[0]:(0x32315659),w(1280),h(720),stride(1280,640,640),type(0),idx(31),dir(1),Size(0x000e1000,0x00038400,0x00038400),VA(0xe11a5000,0xe1286000,0xe12be400),PA(0x04300000,0x043e1000,0x04419400),memID(0x115,0x115,0x115)
06-07 13:18:30.582   336  3412 I iio/ppp : [configPipe] drvScenario(6),mdpCheck1(1),mdpCheck2(0),crop1TableIdx(1)
06-07 13:18:30.582   336  3394 D aaa_hal_yuv/3Athread: [onThreadLoop] waitVSirq done.
06-07 13:18:30.582   336  3412 I iio/ppp : [configPipe] Pass(0),imgi.fmt(0x14),meScenarioID(6),isCropG1En(0),m_CrzEn(0),mdpSrcFmt(0x14),mdp_src(1872,1044,3744,0),en_p2_dma(0x00400001),crop1TableIdx(1),mdpCheck1(1),mdpCheck2(0),drvScenario(6),tcm_en(0x0)
06-07 13:18:30.582   336  3394 D SeninfDrvImp: [getInstance][getInstance] 
06-07 13:18:30.582   336  3412 I iio/pathp2: [config] +,CamPathPass2:tdri(1),dupCqIdx(0),burstQueIdx(0)
06-07 13:18:30.582   336  3394 D SeninfDrvImp: [getInstance][getInstance] 
06-07 13:18:30.582   336  3412 I iio/pathp2: [config] cq(8),drvScenario(6),hwScenario(6),sub_mode(0) p2_en(0x18000720),p2_dma(0x00400001),burstQueIdx(0)
06-07 13:18:30.582   336  3394 D SeninfDrvImp: [getInstance][getInstance] 
06-07 13:18:30.582   336  3394 I TuningMgr: [byPassSetting] +,scenario(0),MagicNum(238488)
06-07 13:18:30.582   336  3394 I IspDrv  : {IspDrv} [bypassTuningQue] +,softScenario(0),magicNum(0x3a398)
06-07 13:18:30.582   336  3412 I iio/ifunc: [_config] [P2]en(0x18000720),EnDma(0x00400001),ctlSel(0x00001648),intEn(0x00000000),fmtSel(0x00000212),cqEn(0x00000001)
06-07 13:18:30.582   336  3394 I IspDrv  : {IspDrv} [bypassTuningQue] p2Cq(0),pre-curWriteIdx(48),next-curWriteIdx(49)
06-07 13:18:30.583   336  3412 I iio/ifunc: [_enable] path(16),start(1),isP2IspOnly(0),dupCqIdx(0),burstQueIdx(0),SCEN(6)
06-07 13:18:30.583   336  3412 I MdpMgr  : {MdpMgr} [startMdp] +,cqIndx(8),sceID(6),cqPA(0x1b06480),tpipVa(0xec2a7000),tpipPa(0x1d00000),isWaitBuf(1),venc(0)
06-07 13:18:30.583   336  3412 I MdpMgr  : {MdpMgr} [_startMdp] QQ idx[0]_src_crop(1/1) : X(8),FloatX(0),Y(0),FloatY(0),W(1856),H(1044)
