06-07 13:18:30.583   336  3412 I MdpMgr  : {MdpMgr} [_startMdp] index(0),capbility(3),fmt(51644520),rot(0),flip(0),(w,h,s)=(1280,720,1280),C(w,h,s)=(640,360,640),V(w,h,s)=(640,360,640),dpStreamtype(1),mdpindx(0)
06-07 13:18:30.583   336  3412 I MdpMgr  : {MdpMgr} [_startMdp] dstSizeList=(0x   e1000,0x   38400,0x   38400),dstVirList=(0xe11a5000,0xe1286000,0xe12be400),dstPhyList=(0x 4300000,0x 43e1000,0x 4419400),plane num(2)
06-07 13:18:30.584   336  3447 D MDP     : DpEngine_TDSHP: onConfigFrame in ISP scenario: inParam.inISOSpeed = 0
06-07 13:18:30.584   336  3412 I MdpMgr  : {MdpMgr} [_startMdp] -
06-07 13:18:30.584   336  3410 I iio/ppp : [dequeInBuf] dequeInBuf:tid(3410),dequeCq(9),PortID:(type, index, inout, timeout)=(0, 4, 0, -1)
06-07 13:18:30.584   483  2623 E AKMD2   : CalcAngularRate:1121 Error.
06-07 13:18:30.584   483  2623 E AKMD2   : MeasureSNGLoop:646 Error.
06-07 13:18:30.585   336  3410 I MdpMgr  : {MdpMgr} [dequeueBuf] +,cqIndx(9),sceID(6),deqIndex(0),isWaitBuf(1)
06-07 13:18:30.585   336  3410 I Iop/P2PPWp.TD: [doDequeue] FmvOut(0x4700000),dCq(9/0)
06-07 13:18:30.585   336  3410 D MtkCam/FeaturePipe: [performCallback] FeatureGraph callback FrameNo(202193)
06-07 13:18:30.585   336  3410 I iio/ifunc: [enqueueHwBuf] pass1d:dma(9),id(0),size(0x1c2000),VA(0xe0e21000),PA(0x3a00000),S/C(0/0),bufidx(2),bImdMode(0)
06-07 13:18:30.585   336  3410 I Iop/P2PPWp.TD: [doDequeue] -,cb(450 us)
06-07 13:18:30.585   336  3410 I Iop/P2PPWp.TD: [dequeueJudgement] +
06-07 13:18:30.585   336  3410 I MdpMgr  : {MdpMgr} [dequeueBuf] +,cqIndx(8),sceID(6),deqIndex(1),isWaitBuf(1)
06-07 13:18:30.593   336  3410 I iio/ppp : [dequeInBuf] dequeInBuf:tid(3410),dequeCq(8),PortID:(type, index, inout, timeout)=(0, 4, 0, -1)
06-07 13:18:30.593   336  3410 I MdpMgr  : {MdpMgr} [dequeueBuf] +,cqIndx(8),sceID(6),deqIndex(0),isWaitBuf(1)
06-07 13:18:30.593   336  3410 I Iop/P2PPWp.TD: [doDequeue] FmvOut(0x4300000),dCq(8/0)
06-07 13:18:30.593   336  3410 D MtkCam/FeaturePipe: [performCallback] FeatureGraph callback FrameNo(238486)
06-07 13:18:30.593   336  3410 I iio/ifunc: [enqueueHwBuf] pass1:dma(4),id(0),size(0x3ba480),VA(0xe22b1000),PA(0x2b00000),S/C(0/0),bufidx(2),bImdMode(0)
06-07 13:18:30.594   336  3410 I Iop/P2PPWp.TD: [doDequeue] -,cb(323 us)
06-07 13:18:30.594  1532  3487 I BufferQueueProducer: [SurfaceTexture-666-1532-0](this:0xf187f400,id:0,api:4,p:336,c:1532) queueBuffer: slot 5 is dropped, handle=0xf4e7efc0
06-07 13:18:30.595   483  2623 D AKMD2   : GetMagneticVector: ST1, HXH&HXL, HYH&HYL, HZH&HZL, ST2, hdata[0].u.x, hdata[0].u.y, hdata[0].u.z, asax, asay, asaz = 1, 85, 108, 154, 0, 1002, 1265, 1756, 23, 22, 18
06-07 13:18:30.605   483  2623 E AKMD2   : CalcAngularRate:1121 Error.
06-07 13:18:30.605   483  2623 E AKMD2   : MeasureSNGLoop:646 Error.
06-07 13:18:30.614   336  3409 I iio/ifunc: [dequeueHwBuf] pass1:i(0),dma(4),id(0x0),size(0x3ba480),xsize(0xe9f),VA(0xe2a27000),PA(0x2300000),crop(0x0,0x0,0xea0,0x414),count(1),cur sof(178),frm_cnt(177),mag(0x3a397),rawType(0)
06-07 13:18:30.614   336  3409 D NormalPipe: [MyDeQ:0]PortId(13),va=0xe2a27000,BufHeader=0xeb5c5dc0,PixelId=0, MNum=0x3a397, rrzDstSz=0,0,rrzSrcSz=0,0
06-07 13:18:30.614   336  3409 D aaa_hal_yuv/3Athread: mCmdQ size(0) + cmd(10) magic(238489)
06-07 13:18:30.614   336  3409 D EisHal  : [DoEis]EisIn(1868,1040),P1T(1556,866)
06-07 13:18:30.614   336  3409 D EisHal  : [PrepareEisResult]cmvX(41411),cmvY(29014)
06-07 13:18:30.614   336  3409 D EisHal  : [PrepareEisResult]X(161,1635778560),Y(113,721420288)
06-07 13:18:30.614   336  3409 D EisHal  : [SaveEisResultForP2]too much unused data
06-07 13:18:30.615   336  3409 I iio/ifunc: [waitBufReady] waitBufReady[4]:[1,ffffffff] rtBufCtrl.ctrl(4)/id(4)/ptr(0x0)
06-07 13:18:30.615   336  3394 D aaa_hal_yuv/3Athread: CmdQ-size(1), todo(10, 238489)
06-07 13:18:30.615   336  3412 I Drv/IMem: Drv/IMem[mapPhyAddr] mID(0x2b),size(0xe1000),VA(xe3a9e000),PA(0x3000000),S/C(0/0)
06-07 13:18:30.615   336  3412 I Drv/IMem: Drv/IMem[mapPhyAddr] mID(0x2b),size(0x38400),VA(xe3b7f000),PA(0x3000000),S/C(0/0)
06-07 13:18:30.615   336  3412 I Drv/IMem: Drv/IMem[mapPhyAddr] mID(0x2b),size(0x38400),VA(xe3bb7400),PA(0x3000000),S/C(0/0)
06-07 13:18:30.615   336  3412 D MtkCam/FeaturePipe: [enqueFeatureGraph] FrameNo(238487)
06-07 13:18:30.615   336  3412 I Iop/P2PPWp: [enque] bufPackageNum(1),misV3(0),magic(1),tuningData(0)
06-07 13:18:30.615   483  2623 D AKMD2   : GetMagneticVector: ST1, HXH&HXL, HYH&HYL, HZH&HZL, ST2, hdata[0].u.x, hdata[0].u.y, hdata[0].u.z, asax, asay, asaz = 1, 87, 110, 153, 0, 1026, 1289, 1745, 23, 22, 18
06-07 13:18:30.615   336  3412 I Iop/P2PPWp: [enque] dmaEnPort(0x00008001),featureEntag (0x0),q(0)
06-07 13:18:30.615   336  3412 I iio/ppp : [configPipe] vInPorts:[0]:(0x14),w(1872),h(1044),stride(3744,0,0),type(0),idx(4),dir(0),Size(0x003ba480,0x00000000,0x00000000),VA(0xe2a27000,0x00000000,0x00000000),PA(0x02300000,0x00000000,0x00000000),memID(0xff,0x0,0x0),magicNum(0x3a397)
06-07 13:18:30.615   336  3394 D aaa_hal_yuv/3Athread: [onThreadLoop] waitVSirq done.
06-07 13:18:30.615   336  3394 D SeninfDrvImp: [getInstance][getInstance] 
06-07 13:18:30.615   336  3412 I iio/ppp : [configPipe] [Imgi][crop_1](x,f_x,y,f_y)=(0,0,0,0),(w,h,tarW,tarH)=(1872,1044,1872,1044)-[crop_2](x,f_x,y,f_y)=(8,0,0,0),(w,h,tarW,tarH)=(1856,1044,1856,1044)-[crop_3](x,f_x,y,f_y)=(0,0,0,0),(w,h,tarW,tarH)=(1872,1044,1872,1044),pass2_CQ(8),dupCqIdx(1)
06-07 13:18:30.615   336  3394 D SeninfDrvImp: [getInstance][getInstance] 
06-07 13:18:30.615   336  3412 I iio/ppp : [configPipe] vOutPorts:[0]:(0x32315659),w(1280),h(720),stride(1280,640,640),type(0),idx(31),dir(1),Size(0x000e1000,0x00038400,0x00038400),VA(0xe3a9e000,0xe3b7f000,0xe3bb7400),PA(0x03000000,0x030e1000,0x03119400),memID(0x2b,0x2b,0x2b)
06-07 13:18:30.615   336  3394 D SeninfDrvImp: [getInstance][getInstance] 
06-07 13:18:30.616   336  3394 I TuningMgr: [byPassSetting] +,scenario(0),MagicNum(238489)
06-07 13:18:30.616   336  3412 I iio/ppp : [configPipe] drvScenario(6),mdpCheck1(1),mdpCheck2(0),crop1TableIdx(1)
06-07 13:18:30.616   336  3394 I IspDrv  : {IspDrv} [bypassTuningQue] +,softScenario(0),magicNum(0x3a399)
06-07 13:18:30.616   336  3394 I IspDrv  : {IspDrv} [bypassTuningQue] p2Cq(0),pre-curWriteIdx(49),next-curWriteIdx(50)
06-07 13:18:30.616   336  3412 I iio/ppp : [configPipe] Pass(0),imgi.fmt(0x14),meScenarioID(6),isCropG1En(0),m_CrzEn(0),mdpSrcFmt(0x14),mdp_src(1872,1044,3744,0),en_p2_dma(0x00400001),crop1TableIdx(1),mdpCheck1(1),mdpCheck2(0),drvScenario(6),tcm_en(0x0)
06-07 13:18:30.616   336  3412 I iio/pathp2: [config] +,CamPathPass2:tdri(1),dupCqIdx(1),burstQueIdx(0)
06-07 13:18:30.616   336  3412 I iio/pathp2: [config] cq(8),drvScenario(6),hwScenario(6),sub_mode(0) p2_en(0x18000720),p2_dma(0x00400001),burstQueIdx(0)
06-07 13:18:30.616   336  3412 I iio/ifunc: [_config] [P2]en(0x18000720),EnDma(0x00400001),ctlSel(0x00001648),intEn(0x00000000),fmtSel(0x00000212),cqEn(0x00000001)
06-07 13:18:30.616   336  3412 I iio/ifunc: [_enable] path(16),start(1),isP2IspOnly(0),dupCqIdx(1),burstQueIdx(0),SCEN(6)
06-07 13:18:30.616   336  3412 I MdpMgr  : {MdpMgr} [startMdp] +,cqIndx(8),sceID(6),cqPA(0x1b07110),tpipVa(0xec291000),tpipPa(0x1e00000),isWaitBuf(1),venc(0)
06-07 13:18:30.616   336  3412 I MdpMgr  : {MdpMgr} [_startMdp] QQ idx[0]_src_crop(1/1) : X(8),FloatX(0),Y(0),FloatY(0),W(1856),H(1044)
06-07 13:18:30.616   336  3444 I iio/ifunc: [dequeueHwBuf] pass1d:i(0),dma(9),id(0x0),size(0x1c2000),xsize(0x9ff),VA(0xe12ff000),PA(0x3400000),crop(0x0,0x0,0xa00,0x2d0),count(1),cur sof(168),frm_cnt(167),mag(0x315d2),rawType(0)
06-07 13:18:30.616   336  3412 I MdpMgr  : {MdpMgr} [_startMdp] index(0),capbility(3),fmt(51644520),rot(0),flip(0),(w,h,s)=(1280,720,1280),C(w,h,s)=(640,360,640),V(w,h,s)=(640,360,640),dpStreamtype(1),mdpindx(0)
06-07 13:18:30.616   336  3444 D aaa_hal_yuv/3Athread: mCmdQ size(0) + cmd(10) magic(202196)
06-07 13:18:30.616   336  3412 I MdpMgr  : {MdpMgr} [_startMdp] dstSizeList=(0x   e1000,0x   38400,0x   38400),dstVirList=(0xe3a9e000,0xe3b7f000,0xe3bb7400),dstPhyList=(0x 3000000,0x 30e1000,0x 3119400),plane num(2)
06-07 13:18:30.617   336  3444 D EisHal  : [DoEis]mSensorIdx(1) not support EIS
06-07 13:18:30.617   336  3444 I iio/ifunc: [waitBufReady] waitBufReady[9]:[ffffffff,2] rtBufCtrl.ctrl(4)/id(9)/ptr(0x0)
06-07 13:18:30.617   336  3310 D aaa_hal_yuv/3Athread: CmdQ-size(1), todo(10, 202196)
06-07 13:18:30.617   336  3446 I Drv/IMem: Drv/IMem[mapPhyAddr] mID(0x122),size(0xe1000),VA(xe0561000),PA(0x4d00000),S/C(0/0)
06-07 13:18:30.617   336  3446 I Drv/IMem: Drv/IMem[mapPhyAddr] mID(0x122),size(0x38400),VA(xe0642000),PA(0x4d00000),S/C(0/0)
06-07 13:18:30.617   336  3446 I Drv/IMem: Drv/IMem[mapPhyAddr] mID(0x122),size(0x38400),VA(xe067a400),PA(0x4d00000),S/C(0/0)
06-07 13:18:30.617   336  3446 D MtkCam/FeaturePipe: [enqueFeatureGraph] FrameNo(202194)
06-07 13:18:30.617   336  3447 D MDP     : DpEngine_TDSHP: onConfigFrame in ISP scenario: inParam.inISOSpeed = 0
06-07 13:18:30.618   336  3310 D aaa_hal_yuv/3Athread: [onThreadLoop] waitVSirq done.
06-07 13:18:30.618   336  3310 D SeninfDrvImp: [getInstance][getInstance] 
06-07 13:18:30.618   336  3310 D SeninfDrvImp: [getInstance][getInstance] 
06-07 13:18:30.618   336  3310 D SeninfDrvImp: [getInstance][getInstance] 
06-07 13:18:30.618   336  3412 I MdpMgr  : {MdpMgr} [_startMdp] -
06-07 13:18:30.618   336  3310 I TuningMgr: [byPassSetting] +,scenario(15),MagicNum(202196)
06-07 13:18:30.618   336  3310 I IspDrv  : {IspDrv} [bypassTuningQue] +,softScenario(15),magicNum(0x315d4)
06-07 13:18:30.618   336  3310 I IspDrv  : {IspDrv} [bypassTuningQue] p2Cq(1),pre-curWriteIdx(56),next-curWriteIdx(57)
06-07 13:18:30.618   336  3446 I Iop/P2PPWp: [enque] bufPackageNum(1),misV3(0),magic(1),tuningData(0)
06-07 13:18:30.618   336  3446 I Iop/P2PPWp: [enque] dmaEnPort(0x00008001),featureEntag (0x0),q(0)
06-07 13:18:30.618   336  3410 I Iop/P2PPWp.TD: [dequeueJudgement] +
06-07 13:18:30.618   336  3446 I iio/ppp : [configPipe] vInPorts:[0]:(0x14),w(1280),h(720),stride(2560,0,0),type(0),idx(4),dir(0),Size(0x001c2000,0x00000000,0x00000000),VA(0xe12ff000,0x00000000,0x00000000),PA(0x03400000,0x00000000,0x00000000),memID(0x113,0x0,0x0),magicNum(0x315d2)
06-07 13:18:30.618   336  3410 I MdpMgr  : {MdpMgr} [dequeueBuf] +,cqIndx(8),sceID(6),deqIndex(1),isWaitBuf(1)
06-07 13:18:30.619   336  3446 I iio/ppp : [configPipe] [Imgi][crop_1](x,f_x,y,f_y)=(0,0,0,0),(w,h,tarW,tarH)=(1280,720,1280,720)-[crop_2](x,f_x,y,f_y)=(0,0,0,0),(w,h,tarW,tarH)=(1280,720,1280,720)-[crop_3](x,f_x,y,f_y)=(0,0,0,0),(w,h,tarW,tarH)=(1280,720,1280,720),pass2_CQ(9),dupCqIdx(1)
06-07 13:18:30.619   336  3446 I iio/ppp : [configPipe] vOutPorts:[0]:(0x32315659),w(1280),h(720),stride(1280,640,640),type(0),idx(31),dir(1),Size(0x000e1000,0x00038400,0x00038400),VA(0xe0561000,0xe0642000,0xe067a400),PA(0x04d00000,0x04de1000,0x04e19400),memID(0x122,0x122,0x122)
06-07 13:18:30.619   336  3446 I iio/ppp : [configPipe] drvScenario(6),mdpCheck1(1),mdpCheck2(0),crop1TableIdx(1)
06-07 13:18:30.619   336  3446 I iio/ppp : [configPipe] Pass(1),imgi.fmt(0x14),meScenarioID(6),isCropG1En(0),m_CrzEn(0),mdpSrcFmt(0x14),mdp_src(1280,720,2560,0),en_p2_dma(0x00400001),crop1TableIdx(1),mdpCheck1(1),mdpCheck2(0),drvScenario(6),tcm_en(0x0)
06-07 13:18:30.619   336  3446 I iio/pathp2: [config] +,CamPathPass2:tdri(1),dupCqIdx(1),burstQueIdx(0)
06-07 13:18:30.619   336  3446 I iio/pathp2: [config] cq(9),drvScenario(6),hwScenario(6),sub_mode(0) p2_en(0x18000720),p2_dma(0x00400001),burstQueIdx(0)
06-07 13:18:30.619   336  3446 I iio/ifunc: [_config] [P2]en(0x18000720),EnDma(0x00400001),ctlSel(0x00001648),intEn(0x00000000),fmtSel(0x00000212),cqEn(0x00000002)
06-07 13:18:30.619   336  3446 I iio/ifunc: [_enable] path(32),start(2),isP2IspOnly(0),dupCqIdx(1),burstQueIdx(0),SCEN(6)
06-07 13:18:30.619   336  3446 I MdpMgr  : {MdpMgr} [startMdp] +,cqIndx(9),sceID(6),cqPA(0x1b07540),tpipVa(0xec265000),tpipPa(0x2000000),isWaitBuf(1),venc(0)
06-07 13:18:30.619   336  3446 I MdpMgr  : {MdpMgr} [_startMdp] QQ idx[0]_src_crop(1/1) : X(0),FloatX(0),Y(0),FloatY(0),W(1280),H(720)
06-07 13:18:30.620   336  3446 I MdpMgr  : {MdpMgr} [_startMdp] index(0),capbility(3),fmt(51644520),rot(0),flip(0),(w,h,s)=(1280,720,1280),C(w,h,s)=(640,360,640),V(w,h,s)=(640,360,640),dpStreamtype(1),mdpindx(0)
06-07 13:18:30.620   336  3446 I MdpMgr  : {MdpMgr} [_startMdp] dstSizeList=(0x   e1000,0x   38400,0x   38400),dstVirList=(0xe0561000,0xe0642000,0xe067a400),dstPhyList=(0x 4d00000,0x 4de1000,0x 4e19400),plane num(2)
06-07 13:18:30.620   336  3447 D MDP     : DpEngine_TDSHP: onConfigFrame in ISP scenario: inParam.inISOSpeed = 0
06-07 13:18:30.621   336  3446 I MdpMgr  : {MdpMgr} [_startMdp] -
06-07 13:18:30.625   483  2623 E AKMD2   : CalcAngularRate:1121 Error.
06-07 13:18:30.625   483  2623 E AKMD2   : MeasureSNGLoop:646 Error.
06-07 13:18:30.627   336  3410 I iio/ppp : [dequeInBuf] dequeInBuf:tid(3410),dequeCq(8),PortID:(type, index, inout, timeout)=(0, 4, 0, -1)
06-07 13:18:30.627   336  3410 I MdpMgr  : {MdpMgr} [dequeueBuf] +,cqIndx(8),sceID(6),deqIndex(0),isWaitBuf(1)
06-07 13:18:30.627   336  3410 I Iop/P2PPWp.TD: [doDequeue] FmvOut(0x3000000),dCq(8/1)
06-07 13:18:30.628   336  3410 D MtkCam/FeaturePipe: [performCallback] FeatureGraph callback FrameNo(238487)
06-07 13:18:30.628   336  3410 I iio/ifunc: [enqueueHwBuf] pass1:dma(4),id(0),size(0x3ba480),VA(0xe2a27000),PA(0x2300000),S/C(0/0),bufidx(0),bImdMode(0)
06-07 13:18:30.628   336  3410 I Iop/P2PPWp.TD: [doDequeue] -,cb(330 us)
06-07 13:18:30.628   336  3410 I Iop/P2PPWp.TD: [dequeueJudgement] +
06-07 13:18:30.628   336  3410 I MdpMgr  : {MdpMgr} [dequeueBuf] +,cqIndx(9),sceID(6),deqIndex(1),isWaitBuf(1)
06-07 13:18:30.628  1532  1655 I BufferQueueProducer: [SurfaceTexture-666-1532-0](this:0xf187f400,id:0,api:4,p:336,c:1532) queueBuffer: slot 6 is dropped, handle=0xf4e7f100
06-07 13:18:30.631   336  3410 I iio/ppp : [dequeInBuf] dequeInBuf:tid(3410),dequeCq(9),PortID:(type, index, inout, timeout)=(0, 4, 0, -1)
06-07 13:18:30.631   336  3410 I MdpMgr  : {MdpMgr} [dequeueBuf] +,cqIndx(9),sceID(6),deqIndex(0),isWaitBuf(1)
06-07 13:18:30.631   336  3410 I Iop/P2PPWp.TD: [doDequeue] FmvOut(0x4d00000),dCq(9/1)
06-07 13:18:30.631   336  3410 D MtkCam/FeaturePipe: [performCallback] FeatureGraph callback FrameNo(202194)
06-07 13:18:30.632   336  3410 I iio/ifunc: [enqueueHwBuf] pass1d:dma(9),id(0),size(0x1c2000),VA(0xe12ff000),PA(0x3400000),S/C(0/0),bufidx(0),bImdMode(0)
06-07 13:18:30.632   336  3410 I Iop/P2PPWp.TD: [doDequeue] -,cb(344 us)
06-07 13:18:30.635   483  2623 D AKMD2   : GetMagneticVector: ST1, HXH&HXL, HYH&HYL, HZH&HZL, ST2, hdata[0].u.x, hdata[0].u.y, hdata[0].u.z, asax, asay, asaz = 1, 85, 110, 155, 0, 1002, 1289, 1767, 23, 22, 18
06-07 13:18:30.645   483  2623 E AKMD2   : CalcAngularRate:1121 Error.
06-07 13:18:30.645   483  2623 E AKMD2   : MeasureSNGLoop:646 Error.
06-07 13:18:30.647   336  3409 I iio/ifunc: [dequeueHwBuf] pass1:i(0),dma(4),id(0x0),size(0x3ba480),xsize(0xe9f),VA(0xe266c000),PA(0x2700000),crop(0x0,0x0,0xea0,0x414),count(1),cur sof(179),frm_cnt(178),mag(0x3a398),rawType(0)
06-07 13:18:30.647   336  3409 D NormalPipe: [MyDeQ:0]PortId(13),va=0xe266c000,BufHeader=0xeb5c5dc0,PixelId=0, MNum=0x3a398, rrzDstSz=0,0,rrzSrcSz=0,0
06-07 13:18:30.647   336  3409 D aaa_hal_yuv/3Athread: mCmdQ size(0) + cmd(10) magic(238490)
06-07 13:18:30.647   336  3394 D aaa_hal_yuv/3Athread: CmdQ-size(1), todo(10, 238490)
06-07 13:18:30.647   336  3409 D EisHal  : [DoEis]EisIn(1868,1040),P1T(1556,866)
06-07 13:18:30.647   336  3409 D EisHal  : [PrepareEisResult]cmvX(41411),cmvY(29014)
06-07 13:18:30.647   336  3409 D EisHal  : [PrepareEisResult]X(161,1635778560),Y(113,721420288)
06-07 13:18:30.647   336  3409 D EisHal  : [SaveEisResultForP2]too much unused data
06-07 13:18:30.648   336  3409 I iio/ifunc: [waitBufReady] waitBufReady[4]:[1,ffffffff] rtBufCtrl.ctrl(4)/id(4)/ptr(0x0)
06-07 13:18:30.648   336  3412 I Drv/IMem: Drv/IMem[mapPhyAddr] mID(0x2c),size(0xe1000),VA(xe3845000),PA(0x3200000),S/C(0/0)
06-07 13:18:30.648   336  3412 I Drv/IMem: Drv/IMem[mapPhyAddr] mID(0x2c),size(0x38400),VA(xe3926000),PA(0x3200000),S/C(0/0)
06-07 13:18:30.648   336  3412 I Drv/IMem: Drv/IMem[mapPhyAddr] mID(0x2c),size(0x38400),VA(xe395e400),PA(0x3200000),S/C(0/0)
06-07 13:18:30.648   336  3412 D MtkCam/FeaturePipe: [enqueFeatureGraph] FrameNo(238488)
06-07 13:18:30.648   336  3412 I Iop/P2PPWp: [enque] bufPackageNum(1),misV3(0),magic(1),tuningData(0)
06-07 13:18:30.648   336  3412 I Iop/P2PPWp: [enque] dmaEnPort(0x00008001),featureEntag (0x0),q(0)
06-07 13:18:30.648   336  3412 I iio/ppp : [configPipe] vInPorts:[0]:(0x14),w(1872),h(1044),stride(3744,0,0),type(0),idx(4),dir(0),Size(0x003ba480,0x00000000,0x00000000),VA(0xe266c000,0x00000000,0x00000000),PA(0x02700000,0x00000000,0x00000000),memID(0x101,0x0,0x0),magicNum(0x3a398)
06-07 13:18:30.648   336  3412 I iio/ppp : [configPipe] [Imgi][crop_1](x,f_x,y,f_y)=(0,0,0,0),(w,h,tarW,tarH)=(1872,1044,1872,1044)-[crop_2](x,f_x,y,f_y)=(8,0,0,0),(w,h,tarW,tarH)=(1856,1044,1856,1044)-[crop_3](x,f_x,y,f_y)=(0,0,0,0),(w,h,tarW,tarH)=(1872,1044,1872,1044),pass2_CQ(8),dupCqIdx(0)
06-07 13:18:30.648   336  3412 I iio/ppp : [configPipe] vOutPorts:[0]:(0x32315659),w(1280),h(720),stride(1280,640,640),type(0),idx(31),dir(1),Size(0x000e1000,0x00038400,0x00038400),VA(0xe3845000,0xe3926000,0xe395e400),PA(0x03200000,0x032e1000,0x03319400),memID(0x2c,0x2c,0x2c)
06-07 13:18:30.648   336  3412 I iio/ppp : [configPipe] drvScenario(6),mdpCheck1(1),mdpCheck2(0),crop1TableIdx(1)
06-07 13:18:30.649   336  3394 D aaa_hal_yuv/3Athread: [onThreadLoop] waitVSirq done.
06-07 13:18:30.649   336  3394 D SeninfDrvImp: [getInstance][getInstance] 
06-07 13:18:30.649   336  3394 D SeninfDrvImp: [getInstance][getInstance] 
06-07 13:18:30.649   336  3394 D SeninfDrvImp: [getInstance][getInstance] 
06-07 13:18:30.649   336  3394 I TuningMgr: [byPassSetting] +,scenario(0),MagicNum(238490)
06-07 13:18:30.649   336  3394 I IspDrv  : {IspDrv} [bypassTuningQue] +,softScenario(0),magicNum(0x3a39a)
06-07 13:18:30.649   336  3394 I IspDrv  : {IspDrv} [bypassTuningQue] p2Cq(0),pre-curWriteIdx(50),next-curWriteIdx(51)
06-07 13:18:30.649   336  3412 I iio/ppp : [configPipe] Pass(0),imgi.fmt(0x14),meScenarioID(6),isCropG1En(0),m_CrzEn(0),mdpSrcFmt(0x14),mdp_src(1872,1044,3744,0),en_p2_dma(0x00400001),crop1TableIdx(1),mdpCheck1(1),mdpCheck2(0),drvScenario(6),tcm_en(0x0)
06-07 13:18:30.649   336  3412 I iio/pathp2: [config] +,CamPathPass2:tdri(1),dupCqIdx(0),burstQueIdx(0)
06-07 13:18:30.649   336  3412 I iio/pathp2: [config] cq(8),drvScenario(6),hwScenario(6),sub_mode(0) p2_en(0x18000720),p2_dma(0x00400001),burstQueIdx(0)
06-07 13:18:30.649   336  3412 I iio/ifunc: [_config] [P2]en(0x18000720),EnDma(0x00400001),ctlSel(0x00001648),intEn(0x00000000),fmtSel(0x00000212),cqEn(0x00000001)
06-07 13:18:30.649   336  3412 I iio/ifunc: [_enable] path(16),start(1),isP2IspOnly(0),dupCqIdx(0),burstQueIdx(0),SCEN(6)
06-07 13:18:30.649   336  3412 I MdpMgr  : {MdpMgr} [startMdp] +,cqIndx(8),sceID(6),cqPA(0x1b06480),tpipVa(0xec2a7000),tpipPa(0x1d00000),isWaitBuf(1),venc(0)
06-07 13:18:30.650   336  3412 I MdpMgr  : {MdpMgr} [_startMdp] QQ idx[0]_src_crop(1/1) : X(8),FloatX(0),Y(0),FloatY(0),W(1856),H(1044)
06-07 13:18:30.650   336  3412 I MdpMgr  : {MdpMgr} [_startMdp] index(0),capbility(3),fmt(51644520),rot(0),flip(0),(w,h,s)=(1280,720,1280),C(w,h,s)=(640,360,640),V(w,h,s)=(640,360,640),dpStreamtype(1),mdpindx(0)
06-07 13:18:30.650   336  3412 I MdpMgr  : {MdpMgr} [_startMdp] dstSizeList=(0x   e1000,0x   38400,0x   38400),dstVirList=(0xe3845000,0xe3926000,0xe395e400),dstPhyList=(0x 3200000,0x 32e1000,0x 3319400),plane num(2)
06-07 13:18:30.650   336  3447 D MDP     : DpEngine_TDSHP: onConfigFrame in ISP scenario: inParam.inISOSpeed = 0
06-07 13:18:30.651   336  3412 I MdpMgr  : {MdpMgr} [_startMdp] -
06-07 13:18:30.651   336  3410 I Iop/P2PPWp.TD: [dequeueJudgement] +
06-07 13:18:30.651   336  3410 I MdpMgr  : {MdpMgr} [dequeueBuf] +,cqIndx(8),sceID(6),deqIndex(1),isWaitBuf(1)
06-07 13:18:30.655   483  2623 D AKMD2   : GetMagneticVector: ST1, HXH&HXL, HYH&HYL, HZH&HZL, ST2, hdata[0].u.x, hdata[0].u.y, hdata[0].u.z, asax, asay, asaz = 1, 87, 110, 155, 0, 1026, 1289, 1767, 23, 22, 18
06-07 13:18:30.656   336  3444 I iio/ifunc: [dequeueHwBuf] pass1d:i(0),dma(9),id(0x0),size(0x1c2000),xsize(0x9ff),VA(0xe0fe3000),PA(0x3800000),crop(0x0,0x0,0xa00,0x2d0),count(1),cur sof(169),frm_cnt(168),mag(0x315d3),rawType(0)
06-07 13:18:30.657   336  3444 D aaa_hal_yuv/3Athread: mCmdQ size(0) + cmd(10) magic(202197)
06-07 13:18:30.657   336  3310 D aaa_hal_yuv/3Athread: CmdQ-size(1), todo(10, 202197)
06-07 13:18:30.657   336  3444 D EisHal  : [DoEis]mSensorIdx(1) not support EIS
06-07 13:18:30.657   336  3444 I iio/ifunc: [waitBufReady] waitBufReady[9]:[ffffffff,2] rtBufCtrl.ctrl(4)/id(9)/ptr(0x0)
06-07 13:18:30.657   336  3446 I Drv/IMem: Drv/IMem[mapPhyAddr] mID(0x121),size(0xe1000),VA(xe06bb000),PA(0x4b00000),S/C(0/0)
06-07 13:18:30.657   336  3446 I Drv/IMem: Drv/IMem[mapPhyAddr] mID(0x121),size(0x38400),VA(xe079c000),PA(0x4b00000),S/C(0/0)
06-07 13:18:30.657   336  3446 I Drv/IMem: Drv/IMem[mapPhyAddr] mID(0x121),size(0x38400),VA(xe07d4400),PA(0x4b00000),S/C(0/0)
06-07 13:18:30.657   336  3446 D MtkCam/FeaturePipe: [enqueFeatureGraph] FrameNo(202195)
06-07 13:18:30.657   336  3446 I Iop/P2PPWp: [enque] bufPackageNum(1),misV3(0),magic(1),tuningData(0)
06-07 13:18:30.657   336  3446 I Iop/P2PPWp: [enque] dmaEnPort(0x00008001),featureEntag (0x0),q(0)
06-07 13:18:30.657   336  3446 I iio/ppp : [configPipe] vInPorts:[0]:(0x14),w(1280),h(720),stride(2560,0,0),type(0),idx(4),dir(0),Size(0x001c2000,0x00000000,0x00000000),VA(0xe0fe3000,0x00000000,0x00000000),PA(0x03800000,0x00000000,0x00000000),memID(0x116,0x0,0x0),magicNum(0x315d3)
06-07 13:18:30.657   336  3446 I iio/ppp : [configPipe] [Imgi][crop_1](x,f_x,y,f_y)=(0,0,0,0),(w,h,tarW,tarH)=(1280,720,1280,720)-[crop_2](x,f_x,y,f_y)=(0,0,0,0),(w,h,tarW,tarH)=(1280,720,1280,720)-[crop_3](x,f_x,y,f_y)=(0,0,0,0),(w,h,tarW,tarH)=(1280,720,1280,720),pass2_CQ(9),dupCqIdx(0)
06-07 13:18:30.658   336  3446 I iio/ppp : [configPipe] vOutPorts:[0]:(0x32315659),w(1280),h(720),stride(1280,640,640),type(0),idx(31),dir(1),Size(0x000e1000,0x00038400,0x00038400),VA(0xe06bb000,0xe079c000,0xe07d4400),PA(0x04b00000,0x04be1000,0x04c19400),memID(0x121,0x121,0x121)
06-07 13:18:30.658   336  3446 I iio/ppp : [configPipe] drvScenario(6),mdpCheck1(1),mdpCheck2(0),crop1TableIdx(1)
06-07 13:18:30.658   336  3310 D aaa_hal_yuv/3Athread: [onThreadLoop] waitVSirq done.
06-07 13:18:30.658   336  3310 D SeninfDrvImp: [getInstance][getInstance] 
06-07 13:18:30.658   336  3310 D SeninfDrvImp: [getInstance][getInstance] 
06-07 13:18:30.658   336  3310 D SeninfDrvImp: [getInstance][getInstance] 
06-07 13:18:30.658   336  3310 I TuningMgr: [byPassSetting] +,scenario(15),MagicNum(202197)
06-07 13:18:30.658   336  3310 I IspDrv  : {IspDrv} [bypassTuningQue] +,softScenario(15),magicNum(0x315d5)
06-07 13:18:30.658   336  3310 I IspDrv  : {IspDrv} [bypassTuningQue] p2Cq(1),pre-curWriteIdx(57),next-curWriteIdx(58)
06-07 13:18:30.658   336  3446 I iio/ppp : [configPipe] Pass(1),imgi.fmt(0x14),meScenarioID(6),isCropG1En(0),m_CrzEn(0),mdpSrcFmt(0x14),mdp_src(1280,720,2560,0),en_p2_dma(0x00400001),crop1TableIdx(1),mdpCheck1(1),mdpCheck2(0),drvScenario(6),tcm_en(0x0)
06-07 13:18:30.658   336  3446 I iio/pathp2: [config] +,CamPathPass2:tdri(1),dupCqIdx(0),burstQueIdx(0)
06-07 13:18:30.658   336  3446 I iio/pathp2: [config] cq(9),drvScenario(6),hwScenario(6),sub_mode(0) p2_en(0x18000720),p2_dma(0x00400001),burstQueIdx(0)
06-07 13:18:30.659   336  3446 I iio/ifunc: [_config] [P2]en(0x18000720),EnDma(0x00400001),ctlSel(0x00001648),intEn(0x00000000),fmtSel(0x00000212),cqEn(0x00000002)
06-07 13:18:30.659   336  3446 I iio/ifunc: [_enable] path(32),start(2),isP2IspOnly(0),dupCqIdx(0),burstQueIdx(0),SCEN(6)
06-07 13:18:30.659   336  3446 I MdpMgr  : {MdpMgr} [startMdp] +,cqIndx(9),sceID(6),cqPA(0x1b068b0),tpipVa(0xec27b000),tpipPa(0x1f00000),isWaitBuf(1),venc(0)
06-07 13:18:30.659   336  3446 I MdpMgr  : {MdpMgr} [_startMdp] QQ idx[0]_src_crop(1/1) : X(0),FloatX(0),Y(0),FloatY(0),W(1280),H(720)
06-07 13:18:30.659   336  3446 I MdpMgr  : {MdpMgr} [_startMdp] index(0),capbility(3),fmt(51644520),rot(0),flip(0),(w,h,s)=(1280,720,1280),C(w,h,s)=(640,360,640),V(w,h,s)=(640,360,640),dpStreamtype(1),mdpindx(0)
06-07 13:18:30.659   336  3446 I MdpMgr  : {MdpMgr} [_startMdp] dstSizeList=(0x   e1000,0x   38400,0x   38400),dstVirList=(0xe06bb000,0xe079c000,0xe07d4400),dstPhyList=(0x 4b00000,0x 4be1000,0x 4c19400),plane num(2)
06-07 13:18:30.659   336  3447 D MDP     : DpEngine_TDSHP: onConfigFrame in ISP scenario: inParam.inISOSpeed = 0
06-07 13:18:30.660   336  3446 I MdpMgr  : {MdpMgr} [_startMdp] -
06-07 13:18:30.660   336  3410 I iio/ppp : [dequeInBuf] dequeInBuf:tid(3410),dequeCq(8),PortID:(type, index, inout, timeout)=(0, 4, 0, -1)
06-07 13:18:30.660   336  3410 I MdpMgr  : {MdpMgr} [dequeueBuf] +,cqIndx(8),sceID(6),deqIndex(0),isWaitBuf(1)
06-07 13:18:30.660   336  3410 I Iop/P2PPWp.TD: [doDequeue] FmvOut(0x3200000),dCq(8/0)
06-07 13:18:30.661   336  3410 D MtkCam/FeaturePipe: [performCallback] FeatureGraph callback FrameNo(238488)
06-07 13:18:30.661   336  3410 I iio/ifunc: [enqueueHwBuf] pass1:dma(4),id(0),size(0x3ba480),VA(0xe266c000),PA(0x2700000),S/C(0/0),bufidx(1),bImdMode(0)
06-07 13:18:30.661   336  3410 I Iop/P2PPWp.TD: [doDequeue] -,cb(338 us)
06-07 13:18:30.661   336  3410 I Iop/P2PPWp.TD: [dequeueJudgement] +
06-07 13:18:30.661   336  3410 I MdpMgr  : {MdpMgr} [dequeueBuf] +,cqIndx(9),sceID(6),deqIndex(1),isWaitBuf(1)
06-07 13:18:30.661  1532  3487 I BufferQueueProducer: [SurfaceTexture-666-1532-0](this:0xf187f400,id:0,api:4,p:336,c:1532) queueBuffer: slot 0 is dropped, handle=0xf4e7e980
06-07 13:18:30.664   336  3410 I iio/ppp : [dequeInBuf] dequeInBuf:tid(3410),dequeCq(9),PortID:(type, index, inout, timeout)=(0, 4, 0, -1)
06-07 13:18:30.665   336  3410 I MdpMgr  : {MdpMgr} [dequeueBuf] +,cqIndx(9),sceID(6),deqIndex(0),isWaitBuf(1)
06-07 13:18:30.665   336  3410 I Iop/P2PPWp.TD: [doDequeue] FmvOut(0x4b00000),dCq(9/0)
06-07 13:18:30.665   336  3410 D MtkCam/FeaturePipe: [performCallback] FeatureGraph callback FrameNo(202195)
06-07 13:18:30.665   483  2623 E AKMD2   : CalcAngularRate:1121 Error.
06-07 13:18:30.665   483  2623 E AKMD2   : MeasureSNGLoop:646 Error.
06-07 13:18:30.665   336  3410 I iio/ifunc: [enqueueHwBuf] pass1d:dma(9),id(0),size(0x1c2000),VA(0xe0fe3000),PA(0x3800000),S/C(0/0),bufidx(1),bImdMode(0)
06-07 13:18:30.665   336  3410 I Iop/P2PPWp.TD: [doDequeue] -,cb(365 us)
06-07 13:18:30.672   231   262 I BufferQueueProducer: [SurfaceView](this:0x7f7e99c400,id:24,api:1,p:1532,c:231) queueBuffer: fps=24.98 dur=1000.97 max=49.21 min=31.35
06-07 13:18:30.680   336  3409 I iio/ifunc: [dequeueHwBuf] pass1:i(0),dma(4),id(0x0),size(0x3ba480),xsize(0xe9f),VA(0xe22b1000),PA(0x2b00000),crop(0x0,0x0,0xea0,0x414),count(1),cur sof(180),frm_cnt(179),mag(0x3a399),rawType(0)
06-07 13:18:30.681   336  3409 D NormalPipe: [MyDeQ:0]PortId(13),va=0xe22b1000,BufHeader=0xeb5c5dc0,PixelId=0, MNum=0x3a399, rrzDstSz=0,0,rrzSrcSz=0,0
06-07 13:18:30.681   336  3409 D aaa_hal_yuv/3Athread: mCmdQ size(0) + cmd(10) magic(238491)
06-07 13:18:30.681   336  3409 D EisHal  : [DoEis]EisIn(1868,1040),P1T(1556,866)
06-07 13:18:30.682   336  3394 D aaa_hal_yuv/3Athread: CmdQ-size(1), todo(10, 238491)
06-07 13:18:30.682   483  2623 D AKMD2   : GetMagneticVector: ST1, HXH&HXL, HYH&HYL, HZH&HZL, ST2, hdata[0].u.x, hdata[0].u.y, hdata[0].u.z, asax, asay, asaz = 1, 84, 112, 154, 0, 990, 1312, 1756, 23, 22, 18
06-07 13:18:30.682   336  3394 D aaa_hal_yuv/3Athread: [onThreadLoop] waitVSirq done.
06-07 13:18:30.682   336  3394 D SeninfDrvImp: [getInstance][getInstance] 
06-07 13:18:30.682   336  3394 D SeninfDrvImp: [getInstance][getInstance] 
06-07 13:18:30.682   336  3394 D SeninfDrvImp: [getInstance][getInstance] 
06-07 13:18:30.682   336  3394 I TuningMgr: [byPassSetting] +,scenario(0),MagicNum(238491)
06-07 13:18:30.682   336  3394 I IspDrv  : {IspDrv} [bypassTuningQue] +,softScenario(0),magicNum(0x3a39b)
06-07 13:18:30.682   336  3394 I IspDrv  : {IspDrv} [bypassTuningQue] p2Cq(0),pre-curWriteIdx(51),next-curWriteIdx(52)
06-07 13:18:30.683   336  3409 D EisHal  : [PrepareEisResult]cmvX(41411),cmvY(29014)
06-07 13:18:30.683   336  3409 D EisHal  : [PrepareEisResult]X(161,1635778560),Y(113,721420288)
06-07 13:18:30.683   336  3409 D EisHal  : [SaveEisResultForP2]too much unused data
06-07 13:18:30.683   336  3409 I iio/ifunc: [waitBufReady] waitBufReady[4]:[1,ffffffff] rtBufCtrl.ctrl(4)/id(4)/ptr(0x0)
06-07 13:18:30.684   336  3412 I Drv/IMem: Drv/IMem[mapPhyAddr] mID(0x2d),size(0xe1000),VA(xe36eb000),PA(0x3600000),S/C(0/0)
06-07 13:18:30.684   336  3412 I Drv/IMem: Drv/IMem[mapPhyAddr] mID(0x2d),size(0x38400),VA(xe37cc000),PA(0x3600000),S/C(0/0)
06-07 13:18:30.684   336  3412 I Drv/IMem: Drv/IMem[mapPhyAddr] mID(0x2d),size(0x38400),VA(xe3804400),PA(0x3600000),S/C(0/0)
06-07 13:18:30.684   336  3412 D MtkCam/FeaturePipe: [enqueFeatureGraph] FrameNo(238489)
06-07 13:18:30.684   336  3412 I Iop/P2PPWp: [enque] bufPackageNum(1),misV3(0),magic(1),tuningData(0)
06-07 13:18:30.684   336  3412 I Iop/P2PPWp: [enque] dmaEnPort(0x00008001),featureEntag (0x0),q(0)
06-07 13:18:30.684   336  3412 I iio/ppp : [configPipe] vInPorts:[0]:(0x14),w(1872),h(1044),stride(3744,0,0),type(0),idx(4),dir(0),Size(0x003ba480,0x00000000,0x00000000),VA(0xe22b1000,0x00000000,0x00000000),PA(0x02b00000,0x00000000,0x00000000),memID(0x103,0x0,0x0),magicNum(0x3a399)
06-07 13:18:30.684   336  3412 I iio/ppp : [configPipe] [Imgi][crop_1](x,f_x,y,f_y)=(0,0,0,0),(w,h,tarW,tarH)=(1872,1044,1872,1044)-[crop_2](x,f_x,y,f_y)=(8,0,0,0),(w,h,tarW,tarH)=(1856,1044,1856,1044)-[crop_3](x,f_x,y,f_y)=(0,0,0,0),(w,h,tarW,tarH)=(1872,1044,1872,1044),pass2_CQ(8),dupCqIdx(1)
06-07 13:18:30.684   336  3412 I iio/ppp : [configPipe] vOutPorts:[0]:(0x32315659),w(1280),h(720),stride(1280,640,640),type(0),idx(31),dir(1),Size(0x000e1000,0x00038400,0x00038400),VA(0xe36eb000,0xe37cc000,0xe3804400),PA(0x03600000,0x036e1000,0x03719400),memID(0x2d,0x2d,0x2d)
06-07 13:18:30.684   336  3412 I iio/ppp : [configPipe] drvScenario(6),mdpCheck1(1),mdpCheck2(0),crop1TableIdx(1)
06-07 13:18:30.685   336  3412 I iio/ppp : [configPipe] Pass(0),imgi.fmt(0x14),meScenarioID(6),isCropG1En(0),m_CrzEn(0),mdpSrcFmt(0x14),mdp_src(1872,1044,3744,0),en_p2_dma(0x00400001),crop1TableIdx(1),mdpCheck1(1),mdpCheck2(0),drvScenario(6),tcm_en(0x0)
06-07 13:18:30.685   336  3412 I iio/pathp2: [config] +,CamPathPass2:tdri(1),dupCqIdx(1),burstQueIdx(0)
06-07 13:18:30.685   336  3412 I iio/pathp2: [config] cq(8),drvScenario(6),hwScenario(6),sub_mode(0) p2_en(0x18000720),p2_dma(0x00400001),burstQueIdx(0)
06-07 13:18:30.685   336  3412 I iio/ifunc: [_config] [P2]en(0x18000720),EnDma(0x00400001),ctlSel(0x00001648),intEn(0x00000000),fmtSel(0x00000212),cqEn(0x00000001)
06-07 13:18:30.685   336  3412 I iio/ifunc: [_enable] path(16),start(1),isP2IspOnly(0),dupCqIdx(1),burstQueIdx(0),SCEN(6)
06-07 13:18:30.685   336  3412 I MdpMgr  : {MdpMgr} [startMdp] +,cqIndx(8),sceID(6),cqPA(0x1b07110),tpipVa(0xec291000),tpipPa(0x1e00000),isWaitBuf(1),venc(0)
06-07 13:18:30.685   336  3412 I MdpMgr  : {MdpMgr} [_startMdp] QQ idx[0]_src_crop(1/1) : X(8),FloatX(0),Y(0),FloatY(0),W(1856),H(1044)
06-07 13:18:30.686   336  3412 I MdpMgr  : {MdpMgr} [_startMdp] index(0),capbility(3),fmt(51644520),rot(0),flip(0),(w,h,s)=(1280,720,1280),C(w,h,s)=(640,360,640),V(w,h,s)=(640,360,640),dpStreamtype(1),mdpindx(0)
06-07 13:18:30.686   336  3412 I MdpMgr  : {MdpMgr} [_startMdp] dstSizeList=(0x   e1000,0x   38400,0x   38400),dstVirList=(0xe36eb000,0xe37cc000,0xe3804400),dstPhyList=(0x 3600000,0x 36e1000,0x 3719400),plane num(2)
06-07 13:18:30.686   483  2623 E AKMD2   : CalcAngularRate:1121 Error.
06-07 13:18:30.686   483  2623 E AKMD2   : MeasureSNGLoop:646 Error.
06-07 13:18:30.686   336  3447 D MDP     : DpEngine_TDSHP: onConfigFrame in ISP scenario: inParam.inISOSpeed = 0
06-07 13:18:30.687   336  3412 I MdpMgr  : {MdpMgr} [_startMdp] -
06-07 13:18:30.688   336  3410 I Iop/P2PPWp.TD: [dequeueJudgement] +
06-07 13:18:30.688   336  3410 I MdpMgr  : {MdpMgr} [dequeueBuf] +,cqIndx(8),sceID(6),deqIndex(1),isWaitBuf(1)
06-07 13:18:30.694   483  2623 D AKMD2   : GetMagneticVector: ST1, HXH&HXL, HYH&HYL, HZH&HZL, ST2, hdata[0].u.x, hdata[0].u.y, hdata[0].u.z, asax, asay, asaz = 1, 86, 112, 155, 0, 1014, 1312, 1767, 23, 22, 18
06-07 13:18:30.695   235  5020 I MAL-Daemon:  (        ru_syssig_hndler,  437) [RDS-I][ru_syssig_hndler] Send Event: 688 
06-07 13:18:30.695   235  5020 I MAL-Daemon:  (        ru_syssig_hndler,  438) [RDS-I][RDS][RU][ru_syssig_hndler] ru_check_ctx_ptr<0xf5c34460, 0xf5c34460>
06-07 13:18:30.695   235  5020 W MAL-Daemon:  (    mdfx_task_send_event,  636) mdfx_task_send_event(): [ACT] should NOT enter this leagcy API!!
06-07 13:18:30.695   235  5020 I MAL-Daemon:  (    ru_send_event_entity,  369) [RDS-I][RDS][RU][ru_send_event_entity] send event 688 to 602 with ret(0)
06-07 13:18:30.695   235   558 I MAL-Daemon:  (             rds_ru_task,  463) [RDS-I][RU][rds_ru_task] RCV Event: 688 
06-07 13:18:30.695  1925  1925 D wpa_supplicant: wlan0: Control interface command 'SIGNAL_POLL'
06-07 13:18:30.696   336  3410 I iio/ppp : [dequeInBuf] dequeInBuf:tid(3410),dequeCq(8),PortID:(type, index, inout, timeout)=(0, 4, 0, -1)
06-07 13:18:30.696   336  3410 I MdpMgr  : {MdpMgr} [dequeueBuf] +,cqIndx(8),sceID(6),deqIndex(0),isWaitBuf(1)
06-07 13:18:30.696   336  3410 I Iop/P2PPWp.TD: [doDequeue] FmvOut(0x3600000),dCq(8/1)
06-07 13:18:30.696   336  3410 D MtkCam/FeaturePipe: [performCallback] FeatureGraph callback FrameNo(238489)
06-07 13:18:30.696   336  3444 I iio/ifunc: [dequeueHwBuf] pass1d:i(0),dma(9),id(0x0),size(0x1c2000),xsize(0x9ff),VA(0xe0e21000),PA(0x3a00000),crop(0x0,0x0,0xa00,0x2d0),count(1),cur sof(170),frm_cnt(169),mag(0x315d4),rawType(0)
06-07 13:18:30.697   336  3444 D aaa_hal_yuv/3Athread: mCmdQ size(0) + cmd(10) magic(202198)
06-07 13:18:30.697   336  3310 D aaa_hal_yuv/3Athread: CmdQ-size(1), todo(10, 202198)
06-07 13:18:30.697   336  3444 D EisHal  : [DoEis]mSensorIdx(1) not support EIS
06-07 13:18:30.697   336  3410 I iio/ifunc: [enqueueHwBuf] pass1:dma(4),id(0),size(0x3ba480),VA(0xe22b1000),PA(0x2b00000),S/C(0/0),bufidx(2),bImdMode(0)
06-07 13:18:30.697   336  3444 I iio/ifunc: [waitBufReady] waitBufReady[9]:[ffffffff,2] rtBufCtrl.ctrl(4)/id(9)/ptr(0x0)
06-07 13:18:30.697   336  3446 I Drv/IMem: Drv/IMem[mapPhyAddr] mID(0x124),size(0xe1000),VA(xe02ad000),PA(0x5100000),S/C(0/0)
06-07 13:18:30.697   336  3446 I Drv/IMem: Drv/IMem[mapPhyAddr] mID(0x124),size(0x38400),VA(xe038e000),PA(0x5100000),S/C(0/0)
06-07 13:18:30.697   336  3446 I Drv/IMem: Drv/IMem[mapPhyAddr] mID(0x124),size(0x38400),VA(xe03c6400),PA(0x5100000),S/C(0/0)
06-07 13:18:30.697   336  3446 D MtkCam/FeaturePipe: [enqueFeatureGraph] FrameNo(202196)
06-07 13:18:30.697   336  3446 I Iop/P2PPWp: [enque] bufPackageNum(1),misV3(0),magic(1),tuningData(0)
06-07 13:18:30.697   336  3446 I Iop/P2PPWp: [enque] dmaEnPort(0x00008001),featureEntag (0x0),q(0)
06-07 13:18:30.697   336  3446 I iio/ppp : [configPipe] vInPorts:[0]:(0x14),w(1280),h(720),stride(2560,0,0),type(0),idx(4),dir(0),Size(0x001c2000,0x00000000,0x00000000),VA(0xe0e21000,0x00000000,0x00000000),PA(0x03a00000,0x00000000,0x00000000),memID(0x118,0x0,0x0),magicNum(0x315d4)
06-07 13:18:30.697   336  3446 I iio/ppp : [configPipe] [Imgi][crop_1](x,f_x,y,f_y)=(0,0,0,0),(w,h,tarW,tarH)=(1280,720,1280,720)-[crop_2](x,f_x,y,f_y)=(0,0,0,0),(w,h,tarW,tarH)=(1280,720,1280,720)-[crop_3](x,f_x,y,f_y)=(0,0,0,0),(w,h,tarW,tarH)=(1280,720,1280,720),pass2_CQ(9),dupCqIdx(1)
06-07 13:18:30.697   336  3446 I iio/ppp : [configPipe] vOutPorts:[0]:(0x32315659),w(1280),h(720),stride(1280,640,640),type(0),idx(31),dir(1),Size(0x000e1000,0x00038400,0x00038400),VA(0xe02ad000,0xe038e000,0xe03c6400),PA(0x05100000,0x051e1000,0x05219400),memID(0x124,0x124,0x124)
06-07 13:18:30.697   336  3446 I iio/ppp : [configPipe] drvScenario(6),mdpCheck1(1),mdpCheck2(0),crop1TableIdx(1)
06-07 13:18:30.698   336  3410 I Iop/P2PPWp.TD: [doDequeue] -,cb(1512 us)
06-07 13:18:30.698   336  3446 I iio/ppp : [configPipe] Pass(1),imgi.fmt(0x14),meScenarioID(6),isCropG1En(0),m_CrzEn(0),mdpSrcFmt(0x14),mdp_src(1280,720,2560,0),en_p2_dma(0x00400001),crop1TableIdx(1),mdpCheck1(1),mdpCheck2(0),drvScenario(6),tcm_en(0x0)
06-07 13:18:30.698   336  3446 I iio/pathp2: [config] +,CamPathPass2:tdri(1),dupCqIdx(1),burstQueIdx(0)
06-07 13:18:30.698   336  3446 I iio/pathp2: [config] cq(9),drvScenario(6),hwScenario(6),sub_mode(0) p2_en(0x18000720),p2_dma(0x00400001),burstQueIdx(0)
06-07 13:18:30.698   336  3446 I iio/ifunc: [_config] [P2]en(0x18000720),EnDma(0x00400001),ctlSel(0x00001648),intEn(0x00000000),fmtSel(0x00000212),cqEn(0x00000002)
06-07 13:18:30.698  1532  7163 I BufferQueueProducer: [SurfaceTexture-666-1532-0](this:0xf187f400,id:0,api:4,p:336,c:1532) queueBuffer: slot 1 is dropped, handle=0xf4e7eac0
06-07 13:18:30.698   336  3310 D aaa_hal_yuv/3Athread: [onThreadLoop] waitVSirq done.
06-07 13:18:30.698   336  3310 D SeninfDrvImp: [getInstance][getInstance] 
06-07 13:18:30.698   336  3310 D SeninfDrvImp: [getInstance][getInstance] 
06-07 13:18:30.698   336  3310 D SeninfDrvImp: [getInstance][getInstance] 
06-07 13:18:30.698   336  3310 I TuningMgr: [byPassSetting] +,scenario(15),MagicNum(202198)
06-07 13:18:30.698   336  3310 I IspDrv  : {IspDrv} [bypassTuningQue] +,softScenario(15),magicNum(0x315d6)
06-07 13:18:30.698   336  3310 I IspDrv  : {IspDrv} [bypassTuningQue] p2Cq(1),pre-curWriteIdx(58),next-curWriteIdx(59)
06-07 13:18:30.699   336  3446 I iio/ifunc: [_enable] path(32),start(2),isP2IspOnly(0),dupCqIdx(1),burstQueIdx(0),SCEN(6)
06-07 13:18:30.699   336  3446 I MdpMgr  : {MdpMgr} [startMdp] +,cqIndx(9),sceID(6),cqPA(0x1b07540),tpipVa(0xec265000),tpipPa(0x2000000),isWaitBuf(1),venc(0)
06-07 13:18:30.699   336  3446 I MdpMgr  : {MdpMgr} [_startMdp] QQ idx[0]_src_crop(1/1) : X(0),FloatX(0),Y(0),FloatY(0),W(1280),H(720)
06-07 13:18:30.699   336  3446 I MdpMgr  : {MdpMgr} [_startMdp] index(0),capbility(3),fmt(51644520),rot(0),flip(0),(w,h,s)=(1280,720,1280),C(w,h,s)=(640,360,640),V(w,h,s)=(640,360,640),dpStreamtype(1),mdpindx(0)
06-07 13:18:30.699   336  3446 I MdpMgr  : {MdpMgr} [_startMdp] dstSizeList=(0x   e1000,0x   38400,0x   38400),dstVirList=(0xe02ad000,0xe038e000,0xe03c6400),dstPhyList=(0x 5100000,0x 51e1000,0x 5219400),plane num(2)
06-07 13:18:30.699   336  3447 D MDP     : DpEngine_TDSHP: onConfigFrame in ISP scenario: inParam.inISOSpeed = 0
06-07 13:18:30.700   336  3446 I MdpMgr  : {MdpMgr} [_startMdp] -
06-07 13:18:30.700   336  3410 I Iop/P2PPWp.TD: [dequeueJudgement] +
06-07 13:18:30.700   336  3410 I MdpMgr  : {MdpMgr} [dequeueBuf] +,cqIndx(9),sceID(6),deqIndex(1),isWaitBuf(1)
06-07 13:18:30.703   483  2623 E AKMD2   : CalcAngularRate:1121 Error.
06-07 13:18:30.704   483  2623 E AKMD2   : MeasureSNGLoop:646 Error.
06-07 13:18:30.704   336  3410 I iio/ppp : [dequeInBuf] dequeInBuf:tid(3410),dequeCq(9),PortID:(type, index, inout, timeout)=(0, 4, 0, -1)
06-07 13:18:30.704   336  3410 I MdpMgr  : {MdpMgr} [dequeueBuf] +,cqIndx(9),sceID(6),deqIndex(0),isWaitBuf(1)
06-07 13:18:30.704   336  3410 I Iop/P2PPWp.TD: [doDequeue] FmvOut(0x5100000),dCq(9/1)
06-07 13:18:30.704   336  3410 D MtkCam/FeaturePipe: [performCallback] FeatureGraph callback FrameNo(202196)
06-07 13:18:30.705   336  3410 I iio/ifunc: [enqueueHwBuf] pass1d:dma(9),id(0),size(0x1c2000),VA(0xe0e21000),PA(0x3a00000),S/C(0/0),bufidx(2),bImdMode(0)
06-07 13:18:30.705   336  3410 I Iop/P2PPWp.TD: [doDequeue] -,cb(296 us)
06-07 13:18:30.705  1532  1655 I BufferQueueProducer: [SurfaceTexture-1-1532-1](this:0xea098400,id:1,api:4,p:336,c:1532) queueBuffer: fps=25.05 dur=1038.07 max=49.30 min=30.99
06-07 13:18:30.713   336  3409 I iio/ifunc: [dequeueHwBuf] pass1:i(0),dma(4),id(0x0),size(0x3ba480),xsize(0xe9f),VA(0xe2a27000),PA(0x2300000),crop(0x0,0x0,0xea0,0x414),count(1),cur sof(181),frm_cnt(180),mag(0x3a39a),rawType(0)
06-07 13:18:30.714   336  3409 D NormalPipe: [MyDeQ:0]PortId(13),va=0xe2a27000,BufHeader=0xeb5c5dc0,PixelId=0, MNum=0x3a39a, rrzDstSz=0,0,rrzSrcSz=0,0
06-07 13:18:30.714   336  3409 D aaa_hal_yuv/3Athread: mCmdQ size(0) + cmd(10) magic(238492)
06-07 13:18:30.714   336  3394 D aaa_hal_yuv/3Athread: CmdQ-size(1), todo(10, 238492)
06-07 13:18:30.714   336  3409 D EisHal  : [DoEis]EisIn(1868,1040),P1T(1556,866)
06-07 13:18:30.714   336  3409 D EisHal  : [PrepareEisResult]cmvX(41411),cmvY(29014)
06-07 13:18:30.714   336  3409 D EisHal  : [PrepareEisResult]X(161,1635778560),Y(113,721420288)
06-07 13:18:30.714   336  3409 D EisHal  : [SaveEisResultForP2]too much unused data
06-07 13:18:30.714   336  3409 I iio/ifunc: [waitBufReady] waitBufReady[4]:[1,ffffffff] rtBufCtrl.ctrl(4)/id(4)/ptr(0x0)
06-07 13:18:30.714   483  2623 D AKMD2   : GetMagneticVector: ST1, HXH&HXL, HYH&HYL, HZH&HZL, ST2, hdata[0].u.x, hdata[0].u.y, hdata[0].u.z, asax, asay, asaz = 1, 87, 108, 157, 0, 1026, 1265, 1790, 23, 22, 18
06-07 13:18:30.714   336  3412 I Drv/IMem: Drv/IMem[mapPhyAddr] mID(0x2e),size(0xe1000),VA(xe3591000),PA(0x3c00000),S/C(0/0)
06-07 13:18:30.714   336  3412 I Drv/IMem: Drv/IMem[mapPhyAddr] mID(0x2e),size(0x38400),VA(xe3672000),PA(0x3c00000),S/C(0/0)
06-07 13:18:30.714   336  3412 I Drv/IMem: Drv/IMem[mapPhyAddr] mID(0x2e),size(0x38400),VA(xe36aa400),PA(0x3c00000),S/C(0/0)
06-07 13:18:30.714   336  3412 D MtkCam/FeaturePipe: [enqueFeatureGraph] FrameNo(238490)
06-07 13:18:30.714   336  3412 I Iop/P2PPWp: [enque] bufPackageNum(1),misV3(0),magic(1),tuningData(0)
06-07 13:18:30.714   336  3412 I Iop/P2PPWp: [enque] dmaEnPort(0x00008001),featureEntag (0x0),q(0)
06-07 13:18:30.715   336  3412 I iio/ppp : [configPipe] vInPorts:[0]:(0x14),w(1872),h(1044),stride(3744,0,0),type(0),idx(4),dir(0),Size(0x003ba480,0x00000000,0x00000000),VA(0xe2a27000,0x00000000,0x00000000),PA(0x02300000,0x00000000,0x00000000),memID(0xff,0x0,0x0),magicNum(0x3a39a)
06-07 13:18:30.715   336  3412 I iio/ppp : [configPipe] [Imgi][crop_1](x,f_x,y,f_y)=(0,0,0,0),(w,h,tarW,tarH)=(1872,1044,1872,1044)-[crop_2](x,f_x,y,f_y)=(8,0,0,0),(w,h,tarW,tarH)=(1856,1044,1856,1044)-[crop_3](x,f_x,y,f_y)=(0,0,0,0),(w,h,tarW,tarH)=(1872,1044,1872,1044),pass2_CQ(8),dupCqIdx(0)
06-07 13:18:30.715   336  3412 I iio/ppp : [configPipe] vOutPorts:[0]:(0x32315659),w(1280),h(720),stride(1280,640,640),type(0),idx(31),dir(1),Size(0x000e1000,0x00038400,0x00038400),VA(0xe3591000,0xe3672000,0xe36aa400),PA(0x03c00000,0x03ce1000,0x03d19400),memID(0x2e,0x2e,0x2e)
06-07 13:18:30.715   336  3412 I iio/ppp : [configPipe] drvScenario(6),mdpCheck1(1),mdpCheck2(0),crop1TableIdx(1)
06-07 13:18:30.715   336  3412 I iio/ppp : [configPipe] Pass(0),imgi.fmt(0x14),meScenarioID(6),isCropG1En(0),m_CrzEn(0),mdpSrcFmt(0x14),mdp_src(1872,1044,3744,0),en_p2_dma(0x00400001),crop1TableIdx(1),mdpCheck1(1),mdpCheck2(0),drvScenario(6),tcm_en(0x0)
06-07 13:18:30.715   336  3394 D aaa_hal_yuv/3Athread: [onThreadLoop] waitVSirq done.
06-07 13:18:30.715   336  3394 D SeninfDrvImp: [getInstance][getInstance] 
06-07 13:18:30.715   336  3394 D SeninfDrvImp: [getInstance][getInstance] 
06-07 13:18:30.715   336  3394 D SeninfDrvImp: [getInstance][getInstance] 
06-07 13:18:30.715   336  3394 I TuningMgr: [byPassSetting] +,scenario(0),MagicNum(238492)
06-07 13:18:30.715   336  3394 I IspDrv  : {IspDrv} [bypassTuningQue] +,softScenario(0),magicNum(0x3a39c)
06-07 13:18:30.715   336  3394 I IspDrv  : {IspDrv} [bypassTuningQue] p2Cq(0),pre-curWriteIdx(52),next-curWriteIdx(53)
06-07 13:18:30.716   336  3412 I iio/pathp2: [config] +,CamPathPass2:tdri(1),dupCqIdx(0),burstQueIdx(0)
06-07 13:18:30.716   336  3412 I iio/pathp2: [config] cq(8),drvScenario(6),hwScenario(6),sub_mode(0) p2_en(0x18000720),p2_dma(0x00400001),burstQueIdx(0)
06-07 13:18:30.716   336  3412 I iio/ifunc: [_config] [P2]en(0x18000720),EnDma(0x00400001),ctlSel(0x00001648),intEn(0x00000000),fmtSel(0x00000212),cqEn(0x00000001)
06-07 13:18:30.716   336  3412 I iio/ifunc: [_enable] path(16),start(1),isP2IspOnly(0),dupCqIdx(0),burstQueIdx(0),SCEN(6)
06-07 13:18:30.716   336  3412 I MdpMgr  : {MdpMgr} [startMdp] +,cqIndx(8),sceID(6),cqPA(0x1b06480),tpipVa(0xec2a7000),tpipPa(0x1d00000),isWaitBuf(1),venc(0)
06-07 13:18:30.716   336  3412 I MdpMgr  : {MdpMgr} [_startMdp] QQ idx[0]_src_crop(1/1) : X(8),FloatX(0),Y(0),FloatY(0),W(1856),H(1044)
06-07 13:18:30.716   336  3412 I MdpMgr  : {MdpMgr} [_startMdp] index(0),capbility(3),fmt(51644520),rot(0),flip(0),(w,h,s)=(1280,720,1280),C(w,h,s)=(640,360,640),V(w,h,s)=(640,360,640),dpStreamtype(1),mdpindx(0)
06-07 13:18:30.716   336  3412 I MdpMgr  : {MdpMgr} [_startMdp] dstSizeList=(0x   e1000,0x   38400,0x   38400),dstVirList=(0xe3591000,0xe3672000,0xe36aa400),dstPhyList=(0x 3c00000,0x 3ce1000,0x 3d19400),plane num(2)
06-07 13:18:30.717   336  3447 D MDP     : DpEngine_TDSHP: onConfigFrame in ISP scenario: inParam.inISOSpeed = 0
06-07 13:18:30.718   336  3412 I MdpMgr  : {MdpMgr} [_startMdp] -
06-07 13:18:30.718   336  3410 I Iop/P2PPWp.TD: [dequeueJudgement] +
06-07 13:18:30.718   336  3410 I MdpMgr  : {MdpMgr} [dequeueBuf] +,cqIndx(8),sceID(6),deqIndex(1),isWaitBuf(1)
06-07 13:18:30.719   235   558 D MAL-Daemon:  (     ru_wsl_poll_wpainfo,  658) [RDS-D][RDS][RU][ru_wsl_poll_wpainfo]socket recv pktlen(48) 
06-07 13:18:30.719   235   558 D MAL-Daemon:  (rds_ru_ws_rssi_timer_exp,  771) [RDS-D][RU][rds_ru_ws_rssi_timer_expire_hdlr][RDS] get rssi = -34, snr = 9999 
06-07 13:18:30.721   235   558 I MAL-Daemon:  (          ru_get_netstat, 5759) [RDS-I][RU][ru_get_netstat] netstat <thrghpt, pkterrt>, wifi <74, 0%>, mobile <1207070, 0%>
06-07 13:18:30.721   235   558 I MAL-Daemon:  (    ru_send_event_entity,  369) [RDS-I][RDS][RU][ru_send_event_entity] send event 614 to 1234 with ret(0)
06-07 13:18:30.721  1543  1769 I MFI-Conn:  (     mfia_task_bootstrap,  944) mfia_task_bootstrap(): an event 614 incoming
06-07 13:18:30.721  1543  2124 I MFI-Conn:  (             rds_urc_hdl,  263) [RDS][rds_urc_hdl] RCV Event: 614 
06-07 13:18:30.721  1543  2124 I MFI-Conn:  (             rds_urc_hdl,  378) [RDS][IF][rds_urc_hdl] data_base update: pkterrt(0) 
06-07 13:18:30.724   483  2623 E AKMD2   : CalcAngularRate:1121 Error.
06-07 13:18:30.724   483  2623 E AKMD2   : MeasureSNGLoop:646 Error.
06-07 13:18:30.727   336  3410 I iio/ppp : [dequeInBuf] dequeInBuf:tid(3410),dequeCq(8),PortID:(type, index, inout, timeout)=(0, 4, 0, -1)
06-07 13:18:30.727   336  3410 I MdpMgr  : {MdpMgr} [dequeueBuf] +,cqIndx(8),sceID(6),deqIndex(0),isWaitBuf(1)
06-07 13:18:30.727   336  3410 I Iop/P2PPWp.TD: [doDequeue] FmvOut(0x3c00000),dCq(8/0)
06-07 13:18:30.727   336  3410 D MtkCam/FeaturePipe: [performCallback] FeatureGraph callback FrameNo(238490)
06-07 13:18:30.727   336  3410 I iio/ifunc: [enqueueHwBuf] pass1:dma(4),id(0),size(0x3ba480),VA(0xe2a27000),PA(0x2300000),S/C(0/0),bufidx(0),bImdMode(0)
06-07 13:18:30.727   336  3410 I Iop/P2PPWp.TD: [doDequeue] -,cb(301 us)
06-07 13:18:30.728  1532  1658 I BufferQueueProducer: [SurfaceTexture-666-1532-0](this:0xf187f400,id:0,api:4,p:336,c:1532) queueBuffer: slot 2 is dropped, handle=0xf4e7ec00
06-07 13:18:30.734   483  2623 D AKMD2   : GetMagneticVector: ST1, HXH&HXL, HYH&HYL, HZH&HZL, ST2, hdata[0].u.x, hdata[0].u.y, hdata[0].u.z, asax, asay, asaz = 1, 86, 110, 155, 0, 1014, 1289, 1767, 23, 22, 18
06-07 13:18:30.737   336  3444 I iio/ifunc: [dequeueHwBuf] pass1d:i(0),dma(9),id(0x0),size(0x1c2000),xsize(0x9ff),VA(0xe12ff000),PA(0x3400000),crop(0x0,0x0,0xa00,0x2d0),count(1),cur sof(171),frm_cnt(170),mag(0x315d5),rawType(0)
06-07 13:18:30.737   336  3444 D aaa_hal_yuv/3Athread: mCmdQ size(0) + cmd(10) magic(202199)
06-07 13:18:30.737   336  3444 D EisHal  : [DoEis]mSensorIdx(1) not support EIS
06-07 13:18:30.737   336  3444 I iio/ifunc: [waitBufReady] waitBufReady[9]:[ffffffff,2] rtBufCtrl.ctrl(4)/id(9)/ptr(0x0)
06-07 13:18:30.737   336  3310 D aaa_hal_yuv/3Athread: CmdQ-size(1), todo(10, 202199)
06-07 13:18:30.737   336  3446 I Drv/IMem: Drv/IMem[mapPhyAddr] mID(0x11e),size(0xe1000),VA(xe0ac9000),PA(0x4500000),S/C(0/0)
06-07 13:18:30.737   336  3446 I Drv/IMem: Drv/IMem[mapPhyAddr] mID(0x11e),size(0x38400),VA(xe0baa000),PA(0x4500000),S/C(0/0)
06-07 13:18:30.737   336  3446 I Drv/IMem: Drv/IMem[mapPhyAddr] mID(0x11e),size(0x38400),VA(xe0be2400),PA(0x4500000),S/C(0/0)
06-07 13:18:30.737   336  3446 D MtkCam/FeaturePipe: [enqueFeatureGraph] FrameNo(202197)
06-07 13:18:30.737   336  3446 I Iop/P2PPWp: [enque] bufPackageNum(1),misV3(0),magic(1),tuningData(0)
06-07 13:18:30.738   336  3446 I Iop/P2PPWp: [enque] dmaEnPort(0x00008001),featureEntag (0x0),q(0)
06-07 13:18:30.738   336  3446 I iio/ppp : [configPipe] vInPorts:[0]:(0x14),w(1280),h(720),stride(2560,0,0),type(0),idx(4),dir(0),Size(0x001c2000,0x00000000,0x00000000),VA(0xe12ff000,0x00000000,0x00000000),PA(0x03400000,0x00000000,0x00000000),memID(0x113,0x0,0x0),magicNum(0x315d5)
06-07 13:18:30.738   336  3446 I iio/ppp : [configPipe] [Imgi][crop_1](x,f_x,y,f_y)=(0,0,0,0),(w,h,tarW,tarH)=(1280,720,1280,720)-[crop_2](x,f_x,y,f_y)=(0,0,0,0),(w,h,tarW,tarH)=(1280,720,1280,720)-[crop_3](x,f_x,y,f_y)=(0,0,0,0),(w,h,tarW,tarH)=(1280,720,1280,720),pass2_CQ(9),dupCqIdx(0)
06-07 13:18:30.738   336  3446 I iio/ppp : [configPipe] vOutPorts:[0]:(0x32315659),w(1280),h(720),stride(1280,640,640),type(0),idx(31),dir(1),Size(0x000e1000,0x00038400,0x00038400),VA(0xe0ac9000,0xe0baa000,0xe0be2400),PA(0x04500000,0x045e1000,0x04619400),memID(0x11e,0x11e,0x11e)
06-07 13:18:30.738   336  3310 D aaa_hal_yuv/3Athread: [onThreadLoop] waitVSirq done.
06-07 13:18:30.738   336  3310 D SeninfDrvImp: [getInstance][getInstance] 
06-07 13:18:30.738   336  3310 D SeninfDrvImp: [getInstance][getInstance] 
06-07 13:18:30.738   336  3310 D SeninfDrvImp: [getInstance][getInstance] 
