06-07 13:18:30.738   336  3310 I TuningMgr: [byPassSetting] +,scenario(15),MagicNum(202199)
06-07 13:18:30.738   336  3310 I IspDrv  : {IspDrv} [bypassTuningQue] +,softScenario(15),magicNum(0x315d7)
06-07 13:18:30.738   336  3310 I IspDrv  : {IspDrv} [bypassTuningQue] p2Cq(1),pre-curWriteIdx(59),next-curWriteIdx(0)
06-07 13:18:30.738   336  3446 I iio/ppp : [configPipe] drvScenario(6),mdpCheck1(1),mdpCheck2(0),crop1TableIdx(1)
06-07 13:18:30.738   336  3446 I iio/ppp : [configPipe] Pass(1),imgi.fmt(0x14),meScenarioID(6),isCropG1En(0),m_CrzEn(0),mdpSrcFmt(0x14),mdp_src(1280,720,2560,0),en_p2_dma(0x00400001),crop1TableIdx(1),mdpCheck1(1),mdpCheck2(0),drvScenario(6),tcm_en(0x0)
06-07 13:18:30.739   336  3446 I iio/pathp2: [config] +,CamPathPass2:tdri(1),dupCqIdx(0),burstQueIdx(0)
06-07 13:18:30.739   336  3446 I iio/pathp2: [config] cq(9),drvScenario(6),hwScenario(6),sub_mode(0) p2_en(0x18000720),p2_dma(0x00400001),burstQueIdx(0)
06-07 13:18:30.739   336  3446 I iio/ifunc: [_config] [P2]en(0x18000720),EnDma(0x00400001),ctlSel(0x00001648),intEn(0x00000000),fmtSel(0x00000212),cqEn(0x00000002)
06-07 13:18:30.739   336  3446 I iio/ifunc: [_enable] path(32),start(2),isP2IspOnly(0),dupCqIdx(0),burstQueIdx(0),SCEN(6)
06-07 13:18:30.739   336  3446 I MdpMgr  : {MdpMgr} [startMdp] +,cqIndx(9),sceID(6),cqPA(0x1b068b0),tpipVa(0xec27b000),tpipPa(0x1f00000),isWaitBuf(1),venc(0)
06-07 13:18:30.739   336  3446 I MdpMgr  : {MdpMgr} [_startMdp] QQ idx[0]_src_crop(1/1) : X(0),FloatX(0),Y(0),FloatY(0),W(1280),H(720)
06-07 13:18:30.739   336  3446 I MdpMgr  : {MdpMgr} [_startMdp] index(0),capbility(3),fmt(51644520),rot(0),flip(0),(w,h,s)=(1280,720,1280),C(w,h,s)=(640,360,640),V(w,h,s)=(640,360,640),dpStreamtype(1),mdpindx(0)
06-07 13:18:30.739   336  3446 I MdpMgr  : {MdpMgr} [_startMdp] dstSizeList=(0x   e1000,0x   38400,0x   38400),dstVirList=(0xe0ac9000,0xe0baa000,0xe0be2400),dstPhyList=(0x 4500000,0x 45e1000,0x 4619400),plane num(2)
06-07 13:18:30.740   336  3447 D MDP     : DpEngine_TDSHP: onConfigFrame in ISP scenario: inParam.inISOSpeed = 0
06-07 13:18:30.740   336  3446 I MdpMgr  : {MdpMgr} [_startMdp] -
06-07 13:18:30.741   336  3410 I Iop/P2PPWp.TD: [dequeueJudgement] +
06-07 13:18:30.741   336  3410 I MdpMgr  : {MdpMgr} [dequeueBuf] +,cqIndx(9),sceID(6),deqIndex(1),isWaitBuf(1)
06-07 13:18:30.744   483  2623 E AKMD2   : CalcAngularRate:1121 Error.
06-07 13:18:30.744   483  2623 E AKMD2   : MeasureSNGLoop:646 Error.
06-07 13:18:30.745   336  3410 I iio/ppp : [dequeInBuf] dequeInBuf:tid(3410),dequeCq(9),PortID:(type, index, inout, timeout)=(0, 4, 0, -1)
06-07 13:18:30.745   336  3410 I MdpMgr  : {MdpMgr} [dequeueBuf] +,cqIndx(9),sceID(6),deqIndex(0),isWaitBuf(1)
06-07 13:18:30.745   336  3410 I Iop/P2PPWp.TD: [doDequeue] FmvOut(0x4500000),dCq(9/0)
06-07 13:18:30.745   336  3410 D MtkCam/FeaturePipe: [performCallback] FeatureGraph callback FrameNo(202197)
06-07 13:18:30.745   336  3410 I iio/ifunc: [enqueueHwBuf] pass1d:dma(9),id(0),size(0x1c2000),VA(0xe12ff000),PA(0x3400000),S/C(0/0),bufidx(0),bImdMode(0)
06-07 13:18:30.747   336  3409 I iio/ifunc: [dequeueHwBuf] pass1:i(0),dma(4),id(0x0),size(0x3ba480),xsize(0xe9f),VA(0xe266c000),PA(0x2700000),crop(0x0,0x0,0xea0,0x414),count(1),cur sof(182),frm_cnt(181),mag(0x3a39b),rawType(0)
06-07 13:18:30.747   336  3409 D NormalPipe: [MyDeQ:0]PortId(13),va=0xe266c000,BufHeader=0xeb5c5dc0,PixelId=0, MNum=0x3a39b, rrzDstSz=0,0,rrzSrcSz=0,0
06-07 13:18:30.747   336  3409 D aaa_hal_yuv/3Athread: mCmdQ size(0) + cmd(10) magic(238493)
06-07 13:18:30.747   336  3394 D aaa_hal_yuv/3Athread: CmdQ-size(1), todo(10, 238493)
06-07 13:18:30.747   336  3409 D EisHal  : [DoEis]EisIn(1868,1040),P1T(1556,866)
06-07 13:18:30.747   336  3409 D EisHal  : [PrepareEisResult]cmvX(41411),cmvY(29014)
06-07 13:18:30.747   336  3409 D EisHal  : [PrepareEisResult]X(161,1635778560),Y(113,721420288)
06-07 13:18:30.747   336  3409 D EisHal  : [SaveEisResultForP2]too much unused data
06-07 13:18:30.747   336  3409 I iio/ifunc: [waitBufReady] waitBufReady[4]:[1,ffffffff] rtBufCtrl.ctrl(4)/id(4)/ptr(0x0)
06-07 13:18:30.748   336  3410 I Iop/P2PPWp.TD: [doDequeue] -,cb(2577 us)
06-07 13:18:30.749   336  3394 D aaa_hal_yuv/3Athread: [onThreadLoop] waitVSirq done.
06-07 13:18:30.749   336  3394 D SeninfDrvImp: [getInstance][getInstance] 
06-07 13:18:30.749   336  3394 D SeninfDrvImp: [getInstance][getInstance] 
06-07 13:18:30.750   336  3394 D SeninfDrvImp: [getInstance][getInstance] 
06-07 13:18:30.750   336  3394 I TuningMgr: [byPassSetting] +,scenario(0),MagicNum(238493)
06-07 13:18:30.750   336  3394 I IspDrv  : {IspDrv} [bypassTuningQue] +,softScenario(0),magicNum(0x3a39d)
06-07 13:18:30.750   336  3394 I IspDrv  : {IspDrv} [bypassTuningQue] p2Cq(0),pre-curWriteIdx(53),next-curWriteIdx(54)
06-07 13:18:30.750   336  3412 I Drv/IMem: Drv/IMem[mapPhyAddr] mID(0x2f),size(0xe1000),VA(xe3437000),PA(0x3e00000),S/C(0/0)
06-07 13:18:30.750   336  3412 I Drv/IMem: Drv/IMem[mapPhyAddr] mID(0x2f),size(0x38400),VA(xe3518000),PA(0x3e00000),S/C(0/0)
06-07 13:18:30.751   336  3412 I Drv/IMem: Drv/IMem[mapPhyAddr] mID(0x2f),size(0x38400),VA(xe3550400),PA(0x3e00000),S/C(0/0)
06-07 13:18:30.752   336  3412 D MtkCam/FeaturePipe: [enqueFeatureGraph] FrameNo(238491)
06-07 13:18:30.752   336  3412 I Iop/P2PPWp: [enque] bufPackageNum(1),misV3(0),magic(1),tuningData(0)
06-07 13:18:30.752   336  3412 I Iop/P2PPWp: [enque] dmaEnPort(0x00008001),featureEntag (0x0),q(0)
06-07 13:18:30.752   336  3412 I iio/ppp : [configPipe] vInPorts:[0]:(0x14),w(1872),h(1044),stride(3744,0,0),type(0),idx(4),dir(0),Size(0x003ba480,0x00000000,0x00000000),VA(0xe266c000,0x00000000,0x00000000),PA(0x02700000,0x00000000,0x00000000),memID(0x101,0x0,0x0),magicNum(0x3a39b)
06-07 13:18:30.752   336  3412 I iio/ppp : [configPipe] [Imgi][crop_1](x,f_x,y,f_y)=(0,0,0,0),(w,h,tarW,tarH)=(1872,1044,1872,1044)-[crop_2](x,f_x,y,f_y)=(8,0,0,0),(w,h,tarW,tarH)=(1856,1044,1856,1044)-[crop_3](x,f_x,y,f_y)=(0,0,0,0),(w,h,tarW,tarH)=(1872,1044,1872,1044),pass2_CQ(8),dupCqIdx(1)
06-07 13:18:30.752   336  3412 I iio/ppp : [configPipe] vOutPorts:[0]:(0x32315659),w(1280),h(720),stride(1280,640,640),type(0),idx(31),dir(1),Size(0x000e1000,0x00038400,0x00038400),VA(0xe3437000,0xe3518000,0xe3550400),PA(0x03e00000,0x03ee1000,0x03f19400),memID(0x2f,0x2f,0x2f)
06-07 13:18:30.752   336  3412 I iio/ppp : [configPipe] drvScenario(6),mdpCheck1(1),mdpCheck2(0),crop1TableIdx(1)
06-07 13:18:30.754   336  3412 I iio/ppp : [configPipe] Pass(0),imgi.fmt(0x14),meScenarioID(6),isCropG1En(0),m_CrzEn(0),mdpSrcFmt(0x14),mdp_src(1872,1044,3744,0),en_p2_dma(0x00400001),crop1TableIdx(1),mdpCheck1(1),mdpCheck2(0),drvScenario(6),tcm_en(0x0)
06-07 13:18:30.756   483  2623 D AKMD2   : GetMagneticVector: ST1, HXH&HXL, HYH&HYL, HZH&HZL, ST2, hdata[0].u.x, hdata[0].u.y, hdata[0].u.z, asax, asay, asaz = 1, 84, 110, 154, 0, 990, 1289, 1756, 23, 22, 18
06-07 13:18:30.757   336  3412 I iio/pathp2: [config] +,CamPathPass2:tdri(1),dupCqIdx(1),burstQueIdx(0)
06-07 13:18:30.759   336  3412 I iio/pathp2: [config] cq(8),drvScenario(6),hwScenario(6),sub_mode(0) p2_en(0x18000720),p2_dma(0x00400001),burstQueIdx(0)
06-07 13:18:30.759   336  3412 I iio/ifunc: [_config] [P2]en(0x18000720),EnDma(0x00400001),ctlSel(0x00001648),intEn(0x00000000),fmtSel(0x00000212),cqEn(0x00000001)
06-07 13:18:30.759   336  3412 I iio/ifunc: [_enable] path(16),start(1),isP2IspOnly(0),dupCqIdx(1),burstQueIdx(0),SCEN(6)
06-07 13:18:30.759   336  3412 I MdpMgr  : {MdpMgr} [startMdp] +,cqIndx(8),sceID(6),cqPA(0x1b07110),tpipVa(0xec291000),tpipPa(0x1e00000),isWaitBuf(1),venc(0)
06-07 13:18:30.759   336  3412 I MdpMgr  : {MdpMgr} [_startMdp] QQ idx[0]_src_crop(1/1) : X(8),FloatX(0),Y(0),FloatY(0),W(1856),H(1044)
06-07 13:18:30.759   336  3412 I MdpMgr  : {MdpMgr} [_startMdp] index(0),capbility(3),fmt(51644520),rot(0),flip(0),(w,h,s)=(1280,720,1280),C(w,h,s)=(640,360,640),V(w,h,s)=(640,360,640),dpStreamtype(1),mdpindx(0)
06-07 13:18:30.759   336  3412 I MdpMgr  : {MdpMgr} [_startMdp] dstSizeList=(0x   e1000,0x   38400,0x   38400),dstVirList=(0xe3437000,0xe3518000,0xe3550400),dstPhyList=(0x 3e00000,0x 3ee1000,0x 3f19400),plane num(2)
06-07 13:18:30.760   336  3447 D MDP     : DpEngine_TDSHP: onConfigFrame in ISP scenario: inParam.inISOSpeed = 0
06-07 13:18:30.761   336  3412 I MdpMgr  : {MdpMgr} [_startMdp] -
06-07 13:18:30.761   336  3410 I Iop/P2PPWp.TD: [dequeueJudgement] +
06-07 13:18:30.761   336  3410 I MdpMgr  : {MdpMgr} [dequeueBuf] +,cqIndx(8),sceID(6),deqIndex(1),isWaitBuf(1)
06-07 13:18:30.765   483  2623 E AKMD2   : CalcAngularRate:1121 Error.
06-07 13:18:30.765   483  2623 E AKMD2   : MeasureSNGLoop:646 Error.
06-07 13:18:30.770   336  3410 I iio/ppp : [dequeInBuf] dequeInBuf:tid(3410),dequeCq(8),PortID:(type, index, inout, timeout)=(0, 4, 0, -1)
06-07 13:18:30.770   336  3410 I MdpMgr  : {MdpMgr} [dequeueBuf] +,cqIndx(8),sceID(6),deqIndex(0),isWaitBuf(1)
06-07 13:18:30.770   336  3410 I Iop/P2PPWp.TD: [doDequeue] FmvOut(0x3e00000),dCq(8/1)
06-07 13:18:30.770   336  3410 D MtkCam/FeaturePipe: [performCallback] FeatureGraph callback FrameNo(238491)
06-07 13:18:30.770   336  3410 I iio/ifunc: [enqueueHwBuf] pass1:dma(4),id(0),size(0x3ba480),VA(0xe266c000),PA(0x2700000),S/C(0/0),bufidx(1),bImdMode(0)
06-07 13:18:30.770   336  3410 I Iop/P2PPWp.TD: [doDequeue] -,cb(281 us)
06-07 13:18:30.770  1532  1655 I BufferQueueProducer: [SurfaceTexture-666-1532-0](this:0xf187f400,id:0,api:4,p:336,c:1532) queueBuffer: slot 3 is dropped, handle=0xf4e7ed40
06-07 13:18:30.774   483  2623 D AKMD2   : GetMagneticVector: ST1, HXH&HXL, HYH&HYL, HZH&HZL, ST2, hdata[0].u.x, hdata[0].u.y, hdata[0].u.z, asax, asay, asaz = 1, 83, 109, 156, 0, 979, 1277, 1779, 23, 22, 18
06-07 13:18:30.776   336  3444 I iio/ifunc: [dequeueHwBuf] pass1d:i(0),dma(9),id(0x0),size(0x1c2000),xsize(0x9ff),VA(0xe0fe3000),PA(0x3800000),crop(0x0,0x0,0xa00,0x2d0),count(1),cur sof(172),frm_cnt(171),mag(0x315d6),rawType(0)
06-07 13:18:30.776   336  3444 D aaa_hal_yuv/3Athread: mCmdQ size(0) + cmd(10) magic(202200)
06-07 13:18:30.777   336  3310 D aaa_hal_yuv/3Athread: CmdQ-size(1), todo(10, 202200)
06-07 13:18:30.777   336  3444 D EisHal  : [DoEis]mSensorIdx(1) not support EIS
06-07 13:18:30.777   336  3444 I iio/ifunc: [waitBufReady] waitBufReady[9]:[ffffffff,2] rtBufCtrl.ctrl(4)/id(9)/ptr(0x0)
06-07 13:18:30.777   336  3446 I Drv/IMem: Drv/IMem[mapPhyAddr] mID(0x123),size(0xe1000),VA(xe0407000),PA(0x4f00000),S/C(0/0)
06-07 13:18:30.777   336  3446 I Drv/IMem: Drv/IMem[mapPhyAddr] mID(0x123),size(0x38400),VA(xe04e8000),PA(0x4f00000),S/C(0/0)
06-07 13:18:30.777   336  3446 I Drv/IMem: Drv/IMem[mapPhyAddr] mID(0x123),size(0x38400),VA(xe0520400),PA(0x4f00000),S/C(0/0)
06-07 13:18:30.777   336  3446 D MtkCam/FeaturePipe: [enqueFeatureGraph] FrameNo(202198)
06-07 13:18:30.777   336  3446 I Iop/P2PPWp: [enque] bufPackageNum(1),misV3(0),magic(1),tuningData(0)
06-07 13:18:30.777   336  3446 I Iop/P2PPWp: [enque] dmaEnPort(0x00008001),featureEntag (0x0),q(0)
06-07 13:18:30.777   336  3446 I iio/ppp : [configPipe] vInPorts:[0]:(0x14),w(1280),h(720),stride(2560,0,0),type(0),idx(4),dir(0),Size(0x001c2000,0x00000000,0x00000000),VA(0xe0fe3000,0x00000000,0x00000000),PA(0x03800000,0x00000000,0x00000000),memID(0x116,0x0,0x0),magicNum(0x315d6)
06-07 13:18:30.777   336  3446 I iio/ppp : [configPipe] [Imgi][crop_1](x,f_x,y,f_y)=(0,0,0,0),(w,h,tarW,tarH)=(1280,720,1280,720)-[crop_2](x,f_x,y,f_y)=(0,0,0,0),(w,h,tarW,tarH)=(1280,720,1280,720)-[crop_3](x,f_x,y,f_y)=(0,0,0,0),(w,h,tarW,tarH)=(1280,720,1280,720),pass2_CQ(9),dupCqIdx(1)
06-07 13:18:30.777   336  3446 I iio/ppp : [configPipe] vOutPorts:[0]:(0x32315659),w(1280),h(720),stride(1280,640,640),type(0),idx(31),dir(1),Size(0x000e1000,0x00038400,0x00038400),VA(0xe0407000,0xe04e8000,0xe0520400),PA(0x04f00000,0x04fe1000,0x05019400),memID(0x123,0x123,0x123)
06-07 13:18:30.778   336  3446 I iio/ppp : [configPipe] drvScenario(6),mdpCheck1(1),mdpCheck2(0),crop1TableIdx(1)
06-07 13:18:30.778   336  3446 I iio/ppp : [configPipe] Pass(1),imgi.fmt(0x14),meScenarioID(6),isCropG1En(0),m_CrzEn(0),mdpSrcFmt(0x14),mdp_src(1280,720,2560,0),en_p2_dma(0x00400001),crop1TableIdx(1),mdpCheck1(1),mdpCheck2(0),drvScenario(6),tcm_en(0x0)
06-07 13:18:30.778   336  3446 I iio/pathp2: [config] +,CamPathPass2:tdri(1),dupCqIdx(1),burstQueIdx(0)
06-07 13:18:30.778   336  3446 I iio/pathp2: [config] cq(9),drvScenario(6),hwScenario(6),sub_mode(0) p2_en(0x18000720),p2_dma(0x00400001),burstQueIdx(0)
06-07 13:18:30.778   336  3446 I iio/ifunc: [_config] [P2]en(0x18000720),EnDma(0x00400001),ctlSel(0x00001648),intEn(0x00000000),fmtSel(0x00000212),cqEn(0x00000002)
06-07 13:18:30.778   336  3310 D aaa_hal_yuv/3Athread: [onThreadLoop] waitVSirq done.
06-07 13:18:30.778   336  3310 D SeninfDrvImp: [getInstance][getInstance] 
06-07 13:18:30.778   336  3310 D SeninfDrvImp: [getInstance][getInstance] 
06-07 13:18:30.778   336  3310 D SeninfDrvImp: [getInstance][getInstance] 
06-07 13:18:30.778   336  3446 I iio/ifunc: [_enable] path(32),start(2),isP2IspOnly(0),dupCqIdx(1),burstQueIdx(0),SCEN(6)
06-07 13:18:30.778   336  3310 I TuningMgr: [byPassSetting] +,scenario(15),MagicNum(202200)
06-07 13:18:30.778   336  3446 I MdpMgr  : {MdpMgr} [startMdp] +,cqIndx(9),sceID(6),cqPA(0x1b07540),tpipVa(0xec265000),tpipPa(0x2000000),isWaitBuf(1),venc(0)
06-07 13:18:30.778   336  3310 I IspDrv  : {IspDrv} [bypassTuningQue] +,softScenario(15),magicNum(0x315d8)
06-07 13:18:30.778   336  3310 I IspDrv  : {IspDrv} [bypassTuningQue] p2Cq(1),pre-curWriteIdx(0),next-curWriteIdx(1)
06-07 13:18:30.778   336  3446 I MdpMgr  : {MdpMgr} [_startMdp] QQ idx[0]_src_crop(1/1) : X(0),FloatX(0),Y(0),FloatY(0),W(1280),H(720)
06-07 13:18:30.778   336  3446 I MdpMgr  : {MdpMgr} [_startMdp] index(0),capbility(3),fmt(51644520),rot(0),flip(0),(w,h,s)=(1280,720,1280),C(w,h,s)=(640,360,640),V(w,h,s)=(640,360,640),dpStreamtype(1),mdpindx(0)
06-07 13:18:30.778   336  3446 I MdpMgr  : {MdpMgr} [_startMdp] dstSizeList=(0x   e1000,0x   38400,0x   38400),dstVirList=(0xe0407000,0xe04e8000,0xe0520400),dstPhyList=(0x 4f00000,0x 4fe1000,0x 5019400),plane num(2)
06-07 13:18:30.779   336  3447 D MDP     : DpEngine_TDSHP: onConfigFrame in ISP scenario: inParam.inISOSpeed = 0
06-07 13:18:30.779   336  3446 I MdpMgr  : {MdpMgr} [_startMdp] -
06-07 13:18:30.779   336  3410 I Iop/P2PPWp.TD: [dequeueJudgement] +
06-07 13:18:30.779   336  3410 I MdpMgr  : {MdpMgr} [dequeueBuf] +,cqIndx(9),sceID(6),deqIndex(1),isWaitBuf(1)
06-07 13:18:30.780   336  3409 I iio/ifunc: [dequeueHwBuf] pass1:i(0),dma(4),id(0x0),size(0x3ba480),xsize(0xe9f),VA(0xe22b1000),PA(0x2b00000),crop(0x0,0x0,0xea0,0x414),count(1),cur sof(183),frm_cnt(182),mag(0x3a39c),rawType(0)
06-07 13:18:30.780   336  3409 D NormalPipe: [MyDeQ:0]PortId(13),va=0xe22b1000,BufHeader=0xeb5c5dc0,PixelId=0, MNum=0x3a39c, rrzDstSz=0,0,rrzSrcSz=0,0
06-07 13:18:30.780   336  3409 D aaa_hal_yuv/3Athread: mCmdQ size(0) + cmd(10) magic(238494)
06-07 13:18:30.780   336  3394 D aaa_hal_yuv/3Athread: CmdQ-size(1), todo(10, 238494)
06-07 13:18:30.780   336  3409 D EisHal  : [DoEis]EisIn(1868,1040),P1T(1556,866)
06-07 13:18:30.780   336  3409 D EisHal  : [PrepareEisResult]cmvX(41411),cmvY(29014)
06-07 13:18:30.780   336  3409 D EisHal  : [PrepareEisResult]X(161,1635778560),Y(113,721420288)
06-07 13:18:30.780   336  3409 D EisHal  : [SaveEisResultForP2]too much unused data
06-07 13:18:30.781   336  3409 I iio/ifunc: [waitBufReady] waitBufReady[4]:[1,ffffffff] rtBufCtrl.ctrl(4)/id(4)/ptr(0x0)
06-07 13:18:30.781   336  3412 I Drv/IMem: Drv/IMem[mapPhyAddr] mID(0x32),size(0xe1000),VA(xe32dd000),PA(0x4100000),S/C(0/0)
06-07 13:18:30.781   336  3412 I Drv/IMem: Drv/IMem[mapPhyAddr] mID(0x32),size(0x38400),VA(xe33be000),PA(0x4100000),S/C(0/0)
06-07 13:18:30.781   336  3412 I Drv/IMem: Drv/IMem[mapPhyAddr] mID(0x32),size(0x38400),VA(xe33f6400),PA(0x4100000),S/C(0/0)
06-07 13:18:30.781   336  3412 D MtkCam/FeaturePipe: [enqueFeatureGraph] FrameNo(238492)
06-07 13:18:30.781   336  3412 I Iop/P2PPWp: [enque] bufPackageNum(1),misV3(0),magic(1),tuningData(0)
06-07 13:18:30.781   336  3412 I Iop/P2PPWp: [enque] dmaEnPort(0x00008001),featureEntag (0x0),q(0)
06-07 13:18:30.781   336  3412 I iio/ppp : [configPipe] vInPorts:[0]:(0x14),w(1872),h(1044),stride(3744,0,0),type(0),idx(4),dir(0),Size(0x003ba480,0x00000000,0x00000000),VA(0xe22b1000,0x00000000,0x00000000),PA(0x02b00000,0x00000000,0x00000000),memID(0x103,0x0,0x0),magicNum(0x3a39c)
06-07 13:18:30.781   336  3412 I iio/ppp : [configPipe] [Imgi][crop_1](x,f_x,y,f_y)=(0,0,0,0),(w,h,tarW,tarH)=(1872,1044,1872,1044)-[crop_2](x,f_x,y,f_y)=(8,0,0,0),(w,h,tarW,tarH)=(1856,1044,1856,1044)-[crop_3](x,f_x,y,f_y)=(0,0,0,0),(w,h,tarW,tarH)=(1872,1044,1872,1044),pass2_CQ(8),dupCqIdx(0)
06-07 13:18:30.781   336  3412 I iio/ppp : [configPipe] vOutPorts:[0]:(0x32315659),w(1280),h(720),stride(1280,640,640),type(0),idx(31),dir(1),Size(0x000e1000,0x00038400,0x00038400),VA(0xe32dd000,0xe33be000,0xe33f6400),PA(0x04100000,0x041e1000,0x04219400),memID(0x32,0x32,0x32)
06-07 13:18:30.781   336  3412 I iio/ppp : [configPipe] drvScenario(6),mdpCheck1(1),mdpCheck2(0),crop1TableIdx(1)
06-07 13:18:30.782   336  3412 I iio/ppp : [configPipe] Pass(0),imgi.fmt(0x14),meScenarioID(6),isCropG1En(0),m_CrzEn(0),mdpSrcFmt(0x14),mdp_src(1872,1044,3744,0),en_p2_dma(0x00400001),crop1TableIdx(1),mdpCheck1(1),mdpCheck2(0),drvScenario(6),tcm_en(0x0)
06-07 13:18:30.782   336  3394 D aaa_hal_yuv/3Athread: [onThreadLoop] waitVSirq done.
06-07 13:18:30.782   336  3394 D SeninfDrvImp: [getInstance][getInstance] 
06-07 13:18:30.782   336  3394 D SeninfDrvImp: [getInstance][getInstance] 
06-07 13:18:30.782   336  3394 D SeninfDrvImp: [getInstance][getInstance] 
06-07 13:18:30.782   336  3394 I TuningMgr: [byPassSetting] +,scenario(0),MagicNum(238494)
06-07 13:18:30.782   336  3394 I IspDrv  : {IspDrv} [bypassTuningQue] +,softScenario(0),magicNum(0x3a39e)
06-07 13:18:30.782   336  3394 I IspDrv  : {IspDrv} [bypassTuningQue] p2Cq(0),pre-curWriteIdx(54),next-curWriteIdx(55)
06-07 13:18:30.782   336  3412 I iio/pathp2: [config] +,CamPathPass2:tdri(1),dupCqIdx(0),burstQueIdx(0)
06-07 13:18:30.782   336  3412 I iio/pathp2: [config] cq(8),drvScenario(6),hwScenario(6),sub_mode(0) p2_en(0x18000720),p2_dma(0x00400001),burstQueIdx(0)
06-07 13:18:30.782   336  3412 I iio/ifunc: [_config] [P2]en(0x18000720),EnDma(0x00400001),ctlSel(0x00001648),intEn(0x00000000),fmtSel(0x00000212),cqEn(0x00000001)
06-07 13:18:30.782   336  3412 I iio/ifunc: [_enable] path(16),start(1),isP2IspOnly(0),dupCqIdx(0),burstQueIdx(0),SCEN(6)
06-07 13:18:30.782   336  3412 I MdpMgr  : {MdpMgr} [startMdp] +,cqIndx(8),sceID(6),cqPA(0x1b06480),tpipVa(0xec2a7000),tpipPa(0x1d00000),isWaitBuf(1),venc(0)
06-07 13:18:30.783   336  3412 I MdpMgr  : {MdpMgr} [_startMdp] QQ idx[0]_src_crop(1/1) : X(8),FloatX(0),Y(0),FloatY(0),W(1856),H(1044)
06-07 13:18:30.783   336  3412 I MdpMgr  : {MdpMgr} [_startMdp] index(0),capbility(3),fmt(51644520),rot(0),flip(0),(w,h,s)=(1280,720,1280),C(w,h,s)=(640,360,640),V(w,h,s)=(640,360,640),dpStreamtype(1),mdpindx(0)
06-07 13:18:30.783   336  3412 I MdpMgr  : {MdpMgr} [_startMdp] dstSizeList=(0x   e1000,0x   38400,0x   38400),dstVirList=(0xe32dd000,0xe33be000,0xe33f6400),dstPhyList=(0x 4100000,0x 41e1000,0x 4219400),plane num(2)
06-07 13:18:30.783   336  3447 D MDP     : DpEngine_TDSHP: onConfigFrame in ISP scenario: inParam.inISOSpeed = 0
06-07 13:18:30.784   336  3412 I MdpMgr  : {MdpMgr} [_startMdp] -
06-07 13:18:30.784   336  3410 I iio/ppp : [dequeInBuf] dequeInBuf:tid(3410),dequeCq(9),PortID:(type, index, inout, timeout)=(0, 4, 0, -1)
06-07 13:18:30.784   336  3410 I MdpMgr  : {MdpMgr} [dequeueBuf] +,cqIndx(9),sceID(6),deqIndex(0),isWaitBuf(1)
06-07 13:18:30.784   336  3410 I Iop/P2PPWp.TD: [doDequeue] FmvOut(0x4f00000),dCq(9/1)
06-07 13:18:30.784   483  2623 E AKMD2   : CalcAngularRate:1121 Error.
06-07 13:18:30.784   336  3410 D MtkCam/FeaturePipe: [performCallback] FeatureGraph callback FrameNo(202198)
06-07 13:18:30.784   483  2623 E AKMD2   : MeasureSNGLoop:646 Error.
06-07 13:18:30.784   336  3410 I iio/ifunc: [enqueueHwBuf] pass1d:dma(9),id(0),size(0x1c2000),VA(0xe0fe3000),PA(0x3800000),S/C(0/0),bufidx(1),bImdMode(0)
06-07 13:18:30.784   336  3410 I Iop/P2PPWp.TD: [doDequeue] -,cb(279 us)
06-07 13:18:30.784   336  3410 I Iop/P2PPWp.TD: [dequeueJudgement] +
06-07 13:18:30.784   336  3410 I MdpMgr  : {MdpMgr} [dequeueBuf] +,cqIndx(8),sceID(6),deqIndex(1),isWaitBuf(1)
06-07 13:18:30.792   336  3410 I iio/ppp : [dequeInBuf] dequeInBuf:tid(3410),dequeCq(8),PortID:(type, index, inout, timeout)=(0, 4, 0, -1)
06-07 13:18:30.793   336  3410 I MdpMgr  : {MdpMgr} [dequeueBuf] +,cqIndx(8),sceID(6),deqIndex(0),isWaitBuf(1)
06-07 13:18:30.793   336  3410 I Iop/P2PPWp.TD: [doDequeue] FmvOut(0x4100000),dCq(8/0)
06-07 13:18:30.793   336  3410 D MtkCam/FeaturePipe: [performCallback] FeatureGraph callback FrameNo(238492)
06-07 13:18:30.793   336  3410 I iio/ifunc: [enqueueHwBuf] pass1:dma(4),id(0),size(0x3ba480),VA(0xe22b1000),PA(0x2b00000),S/C(0/0),bufidx(2),bImdMode(0)
06-07 13:18:30.793   336  3410 I Iop/P2PPWp.TD: [doDequeue] -,cb(419 us)
06-07 13:18:30.794  1532  3487 I BufferQueueProducer: [SurfaceTexture-666-1532-0](this:0xf187f400,id:0,api:4,p:336,c:1532) queueBuffer: slot 4 is dropped, handle=0xf4e7ee80
06-07 13:18:30.795   483  2623 D AKMD2   : GetMagneticVector: ST1, HXH&HXL, HYH&HYL, HZH&HZL, ST2, hdata[0].u.x, hdata[0].u.y, hdata[0].u.z, asax, asay, asaz = 1, 85, 108, 157, 0, 1002, 1265, 1790, 23, 22, 18
06-07 13:18:30.804   483  2623 E AKMD2   : CalcAngularRate:1121 Error.
06-07 13:18:30.804   483  2623 E AKMD2   : MeasureSNGLoop:646 Error.
06-07 13:18:30.814   336  3409 I iio/ifunc: [dequeueHwBuf] pass1:i(0),dma(4),id(0x0),size(0x3ba480),xsize(0xe9f),VA(0xe2a27000),PA(0x2300000),crop(0x0,0x0,0xea0,0x414),count(1),cur sof(184),frm_cnt(183),mag(0x3a39d),rawType(0)
06-07 13:18:30.814   336  3409 D NormalPipe: [MyDeQ:0]PortId(13),va=0xe2a27000,BufHeader=0xeb5c5dc0,PixelId=0, MNum=0x3a39d, rrzDstSz=0,0,rrzSrcSz=0,0
06-07 13:18:30.814   336  3409 D aaa_hal_yuv/3Athread: mCmdQ size(0) + cmd(10) magic(238495)
06-07 13:18:30.814   336  3409 D EisHal  : [DoEis]EisIn(1868,1040),P1T(1556,866)
06-07 13:18:30.814   336  3409 D EisHal  : [PrepareEisResult]cmvX(41411),cmvY(29014)
06-07 13:18:30.814   336  3409 D EisHal  : [PrepareEisResult]X(161,1635778560),Y(113,721420288)
06-07 13:18:30.814   336  3394 D aaa_hal_yuv/3Athread: CmdQ-size(1), todo(10, 238495)
06-07 13:18:30.814   336  3409 D EisHal  : [SaveEisResultForP2]too much unused data
06-07 13:18:30.814   336  3409 I iio/ifunc: [waitBufReady] waitBufReady[4]:[1,ffffffff] rtBufCtrl.ctrl(4)/id(4)/ptr(0x0)
06-07 13:18:30.815   336  3412 I Drv/IMem: Drv/IMem[mapPhyAddr] mID(0x115),size(0xe1000),VA(xe11a5000),PA(0x4300000),S/C(0/0)
06-07 13:18:30.815   336  3412 I Drv/IMem: Drv/IMem[mapPhyAddr] mID(0x115),size(0x38400),VA(xe1286000),PA(0x4300000),S/C(0/0)
06-07 13:18:30.815   336  3412 I Drv/IMem: Drv/IMem[mapPhyAddr] mID(0x115),size(0x38400),VA(xe12be400),PA(0x4300000),S/C(0/0)
06-07 13:18:30.815   336  3412 D MtkCam/FeaturePipe: [enqueFeatureGraph] FrameNo(238493)
06-07 13:18:30.815   336  3412 I Iop/P2PPWp: [enque] bufPackageNum(1),misV3(0),magic(1),tuningData(0)
06-07 13:18:30.815   336  3412 I Iop/P2PPWp: [enque] dmaEnPort(0x00008001),featureEntag (0x0),q(0)
06-07 13:18:30.815   336  3412 I iio/ppp : [configPipe] vInPorts:[0]:(0x14),w(1872),h(1044),stride(3744,0,0),type(0),idx(4),dir(0),Size(0x003ba480,0x00000000,0x00000000),VA(0xe2a27000,0x00000000,0x00000000),PA(0x02300000,0x00000000,0x00000000),memID(0xff,0x0,0x0),magicNum(0x3a39d)
06-07 13:18:30.815   336  3394 D aaa_hal_yuv/3Athread: [onThreadLoop] waitVSirq done.
06-07 13:18:30.815   336  3394 D SeninfDrvImp: [getInstance][getInstance] 
06-07 13:18:30.815   336  3394 D SeninfDrvImp: [getInstance][getInstance] 
06-07 13:18:30.815   336  3412 I iio/ppp : [configPipe] [Imgi][crop_1](x,f_x,y,f_y)=(0,0,0,0),(w,h,tarW,tarH)=(1872,1044,1872,1044)-[crop_2](x,f_x,y,f_y)=(8,0,0,0),(w,h,tarW,tarH)=(1856,1044,1856,1044)-[crop_3](x,f_x,y,f_y)=(0,0,0,0),(w,h,tarW,tarH)=(1872,1044,1872,1044),pass2_CQ(8),dupCqIdx(1)
06-07 13:18:30.815   336  3394 D SeninfDrvImp: [getInstance][getInstance] 
06-07 13:18:30.815   336  3412 I iio/ppp : [configPipe] vOutPorts:[0]:(0x32315659),w(1280),h(720),stride(1280,640,640),type(0),idx(31),dir(1),Size(0x000e1000,0x00038400,0x00038400),VA(0xe11a5000,0xe1286000,0xe12be400),PA(0x04300000,0x043e1000,0x04419400),memID(0x115,0x115,0x115)
06-07 13:18:30.815   336  3394 I TuningMgr: [byPassSetting] +,scenario(0),MagicNum(238495)
06-07 13:18:30.815   336  3394 I IspDrv  : {IspDrv} [bypassTuningQue] +,softScenario(0),magicNum(0x3a39f)
06-07 13:18:30.815   336  3412 I iio/ppp : [configPipe] drvScenario(6),mdpCheck1(1),mdpCheck2(0),crop1TableIdx(1)
06-07 13:18:30.815   336  3394 I IspDrv  : {IspDrv} [bypassTuningQue] p2Cq(0),pre-curWriteIdx(55),next-curWriteIdx(56)
06-07 13:18:30.815   336  3412 I iio/ppp : [configPipe] Pass(0),imgi.fmt(0x14),meScenarioID(6),isCropG1En(0),m_CrzEn(0),mdpSrcFmt(0x14),mdp_src(1872,1044,3744,0),en_p2_dma(0x00400001),crop1TableIdx(1),mdpCheck1(1),mdpCheck2(0),drvScenario(6),tcm_en(0x0)
06-07 13:18:30.816   483  2623 D AKMD2   : GetMagneticVector: ST1, HXH&HXL, HYH&HYL, HZH&HZL, ST2, hdata[0].u.x, hdata[0].u.y, hdata[0].u.z, asax, asay, asaz = 1, 83, 111, 157, 0, 979, 1300, 1790, 23, 22, 18
06-07 13:18:30.816   336  3412 I iio/pathp2: [config] +,CamPathPass2:tdri(1),dupCqIdx(1),burstQueIdx(0)
06-07 13:18:30.816   336  3412 I iio/pathp2: [config] cq(8),drvScenario(6),hwScenario(6),sub_mode(0) p2_en(0x18000720),p2_dma(0x00400001),burstQueIdx(0)
06-07 13:18:30.816   336  3412 I iio/ifunc: [_config] [P2]en(0x18000720),EnDma(0x00400001),ctlSel(0x00001648),intEn(0x00000000),fmtSel(0x00000212),cqEn(0x00000001)
06-07 13:18:30.816   336  3412 I iio/ifunc: [_enable] path(16),start(1),isP2IspOnly(0),dupCqIdx(1),burstQueIdx(0),SCEN(6)
06-07 13:18:30.816   336  3412 I MdpMgr  : {MdpMgr} [startMdp] +,cqIndx(8),sceID(6),cqPA(0x1b07110),tpipVa(0xec291000),tpipPa(0x1e00000),isWaitBuf(1),venc(0)
06-07 13:18:30.816   336  3412 I MdpMgr  : {MdpMgr} [_startMdp] QQ idx[0]_src_crop(1/1) : X(8),FloatX(0),Y(0),FloatY(0),W(1856),H(1044)
06-07 13:18:30.816   336  3444 I iio/ifunc: [dequeueHwBuf] pass1d:i(0),dma(9),id(0x0),size(0x1c2000),xsize(0x9ff),VA(0xe0e21000),PA(0x3a00000),crop(0x0,0x0,0xa00,0x2d0),count(1),cur sof(173),frm_cnt(172),mag(0x315d7),rawType(0)
06-07 13:18:30.816   336  3412 I MdpMgr  : {MdpMgr} [_startMdp] index(0),capbility(3),fmt(51644520),rot(0),flip(0),(w,h,s)=(1280,720,1280),C(w,h,s)=(640,360,640),V(w,h,s)=(640,360,640),dpStreamtype(1),mdpindx(0)
06-07 13:18:30.816   336  3444 D aaa_hal_yuv/3Athread: mCmdQ size(0) + cmd(10) magic(202201)
06-07 13:18:30.816   336  3412 I MdpMgr  : {MdpMgr} [_startMdp] dstSizeList=(0x   e1000,0x   38400,0x   38400),dstVirList=(0xe11a5000,0xe1286000,0xe12be400),dstPhyList=(0x 4300000,0x 43e1000,0x 4419400),plane num(2)
06-07 13:18:30.816   336  3310 D aaa_hal_yuv/3Athread: CmdQ-size(1), todo(10, 202201)
06-07 13:18:30.817   336  3444 D EisHal  : [DoEis]mSensorIdx(1) not support EIS
06-07 13:18:30.817   336  3444 I iio/ifunc: [waitBufReady] waitBufReady[9]:[ffffffff,2] rtBufCtrl.ctrl(4)/id(9)/ptr(0x0)
06-07 13:18:30.817   336  3446 I Drv/IMem: Drv/IMem[mapPhyAddr] mID(0x126),size(0xe1000),VA(xe0153000),PA(0x5300000),S/C(0/0)
06-07 13:18:30.817   336  3446 I Drv/IMem: Drv/IMem[mapPhyAddr] mID(0x126),size(0x38400),VA(xe0234000),PA(0x5300000),S/C(0/0)
06-07 13:18:30.817   336  3446 I Drv/IMem: Drv/IMem[mapPhyAddr] mID(0x126),size(0x38400),VA(xe026c400),PA(0x5300000),S/C(0/0)
06-07 13:18:30.817   336  3447 D MDP     : DpEngine_TDSHP: onConfigFrame in ISP scenario: inParam.inISOSpeed = 0
06-07 13:18:30.817   336  3446 D MtkCam/FeaturePipe: [enqueFeatureGraph] FrameNo(202199)
06-07 13:18:30.818   336  3412 I MdpMgr  : {MdpMgr} [_startMdp] -
06-07 13:18:30.818   336  3446 I Iop/P2PPWp: [enque] bufPackageNum(1),misV3(0),magic(1),tuningData(0)
06-07 13:18:30.818   336  3410 I Iop/P2PPWp.TD: [dequeueJudgement] +
06-07 13:18:30.818   336  3446 I Iop/P2PPWp: [enque] dmaEnPort(0x00008001),featureEntag (0x0),q(0)
06-07 13:18:30.818   336  3410 I MdpMgr  : {MdpMgr} [dequeueBuf] +,cqIndx(8),sceID(6),deqIndex(1),isWaitBuf(1)
06-07 13:18:30.818   336  3446 I iio/ppp : [configPipe] vInPorts:[0]:(0x14),w(1280),h(720),stride(2560,0,0),type(0),idx(4),dir(0),Size(0x001c2000,0x00000000,0x00000000),VA(0xe0e21000,0x00000000,0x00000000),PA(0x03a00000,0x00000000,0x00000000),memID(0x118,0x0,0x0),magicNum(0x315d7)
06-07 13:18:30.818   336  3310 D aaa_hal_yuv/3Athread: [onThreadLoop] waitVSirq done.
06-07 13:18:30.818   336  3310 D SeninfDrvImp: [getInstance][getInstance] 
06-07 13:18:30.818   336  3446 I iio/ppp : [configPipe] [Imgi][crop_1](x,f_x,y,f_y)=(0,0,0,0),(w,h,tarW,tarH)=(1280,720,1280,720)-[crop_2](x,f_x,y,f_y)=(0,0,0,0),(w,h,tarW,tarH)=(1280,720,1280,720)-[crop_3](x,f_x,y,f_y)=(0,0,0,0),(w,h,tarW,tarH)=(1280,720,1280,720),pass2_CQ(9),dupCqIdx(0)
06-07 13:18:30.818   336  3310 D SeninfDrvImp: [getInstance][getInstance] 
06-07 13:18:30.818   336  3446 I iio/ppp : [configPipe] vOutPorts:[0]:(0x32315659),w(1280),h(720),stride(1280,640,640),type(0),idx(31),dir(1),Size(0x000e1000,0x00038400,0x00038400),VA(0xe0153000,0xe0234000,0xe026c400),PA(0x05300000,0x053e1000,0x05419400),memID(0x126,0x126,0x126)
06-07 13:18:30.818   336  3310 D SeninfDrvImp: [getInstance][getInstance] 
06-07 13:18:30.818   336  3446 I iio/ppp : [configPipe] drvScenario(6),mdpCheck1(1),mdpCheck2(0),crop1TableIdx(1)
06-07 13:18:30.818   336  3310 I TuningMgr: [byPassSetting] +,scenario(15),MagicNum(202201)
06-07 13:18:30.818   336  3310 I IspDrv  : {IspDrv} [bypassTuningQue] +,softScenario(15),magicNum(0x315d9)
06-07 13:18:30.818   336  3310 I IspDrv  : {IspDrv} [bypassTuningQue] p2Cq(1),pre-curWriteIdx(1),next-curWriteIdx(2)
06-07 13:18:30.818   336  3446 I iio/ppp : [configPipe] Pass(1),imgi.fmt(0x14),meScenarioID(6),isCropG1En(0),m_CrzEn(0),mdpSrcFmt(0x14),mdp_src(1280,720,2560,0),en_p2_dma(0x00400001),crop1TableIdx(1),mdpCheck1(1),mdpCheck2(0),drvScenario(6),tcm_en(0x0)
06-07 13:18:30.818   336  3446 I iio/pathp2: [config] +,CamPathPass2:tdri(1),dupCqIdx(0),burstQueIdx(0)
06-07 13:18:30.818   336  3446 I iio/pathp2: [config] cq(9),drvScenario(6),hwScenario(6),sub_mode(0) p2_en(0x18000720),p2_dma(0x00400001),burstQueIdx(0)
06-07 13:18:30.818   336  3446 I iio/ifunc: [_config] [P2]en(0x18000720),EnDma(0x00400001),ctlSel(0x00001648),intEn(0x00000000),fmtSel(0x00000212),cqEn(0x00000002)
06-07 13:18:30.819   336  3446 I iio/ifunc: [_enable] path(32),start(2),isP2IspOnly(0),dupCqIdx(0),burstQueIdx(0),SCEN(6)
06-07 13:18:30.819   336  3446 I MdpMgr  : {MdpMgr} [startMdp] +,cqIndx(9),sceID(6),cqPA(0x1b068b0),tpipVa(0xec27b000),tpipPa(0x1f00000),isWaitBuf(1),venc(0)
06-07 13:18:30.819   336  3446 I MdpMgr  : {MdpMgr} [_startMdp] QQ idx[0]_src_crop(1/1) : X(0),FloatX(0),Y(0),FloatY(0),W(1280),H(720)
06-07 13:18:30.819   336  3446 I MdpMgr  : {MdpMgr} [_startMdp] index(0),capbility(3),fmt(51644520),rot(0),flip(0),(w,h,s)=(1280,720,1280),C(w,h,s)=(640,360,640),V(w,h,s)=(640,360,640),dpStreamtype(1),mdpindx(0)
06-07 13:18:30.819   336  3446 I MdpMgr  : {MdpMgr} [_startMdp] dstSizeList=(0x   e1000,0x   38400,0x   38400),dstVirList=(0xe0153000,0xe0234000,0xe026c400),dstPhyList=(0x 5300000,0x 53e1000,0x 5419400),plane num(2)
06-07 13:18:30.819   343   375 D PQ      : [PQ_SERIVCE] DISP_IOCTL_PQ_GET_TDSHP_FLAG()... tuning flag[0]
06-07 13:18:30.819   336  3447 D MDP     : [TDSHP][PQDS] DISP_IOCTL_PQ_GET_TDSHP_FLAG()... tuning flag[0]
06-07 13:18:30.820   343   343 D PQ      : [PQ_SERIVCE] PQService : PQScenario = 3, PQMode = 0
06-07 13:18:30.820   336  3447 D MDP     : [TDSHP][PQDS] got sharpness level 0x00000002 
06-07 13:18:30.820   336  3447 D MDP     : DpEngine_TDSHP: onConfigFrame in ISP scenario: inParam.inISOSpeed = 0
06-07 13:18:30.820   336  3446 I MdpMgr  : {MdpMgr} [_startMdp] -
06-07 13:18:30.824   483  2623 E AKMD2   : CalcAngularRate:1121 Error.
06-07 13:18:30.824   483  2623 E AKMD2   : MeasureSNGLoop:646 Error.
06-07 13:18:30.826   336  3410 I iio/ppp : [dequeInBuf] dequeInBuf:tid(3410),dequeCq(8),PortID:(type, index, inout, timeout)=(0, 4, 0, -1)
06-07 13:18:30.826   336  3410 I MdpMgr  : {MdpMgr} [dequeueBuf] +,cqIndx(8),sceID(6),deqIndex(0),isWaitBuf(1)
06-07 13:18:30.827   336  3410 I Iop/P2PPWp.TD: [doDequeue] FmvOut(0x4300000),dCq(8/1)
06-07 13:18:30.827   336  3410 D MtkCam/FeaturePipe: [performCallback] FeatureGraph callback FrameNo(238493)
06-07 13:18:30.827   336  3410 I iio/ifunc: [enqueueHwBuf] pass1:dma(4),id(0),size(0x3ba480),VA(0xe2a27000),PA(0x2300000),S/C(0/0),bufidx(0),bImdMode(0)
06-07 13:18:30.827   336  3410 I Iop/P2PPWp.TD: [doDequeue] -,cb(277 us)
06-07 13:18:30.827   336  3410 I Iop/P2PPWp.TD: [dequeueJudgement] +
06-07 13:18:30.827  1532  1658 I BufferQueueProducer: [SurfaceTexture-666-1532-0](this:0xf187f400,id:0,api:4,p:336,c:1532) queueBuffer: slot 5 is dropped, handle=0xf4e7efc0
06-07 13:18:30.828   336  3410 I MdpMgr  : {MdpMgr} [dequeueBuf] +,cqIndx(9),sceID(6),deqIndex(1),isWaitBuf(1)
06-07 13:18:30.831   336  3410 I iio/ppp : [dequeInBuf] dequeInBuf:tid(3410),dequeCq(9),PortID:(type, index, inout, timeout)=(0, 4, 0, -1)
06-07 13:18:30.831   336  3410 I MdpMgr  : {MdpMgr} [dequeueBuf] +,cqIndx(9),sceID(6),deqIndex(0),isWaitBuf(1)
06-07 13:18:30.831   336  3410 I Iop/P2PPWp.TD: [doDequeue] FmvOut(0x5300000),dCq(9/0)
06-07 13:18:30.831   336  3410 D MtkCam/FeaturePipe: [performCallback] FeatureGraph callback FrameNo(202199)
06-07 13:18:30.831   336  3410 I iio/ifunc: [enqueueHwBuf] pass1d:dma(9),id(0),size(0x1c2000),VA(0xe0e21000),PA(0x3a00000),S/C(0/0),bufidx(2),bImdMode(0)
06-07 13:18:30.831   336  3410 I Iop/P2PPWp.TD: [doDequeue] -,cb(292 us)
06-07 13:18:30.835   483  2623 D AKMD2   : GetMagneticVector: ST1, HXH&HXL, HYH&HYL, HZH&HZL, ST2, hdata[0].u.x, hdata[0].u.y, hdata[0].u.z, asax, asay, asaz = 1, 86, 109, 156, 0, 1014, 1277, 1779, 23, 22, 18
06-07 13:18:30.837   916   938 D ConnectivityService: getActiveNetworkInfo networkInfo = [type: WIFI[], state: CONNECTED/CONNECTED, reason: (unspecified), extra: "AIspeech-Mobile", roaming: false, failover: false, isAvailable: true]
06-07 13:18:30.839   916  1019 D WifiStateMachine:  ConnectedState (when=0 what=131143 arg1=10061 arg2=1863) !CMD_START_SCAN  rt=8507613/8507613 10061 1863 ic=1 proc(ms):1 dur:1294 cnt=449 rssi=-34 f=2412 sc=60 link=65 tx=0.7, 0.0, 0.0  rx=0.3 fiv=341718 [on:0 tx:0 rx:0 period:553] from screen [on:0 period:-659646537]
06-07 13:18:30.840  1792  2165 D SettingsInterface:  from settings cache , name = airplane_mode_on , value = 0
06-07 13:18:30.840   916  1019 D WifiStateMachine:  L2ConnectedState (when=-1ms what=131143 arg1=10061 arg2=1863) !CMD_START_SCAN  rt=8507614/8507614 10061 1863 ic=1 proc(ms):1 dur:1294 cnt=449 rssi=-34 f=2412 sc=60 link=65 tx=0.7, 0.0, 0.0  rx=0.3 fiv=341718 [on:0 tx:0 rx:0 period:1] from screen [on:0 period:-659646536]
06-07 13:18:30.841   916  1019 D WifiStateMachine: CMD_START_SCAN source 10061 txSuccessRate=0.72 rxSuccessRate=0.32 targetRoamBSSID=00:00:00:00:00:00 RSSI=-34
06-07 13:18:30.841   916  1019 D WifiStateMachine:  ConnectModeState (when=-3ms what=131143 arg1=10061 arg2=1863) !CMD_START_SCAN  rt=8507616/8507616 10061 1863 ic=1 proc(ms):3 dur:1294 cnt=449 rssi=-34 f=2412 sc=60 link=65 tx=0.7, 0.0, 0.0  rx=0.3 fiv=341718 [on:0 tx:0 rx:0 period:1] from screen [on:0 period:-659646535]
06-07 13:18:30.842   916  1019 D WifiStateMachine:  DriverStartedState (when=-3ms what=131143 arg1=10061 arg2=1863) !CMD_START_SCAN  rt=8507616/8507616 10061 1863 ic=1 proc(ms):3 dur:1294 cnt=449 rssi=-34 f=2412 sc=60 link=65 tx=0.7, 0.0, 0.0  rx=0.3 fiv=341718 [on:0 tx:0 rx:0 period:1] from screen [on:0 period:-659646534]
06-07 13:18:30.842   916  1019 D WifiStateMachine: stopReconnectWifi Wfd=false StopScan=false mDontReconnectAndScan=false
06-07 13:18:30.842   916  1019 D WifiHW  : enter -->wifi_send_command cmd=IFNAME=wlan0 SCAN TYPE=ONLY
06-07 13:18:30.842  1925  1925 D wpa_supplicant: wlan0: Control interface command 'SCAN TYPE=ONLY'
06-07 13:18:30.842  1925  1925 D wpa_supplicant: hw.num_modes = 2
06-07 13:18:30.842  1925  1925 D wpa_supplicant: wlan0: Setting scan request: 0.000000 sec
06-07 13:18:30.842  1925  1925 D wpa_supplicant: wlan0: Starting AP scan for wildcard SSID
06-07 13:18:30.842  1925  1925 D wpa_supplicant: WPS: Building WPS IE for Probe Request
06-07 13:18:30.842  1925  1925 D wpa_supplicant: WPS:  * Version (hardcoded 0x10)
06-07 13:18:30.843  1925  1925 D wpa_supplicant: WPS:  * Request Type
06-07 13:18:30.843  1925  1925 D wpa_supplicant: WPS:  * Config Methods (4288)
06-07 13:18:30.843  1925  1925 D wpa_supplicant: WPS:  * UUID-E
06-07 13:18:30.843  1925  1925 D wpa_supplicant: WPS:  * Primary Device Type
06-07 13:18:30.843  1925  1925 D wpa_supplicant: WPS:  * RF Bands (1)
06-07 13:18:30.843  1925  1925 D wpa_supplicant: WPS:  * Association State
06-07 13:18:30.843  1925  1925 D wpa_supplicant: WPS:  * Configuration Error (0)
06-07 13:18:30.843  1925  1925 D wpa_supplicant: WPS:  * Device Password ID (0)
06-07 13:18:30.843  1925  1925 D wpa_supplicant: WPS:  * Manufacturer
06-07 13:18:30.843  1925  1925 D wpa_supplicant: WPS:  * Model Name
06-07 13:18:30.843  1925  1925 D wpa_supplicant: WPS:  * Model Number
06-07 13:18:30.843  1925  1925 D wpa_supplicant: WPS:  * Device Name
06-07 13:18:30.843  1925  1925 D wpa_supplicant: WPS:  * Version2 (0x20)
06-07 13:18:30.843  1925  1925 D wpa_supplicant: P2P: * P2P IE header
06-07 13:18:30.843  1925  1925 D wpa_supplicant: P2P: * Capability dev=25 group=00
06-07 13:18:30.843  1925  1925 D wpa_supplicant: P2P: * Listen Channel: Regulatory Class 81 Channel 11
06-07 13:18:30.843  1925  1925 D wpa_supplicant: wlan0: Add radio work 'scan'@0x7fae0dd230
06-07 13:18:30.843  1925  1925 D wpa_supplicant: wlan0: First radio work item in the queue - schedule start immediately
06-07 13:18:30.843  1925  1925 D wpa_supplicant: wlan0: Starting radio work 'scan'@0x7fae0dd230 after 0.000057 second wait
06-07 13:18:30.843  1925  1925 D wpa_supplicant: wlan0: nl80211: scan request
06-07 13:18:30.843  1925  1925 D wpa_supplicant: nl80211: Scan SSID - hexdump(len=0): [NULL]
06-07 13:18:30.843  1925  1925 D wpa_supplicant: nl80211: Scan extra IEs - hexdump(len=182): 7f 04 00 00 0a 02 dd 9b 00 50 f2 04 10 4a 00 01 10 10 3a 00 01 00 10 08 00 02 42 88 10 47 00 10 68 1f 2d 93 75 60 55 d1 ad 12 b7 8f 48 ae fa 8e 10 54 00 08 00 0a 00 50 f2 04 00 05 10 3c 00 01 01 10 02 00 02 00 00 10 09 00 02 00 00 10 12 00 02 00 00 10 21 00 04 61 6c 70 73 10 23 00 0f 61 65 6f 6e 36 37 33 37 74 5f 36 36 5f 6d 30 10 24 00 0f 61 65 6f 6e 36 37 33 37 74 5f 36 36 5f 6d 30 10 11 00 14 66 75 6c 6c 5f 61 65 6f 6e 36 37 33 37 74 5f 36 36 5f 6d 30 10 49 00 06 00 37 2a 00 01 20 dd 11 50 6f 9a 09 02 02 00 25 00 06 05 00 43 4e 04 51 0b
06-07 13:18:30.844  1925  1925 D wpa_supplicant: Scan requested (ret=0) - scan timeout 30 seconds
06-07 13:18:30.844  1925  1925 D wpa_supplicant: nl80211: Event message available
06-07 13:18:30.844  1925  1925 D wpa_supplicant: nl80211: Ignored event (cmd=33) for foreign interface (ifindex 15 wdev 0x0)
06-07 13:18:30.844  1925  1925 D wpa_supplicant: nl80211: Drv Event 33 (NL80211_CMD_TRIGGER_SCAN) received for wlan0
06-07 13:18:30.844  1925  1925 D wpa_supplicant: wlan0: nl80211: Scan trigger
06-07 13:18:30.844   916  1731 D WifiHAL : event received NL80211_CMD_TRIGGER_SCAN
06-07 13:18:30.844  1925  1925 D wpa_supplicant: wlan0: Event SCAN_STARTED (47) received
06-07 13:18:30.844  1925  1925 D wpa_supplicant: wlan0: Own scan request started a scan in 0.000176 seconds
06-07 13:18:30.844  1925  1925 D wpa_supplicant: CTRL_IFACE monitor sent successfully to /data/misc/wifi/sockets/wpa_ctrl_916-2\x00
06-07 13:18:30.845   916  2007 D WifiHW  : [1] get event: IFNAME=wlan0 <3>CTRL-EVENT-SCAN-STARTED 
06-07 13:18:30.846   916  2007 D WifiHW  : [2] get event: IFNAME=wlan0 CTRL-EVENT-SCAN-STARTED 
06-07 13:18:30.846   916  2007 D WifiMonitor: Event [IFNAME=wlan0 CTRL-EVENT-SCAN-STARTED ]
06-07 13:18:30.846   916  2007 E WifiMonitor: handleEvent unknown: 14  CTRL-EVENT-SCAN-STARTED 
06-07 13:18:30.846   916  2007 D WifiHW  : enter -->wifi_wait_on_socket buflen=2048
06-07 13:18:30.847   916  1338 D LocationManagerService: getAllProviders()=[passive, gps, network]
06-07 13:18:30.847   483  2623 E AKMD2   : CalcAngularRate:1121 Error.
06-07 13:18:30.847   483  2623 E AKMD2   : MeasureSNGLoop:646 Error.
06-07 13:18:30.847   916  1338 D ConnectivityService: getActiveNetworkInfo networkInfo = [type: WIFI[], state: CONNECTED/CONNECTED, reason: (unspecified), extra: "AIspeech-Mobile", roaming: false, failover: false, isAvailable: true]
06-07 13:18:30.847   336  3409 I iio/ifunc: [dequeueHwBuf] pass1:i(0),dma(4),id(0x0),size(0x3ba480),xsize(0xe9f),VA(0xe266c000),PA(0x2700000),crop(0x0,0x0,0xea0,0x414),count(1),cur sof(185),frm_cnt(184),mag(0x3a39e),rawType(0)
06-07 13:18:30.847   336  3409 D NormalPipe: [MyDeQ:0]PortId(13),va=0xe266c000,BufHeader=0xeb5c5dc0,PixelId=0, MNum=0x3a39e, rrzDstSz=0,0,rrzSrcSz=0,0
06-07 13:18:30.847   336  3409 D aaa_hal_yuv/3Athread: mCmdQ size(0) + cmd(10) magic(238496)
06-07 13:18:30.847   336  3409 D EisHal  : [DoEis]EisIn(1868,1040),P1T(1556,866)
06-07 13:18:30.848   336  3409 D EisHal  : [PrepareEisResult]cmvX(41411),cmvY(29014)
06-07 13:18:30.848   336  3409 D EisHal  : [PrepareEisResult]X(161,1635778560),Y(113,721420288)
06-07 13:18:30.848   336  3409 D EisHal  : [SaveEisResultForP2]too much unused data
06-07 13:18:30.848   336  3409 I iio/ifunc: [waitBufReady] waitBufReady[4]:[1,ffffffff] rtBufCtrl.ctrl(4)/id(4)/ptr(0x0)
06-07 13:18:30.848   336  3394 D aaa_hal_yuv/3Athread: CmdQ-size(1), todo(10, 238496)
06-07 13:18:30.848  1792  1792 D SettingsInterface:  from settings cache , name = location_providers_allowed , value = gps,network
06-07 13:18:30.848  1792  1792 D SettingsInterface:  from settings cache , name = location_providers_allowed , value = gps,network
06-07 13:18:30.848   336  3394 D aaa_hal_yuv/3Athread: [onThreadLoop] waitVSirq done.
06-07 13:18:30.848   336  3394 D SeninfDrvImp: [getInstance][getInstance] 
06-07 13:18:30.848   336  3394 D SeninfDrvImp: [getInstance][getInstance] 
06-07 13:18:30.849   336  3394 D SeninfDrvImp: [getInstance][getInstance] 
06-07 13:18:30.849   336  3394 I TuningMgr: [byPassSetting] +,scenario(0),MagicNum(238496)
06-07 13:18:30.849   336  3394 I IspDrv  : {IspDrv} [bypassTuningQue] +,softScenario(0),magicNum(0x3a3a0)
06-07 13:18:30.849   336  3394 I IspDrv  : {IspDrv} [bypassTuningQue] p2Cq(0),pre-curWriteIdx(56),next-curWriteIdx(57)
06-07 13:18:30.849  1792  1792 V AIHF-GaoDeLocation: onLocationChanged: start
06-07 13:18:30.849  1792  1792 V AIHF-GaoDeLocation: onLocationChanged : location succeed : aMapLocation :latitude=22.525361#longitude=113.943228#province=#city=#district=#cityCode=0755#adCode=440305#address=63#country=#road=#poiName=#street=#streetNum=63#aoiName=#poiid=#floor=#errorCode=0#errorInfo=success#locationDetail=#csid:efc38ff580cc45238adbf71ed16c3a5d#description=#locationType=2
06-07 13:18:30.850   916  1618 D CSLegacyTypeTracker: getNetworkForType type 0
06-07 13:18:30.850   916  1618 D CSLegacyTypeTracker: getNetworkForType type 1
06-07 13:18:30.850   916  1618 D CSLegacyTypeTracker: getNetworkForType type 2
06-07 13:18:30.850   916   947 D ConnectivityService: getActiveNetworkInfo networkInfo = [type: WIFI[], state: CONNECTED/CONNECTED, reason: (unspecified), extra: "AIspeech-Mobile", roaming: false, failover: false, isAvailable: true]
06-07 13:18:30.852   336  3412 I Drv/IMem: Drv/IMem[mapPhyAddr] mID(0x2b),size(0xe1000),VA(xe3a9e000),PA(0x3000000),S/C(0/0)
06-07 13:18:30.852   336  3412 I Drv/IMem: Drv/IMem[mapPhyAddr] mID(0x2b),size(0x38400),VA(xe3b7f000),PA(0x3000000),S/C(0/0)
06-07 13:18:30.852   336  3412 I Drv/IMem: Drv/IMem[mapPhyAddr] mID(0x2b),size(0x38400),VA(xe3bb7400),PA(0x3000000),S/C(0/0)
06-07 13:18:30.853   231   231 I BufferQueueProducer: [FrameBufferSurface_0](this:0x7f83059000,id:0,api:1,p:231,c:231) queueBuffer: fps=26.49 dur=1057.07 max=58.65 min=17.29
06-07 13:18:30.853   231   231 I SurfaceFlinger: [Built-in Screen (type:0)] fps:26.488396,dur:1057.07,max:58.66,min:17.29
06-07 13:18:30.853   336  3412 D MtkCam/FeaturePipe: [enqueFeatureGraph] FrameNo(238494)
06-07 13:18:30.853   336  3412 I Iop/P2PPWp: [enque] bufPackageNum(1),misV3(0),magic(1),tuningData(0)
06-07 13:18:30.853   336  3412 I Iop/P2PPWp: [enque] dmaEnPort(0x00008001),featureEntag (0x0),q(0)
06-07 13:18:30.855   916  1654 D ConnectivityService: getActiveNetworkInfo networkInfo = [type: WIFI[], state: CONNECTED/CONNECTED, reason: (unspecified), extra: "AIspeech-Mobile", roaming: false, failover: false, isAvailable: true]
06-07 13:18:30.856   336  3444 I iio/ifunc: [dequeueHwBuf] pass1d:i(0),dma(9),id(0x0),size(0x1c2000),xsize(0x9ff),VA(0xe12ff000),PA(0x3400000),crop(0x0,0x0,0xa00,0x2d0),count(1),cur sof(174),frm_cnt(173),mag(0x315d8),rawType(0)
06-07 13:18:30.857   336  3444 D aaa_hal_yuv/3Athread: mCmdQ size(0) + cmd(10) magic(202202)
06-07 13:18:30.857   336  3444 D EisHal  : [DoEis]mSensorIdx(1) not support EIS
06-07 13:18:30.857   336  3444 I iio/ifunc: [waitBufReady] waitBufReady[9]:[ffffffff,2] rtBufCtrl.ctrl(4)/id(9)/ptr(0x0)
06-07 13:18:30.857   336  3310 D aaa_hal_yuv/3Athread: CmdQ-size(1), todo(10, 202202)
06-07 13:18:30.858   336  3310 D aaa_hal_yuv/3Athread: [onThreadLoop] waitVSirq done.
06-07 13:18:30.858   336  3310 D SeninfDrvImp: [getInstance][getInstance] 
06-07 13:18:30.858   916  1618 D CSLegacyTypeTracker: getNetworkForType type 3
06-07 13:18:30.858   336  3310 D SeninfDrvImp: [getInstance][getInstance] 
06-07 13:18:30.858   916  1618 D CSLegacyTypeTracker: getNetworkForType type 4
06-07 13:18:30.858   336  3310 D SeninfDrvImp: [getInstance][getInstance] 
06-07 13:18:30.858   916  1618 D CSLegacyTypeTracker: getNetworkForType type 5
06-07 13:18:30.858   336  3310 I TuningMgr: [byPassSetting] +,scenario(15),MagicNum(202202)
06-07 13:18:30.858   916  1618 D CSLegacyTypeTracker: getNetworkForType type 7
06-07 13:18:30.858   336  3310 I IspDrv  : {IspDrv} [bypassTuningQue] +,softScenario(15),magicNum(0x315da)
06-07 13:18:30.858   916  1618 D CSLegacyTypeTracker: getNetwo